Archive member included to satisfy reference by file (symbol)

c:/st/stm32cubeide_1.5.0/stm32cubeide/plugins/com.st.stm32cube.ide.mcu.externaltools.gnu-tools-for-stm32.9-2020-q2-update.win32_1.5.0.202011040924/tools/bin/../lib/gcc/arm-none-eabi/9.3.1/../../../../arm-none-eabi/lib/thumb/v7e-m+fp/hard\libc_nano.a(lib_a-errno.o)
                              Core/Src/syscalls.o (__errno)
c:/st/stm32cubeide_1.5.0/stm32cubeide/plugins/com.st.stm32cube.ide.mcu.externaltools.gnu-tools-for-stm32.9-2020-q2-update.win32_1.5.0.202011040924/tools/bin/../lib/gcc/arm-none-eabi/9.3.1/../../../../arm-none-eabi/lib/thumb/v7e-m+fp/hard\libc_nano.a(lib_a-exit.o)
                              c:/st/stm32cubeide_1.5.0/stm32cubeide/plugins/com.st.stm32cube.ide.mcu.externaltools.gnu-tools-for-stm32.9-2020-q2-update.win32_1.5.0.202011040924/tools/bin/../lib/gcc/arm-none-eabi/9.3.1/../../../../arm-none-eabi/lib/thumb/v7e-m+fp/hard/crt0.o (exit)
c:/st/stm32cubeide_1.5.0/stm32cubeide/plugins/com.st.stm32cube.ide.mcu.externaltools.gnu-tools-for-stm32.9-2020-q2-update.win32_1.5.0.202011040924/tools/bin/../lib/gcc/arm-none-eabi/9.3.1/../../../../arm-none-eabi/lib/thumb/v7e-m+fp/hard\libc_nano.a(lib_a-impure.o)
                              c:/st/stm32cubeide_1.5.0/stm32cubeide/plugins/com.st.stm32cube.ide.mcu.externaltools.gnu-tools-for-stm32.9-2020-q2-update.win32_1.5.0.202011040924/tools/bin/../lib/gcc/arm-none-eabi/9.3.1/../../../../arm-none-eabi/lib/thumb/v7e-m+fp/hard\libc_nano.a(lib_a-exit.o) (_global_impure_ptr)
c:/st/stm32cubeide_1.5.0/stm32cubeide/plugins/com.st.stm32cube.ide.mcu.externaltools.gnu-tools-for-stm32.9-2020-q2-update.win32_1.5.0.202011040924/tools/bin/../lib/gcc/arm-none-eabi/9.3.1/../../../../arm-none-eabi/lib/thumb/v7e-m+fp/hard\libc_nano.a(lib_a-init.o)
                              c:/st/stm32cubeide_1.5.0/stm32cubeide/plugins/com.st.stm32cube.ide.mcu.externaltools.gnu-tools-for-stm32.9-2020-q2-update.win32_1.5.0.202011040924/tools/bin/../lib/gcc/arm-none-eabi/9.3.1/../../../../arm-none-eabi/lib/thumb/v7e-m+fp/hard/crt0.o (__libc_init_array)
c:/st/stm32cubeide_1.5.0/stm32cubeide/plugins/com.st.stm32cube.ide.mcu.externaltools.gnu-tools-for-stm32.9-2020-q2-update.win32_1.5.0.202011040924/tools/bin/../lib/gcc/arm-none-eabi/9.3.1/../../../../arm-none-eabi/lib/thumb/v7e-m+fp/hard\libc_nano.a(lib_a-memset.o)
                              c:/st/stm32cubeide_1.5.0/stm32cubeide/plugins/com.st.stm32cube.ide.mcu.externaltools.gnu-tools-for-stm32.9-2020-q2-update.win32_1.5.0.202011040924/tools/bin/../lib/gcc/arm-none-eabi/9.3.1/../../../../arm-none-eabi/lib/thumb/v7e-m+fp/hard/crt0.o (memset)
c:/st/stm32cubeide_1.5.0/stm32cubeide/plugins/com.st.stm32cube.ide.mcu.externaltools.gnu-tools-for-stm32.9-2020-q2-update.win32_1.5.0.202011040924/tools/bin/../lib/gcc/arm-none-eabi/9.3.1/../../../../arm-none-eabi/lib/thumb/v7e-m+fp/hard\libc_nano.a(lib_a-printf.o)
                              Core/Src/loopback.o (printf)
c:/st/stm32cubeide_1.5.0/stm32cubeide/plugins/com.st.stm32cube.ide.mcu.externaltools.gnu-tools-for-stm32.9-2020-q2-update.win32_1.5.0.202011040924/tools/bin/../lib/gcc/arm-none-eabi/9.3.1/../../../../arm-none-eabi/lib/thumb/v7e-m+fp/hard\libc_nano.a(lib_a-puts.o)
                              Core/Src/main.o (puts)
c:/st/stm32cubeide_1.5.0/stm32cubeide/plugins/com.st.stm32cube.ide.mcu.externaltools.gnu-tools-for-stm32.9-2020-q2-update.win32_1.5.0.202011040924/tools/bin/../lib/gcc/arm-none-eabi/9.3.1/../../../../arm-none-eabi/lib/thumb/v7e-m+fp/hard\libc_nano.a(lib_a-wbuf.o)
                              c:/st/stm32cubeide_1.5.0/stm32cubeide/plugins/com.st.stm32cube.ide.mcu.externaltools.gnu-tools-for-stm32.9-2020-q2-update.win32_1.5.0.202011040924/tools/bin/../lib/gcc/arm-none-eabi/9.3.1/../../../../arm-none-eabi/lib/thumb/v7e-m+fp/hard\libc_nano.a(lib_a-puts.o) (__swbuf_r)
c:/st/stm32cubeide_1.5.0/stm32cubeide/plugins/com.st.stm32cube.ide.mcu.externaltools.gnu-tools-for-stm32.9-2020-q2-update.win32_1.5.0.202011040924/tools/bin/../lib/gcc/arm-none-eabi/9.3.1/../../../../arm-none-eabi/lib/thumb/v7e-m+fp/hard\libc_nano.a(lib_a-wsetup.o)
                              c:/st/stm32cubeide_1.5.0/stm32cubeide/plugins/com.st.stm32cube.ide.mcu.externaltools.gnu-tools-for-stm32.9-2020-q2-update.win32_1.5.0.202011040924/tools/bin/../lib/gcc/arm-none-eabi/9.3.1/../../../../arm-none-eabi/lib/thumb/v7e-m+fp/hard\libc_nano.a(lib_a-puts.o) (__swsetup_r)
c:/st/stm32cubeide_1.5.0/stm32cubeide/plugins/com.st.stm32cube.ide.mcu.externaltools.gnu-tools-for-stm32.9-2020-q2-update.win32_1.5.0.202011040924/tools/bin/../lib/gcc/arm-none-eabi/9.3.1/../../../../arm-none-eabi/lib/thumb/v7e-m+fp/hard\libc_nano.a(lib_a-fflush.o)
                              c:/st/stm32cubeide_1.5.0/stm32cubeide/plugins/com.st.stm32cube.ide.mcu.externaltools.gnu-tools-for-stm32.9-2020-q2-update.win32_1.5.0.202011040924/tools/bin/../lib/gcc/arm-none-eabi/9.3.1/../../../../arm-none-eabi/lib/thumb/v7e-m+fp/hard\libc_nano.a(lib_a-wbuf.o) (_fflush_r)
[...]
Memory Configuration

Name             Origin             Length             Attributes
CCMRAM           0x0000000010000000 0x0000000000010000 xrw
RAM              0x0000000020000000 0x0000000000030000 xrw
FLASH            0x0000000008000000 0x0000000000100000 xr
*default*        0x0000000000000000 0xffffffffffffffff

Linker script and memory map

LOAD c:/st/stm32cubeide_1.5.0/stm32cubeide/plugins/com.st.stm32cube.ide.mcu.externaltools.gnu-tools-for-stm32.9-2020-q2-update.win32_1.5.0.202011040924/tools/bin/../lib/gcc/arm-none-eabi/9.3.1/thumb/v7e-m+fp/hard/crti.o
LOAD c:/st/stm32cubeide_1.5.0/stm32cubeide/plugins/com.st.stm32cube.ide.mcu.externaltools.gnu-tools-for-stm32.9-2020-q2-update.win32_1.5.0.202011040924/tools/bin/../lib/gcc/arm-none-eabi/9.3.1/thumb/v7e-m+fp/hard/crtbegin.o
LOAD c:/st/stm32cubeide_1.5.0/stm32cubeide/plugins/com.st.stm32cube.ide.mcu.externaltools.gnu-tools-for-stm32.9-2020-q2-update.win32_1.5.0.202011040924/tools/bin/../lib/gcc/arm-none-eabi/9.3.1/../../../../arm-none-eabi/lib/thumb/v7e-m+fp/hard/crt0.o
LOAD Core/Src/dhcp.o
LOAD Core/Src/dma.o
LOAD Core/Src/gpio.o
LOAD Core/Src/loopback.o
LOAD Core/Src/main.o
LOAD Core/Src/socket.o
LOAD Core/Src/spi.o
LOAD Core/Src/stm32f4xx_hal_msp.o
LOAD Core/Src/stm32f4xx_it.o
LOAD Core/Src/syscalls.o
LOAD Core/Src/sysmem.o
LOAD Core/Src/system_stm32f4xx.o
LOAD Core/Src/usart.o
LOAD Core/Src/w5500.o
LOAD Core/Src/wizchip_conf.o
LOAD Core/Startup/startup_stm32f429zgtx.o
LOAD Drivers/STM32F4xx_HAL_Driver/stm32f4xx_hal.o
LOAD Drivers/STM32F4xx_HAL_Driver/stm32f4xx_hal_cortex.o
LOAD Drivers/STM32F4xx_HAL_Driver/stm32f4xx_hal_dma.o
LOAD Drivers/STM32F4xx_HAL_Driver/stm32f4xx_hal_dma_ex.o
LOAD Drivers/STM32F4xx_HAL_Driver/stm32f4xx_hal_exti.o
LOAD Drivers/STM32F4xx_HAL_Driver/stm32f4xx_hal_flash.o
LOAD Drivers/STM32F4xx_HAL_Driver/stm32f4xx_hal_flash_ex.o
LOAD Drivers/STM32F4xx_HAL_Driver/stm32f4xx_hal_flash_ramfunc.o
LOAD Drivers/STM32F4xx_HAL_Driver/stm32f4xx_hal_gpio.o
LOAD Drivers/STM32F4xx_HAL_Driver/stm32f4xx_hal_pwr.o
LOAD Drivers/STM32F4xx_HAL_Driver/stm32f4xx_hal_pwr_ex.o
LOAD Drivers/STM32F4xx_HAL_Driver/stm32f4xx_hal_rcc.o
LOAD Drivers/STM32F4xx_HAL_Driver/stm32f4xx_hal_rcc_ex.o
LOAD Drivers/STM32F4xx_HAL_Driver/stm32f4xx_hal_spi.o
LOAD Drivers/STM32F4xx_HAL_Driver/stm32f4xx_hal_tim.o
LOAD Drivers/STM32F4xx_HAL_Driver/stm32f4xx_hal_tim_ex.o
LOAD Drivers/STM32F4xx_HAL_Driver/stm32f4xx_hal_uart.o
START GROUP
LOAD c:/st/stm32cubeide_1.5.0/stm32cubeide/plugins/com.st.stm32cube.ide.mcu.externaltools.gnu-tools-for-stm32.9-2020-q2-update.win32_1.5.0.202011040924/tools/bin/../lib/gcc/arm-none-eabi/9.3.1/../../../../arm-none-eabi/lib/thumb/v7e-m+fp/hard\libc_nano.a
LOAD c:/st/stm32cubeide_1.5.0/stm32cubeide/plugins/com.st.stm32cube.ide.mcu.externaltools.gnu-tools-for-stm32.9-2020-q2-update.win32_1.5.0.202011040924/tools/bin/../lib/gcc/arm-none-eabi/9.3.1/../../../../arm-none-eabi/lib/thumb/v7e-m+fp/hard\libm.a
END GROUP
START GROUP
LOAD c:/st/stm32cubeide_1.5.0/stm32cubeide/plugins/com.st.stm32cube.ide.mcu.externaltools.gnu-tools-for-stm32.9-2020-q2-update.win32_1.5.0.202011040924/tools/bin/../lib/gcc/arm-none-eabi/9.3.1/thumb/v7e-m+fp/hard\libgcc.a
LOAD c:/st/stm32cubeide_1.5.0/stm32cubeide/plugins/com.st.stm32cube.ide.mcu.externaltools.gnu-tools-for-stm32.9-2020-q2-update.win32_1.5.0.202011040924/tools/bin/../lib/gcc/arm-none-eabi/9.3.1/../../../../arm-none-eabi/lib/thumb/v7e-m+fp/hard\libc_nano.a
END GROUP
START GROUP
LOAD c:/st/stm32cubeide_1.5.0/stm32cubeide/plugins/com.st.stm32cube.ide.mcu.externaltools.gnu-tools-for-stm32.9-2020-q2-update.win32_1.5.0.202011040924/tools/bin/../lib/gcc/arm-none-eabi/9.3.1/thumb/v7e-m+fp/hard\libgcc.a
LOAD c:/st/stm32cubeide_1.5.0/stm32cubeide/plugins/com.st.stm32cube.ide.mcu.externaltools.gnu-tools-for-stm32.9-2020-q2-update.win32_1.5.0.202011040924/tools/bin/../lib/gcc/arm-none-eabi/9.3.1/../../../../arm-none-eabi/lib/thumb/v7e-m+fp/hard\libc_nano.a
LOAD c:/st/stm32cubeide_1.5.0/stm32cubeide/plugins/com.st.stm32cube.ide.mcu.externaltools.gnu-tools-for-stm32.9-2020-q2-update.win32_1.5.0.202011040924/tools/bin/../lib/gcc/arm-none-eabi/9.3.1/../../../../arm-none-eabi/lib/thumb/v7e-m+fp/hard\libnosys.a
END GROUP
START GROUP
LOAD c:/st/stm32cubeide_1.5.0/stm32cubeide/plugins/com.st.stm32cube.ide.mcu.externaltools.gnu-tools-for-stm32.9-2020-q2-update.win32_1.5.0.202011040924/tools/bin/../lib/gcc/arm-none-eabi/9.3.1/thumb/v7e-m+fp/hard\libgcc.a
LOAD c:/st/stm32cubeide_1.5.0/stm32cubeide/plugins/com.st.stm32cube.ide.mcu.externaltools.gnu-tools-for-stm32.9-2020-q2-update.win32_1.5.0.202011040924/tools/bin/../lib/gcc/arm-none-eabi/9.3.1/../../../../arm-none-eabi/lib/thumb/v7e-m+fp/hard\libc_nano.a
LOAD c:/st/stm32cubeide_1.5.0/stm32cubeide/plugins/com.st.stm32cube.ide.mcu.externaltools.gnu-tools-for-stm32.9-2020-q2-update.win32_1.5.0.202011040924/tools/bin/../lib/gcc/arm-none-eabi/9.3.1/../../../../arm-none-eabi/lib/thumb/v7e-m+fp/hard\libnosys.a
END GROUP
LOAD c:/st/stm32cubeide_1.5.0/stm32cubeide/plugins/com.st.stm32cube.ide.mcu.externaltools.gnu-tools-for-stm32.9-2020-q2-update.win32_1.5.0.202011040924/tools/bin/../lib/gcc/arm-none-eabi/9.3.1/thumb/v7e-m+fp/hard/crtend.o
LOAD c:/st/stm32cubeide_1.5.0/stm32cubeide/plugins/com.st.stm32cube.ide.mcu.externaltools.gnu-tools-for-stm32.9-2020-q2-update.win32_1.5.0.202011040924/tools/bin/../lib/gcc/arm-none-eabi/9.3.1/thumb/v7e-m+fp/hard/crtn.o
                0x0000000020030000                _estack = (ORIGIN (RAM) + LENGTH (RAM))
                0x0000000000000200                _Min_Heap_Size = 0x200
                0x0000000000000400                _Min_Stack_Size = 0x400

.isr_vector     0x0000000008000000      0x1ac
                0x0000000008000000                . = ALIGN (0x4)
 *(.isr_vector)
 .isr_vector    0x0000000008000000      0x1ac Core/Startup/startup_stm32f429zgtx.o
                0x0000000008000000                g_pfnVectors
                0x00000000080001ac                . = ALIGN (0x4)

.text           0x00000000080001b0     0x6694
                0x00000000080001b0                . = ALIGN (0x4)
 *(.text)
 .text          0x00000000080001b0       0x40 c:/st/stm32cubeide_1.5.0/stm32cubeide/plugins/com.st.stm32cube.ide.mcu.externaltools.gnu-tools-for-stm32.9-2020-q2-update.win32_1.5.0.202011040924/tools/bin/../lib/gcc/arm-none-eabi/9.3.1/thumb/v7e-m+fp/hard/crtbegin.o
 .text          0x00000000080001f0       0xa0 c:/st/stm32cubeide_1.5.0/stm32cubeide/plugins/com.st.stm32cube.ide.mcu.externaltools.gnu-tools-for-stm32.9-2020-q2-update.win32_1.5.0.202011040924/tools/bin/../lib/gcc/arm-none-eabi/9.3.1/../../../../arm-none-eabi/lib/thumb/v7e-m+fp/hard\libc_nano.a(lib_a-memchr.o)
                0x00000000080001f0                memchr
 .text          0x0000000008000290       0x30 c:/st/stm32cubeide_1.5.0/stm32cubeide/plugins/com.st.stm32cube.ide.mcu.externaltools.gnu-tools-for-stm32.9-2020-q2-update.win32_1.5.0.202011040924/tools/bin/../lib/gcc/arm-none-eabi/9.3.1/thumb/v7e-m+fp/hard\libgcc.a(_aeabi_uldivmod.o)
                0x0000000008000290                __aeabi_uldivmod
 .text          0x00000000080002c0      0x2c4 c:/st/stm32cubeide_1.5.0/stm32cubeide/plugins/com.st.stm32cube.ide.mcu.externaltools.gnu-tools-for-stm32.9-2020-q2-update.win32_1.5.0.202011040924/tools/bin/../lib/gcc/arm-none-eabi/9.3.1/thumb/v7e-m+fp/hard\libgcc.a(_udivmoddi4.o)
                0x00000000080002c0                __udivmoddi4
 .text          0x0000000008000584        0x4 c:/st/stm32cubeide_1.5.0/stm32cubeide/plugins/com.st.stm32cube.ide.mcu.externaltools.gnu-tools-for-stm32.9-2020-q2-update.win32_1.5.0.202011040924/tools/bin/../lib/gcc/arm-none-eabi/9.3.1/thumb/v7e-m+fp/hard\libgcc.a(_dvmd_tls.o)
                0x0000000008000584                __aeabi_idiv0
                0x0000000008000584                __aeabi_ldiv0
 *(.text*)
 .text.MX_DMA_Init
                0x0000000008000588       0xac Core/Src/dma.o
                0x0000000008000588                MX_DMA_Init
 .text.MX_GPIO_Init
                0x0000000008000634      0x114 Core/Src/gpio.o
                0x0000000008000634                MX_GPIO_Init
 .text.loopback_udps
                0x0000000008000748      0x114 Core/Src/loopback.o
                0x0000000008000748                loopback_udps
 .text.__io_putchar
                0x000000000800085c       0x24 Core/Src/main.o
                0x000000000800085c                __io_putchar
 .text.main     0x0000000008000880       0xf4 Core/Src/main.o
                0x0000000008000880                main
 .text.SystemClock_Config
                0x0000000008000974       0xc0 Core/Src/main.o
                0x0000000008000974                SystemClock_Config
 .text.W5500_Select
                0x0000000008000a34       0x18 Core/Src/main.o
                0x0000000008000a34                W5500_Select
 .text.W5500_Unselect
                0x0000000008000a4c       0x18 Core/Src/main.o
                0x0000000008000a4c                W5500_Unselect
 .text.W5500_ReadBuff
                0x0000000008000a64       0x28 Core/Src/main.o
                0x0000000008000a64                W5500_ReadBuff
 .text.W5500_WriteBuff
                0x0000000008000a8c       0x28 Core/Src/main.o
                0x0000000008000a8c                W5500_WriteBuff
 .text.W5500_ReadByte
                0x0000000008000ab4       0x1a Core/Src/main.o
                0x0000000008000ab4                W5500_ReadByte
 .text.W5500_WriteByte
                0x0000000008000ace       0x1c Core/Src/main.o
                0x0000000008000ace                W5500_WriteByte
 *fill*         0x0000000008000aea        0x2 
 .text.network_init
                0x0000000008000aec      0x10c Core/Src/main.o
                0x0000000008000aec                network_init
 .text.Error_Handler
                0x0000000008000bf8        0xa Core/Src/main.o
                0x0000000008000bf8                Error_Handler
 *fill*         0x0000000008000c02        0x2 
 .text.socket   0x0000000008000c04      0x22c Core/Src/socket.o
                0x0000000008000c04                socket
 .text.close    0x0000000008000e30       0xdc Core/Src/socket.o
                0x0000000008000e30                close
 .text.sendto   0x0000000008000f0c      0x26c Core/Src/socket.o
                0x0000000008000f0c                sendto
 .text.recvfrom
                0x0000000008001178      0x3dc Core/Src/socket.o
                0x0000000008001178                recvfrom
 .text.MX_SPI1_Init
                0x0000000008001554       0x64 Core/Src/spi.o
                0x0000000008001554                MX_SPI1_Init
 .text.MX_SPI2_Init
                0x00000000080015b8       0x6c Core/Src/spi.o
                0x00000000080015b8                MX_SPI2_Init
 .text.MX_SPI3_Init
                0x0000000008001624       0x64 Core/Src/spi.o
                0x0000000008001624                MX_SPI3_Init
 .text.MX_SPI4_Init
                0x0000000008001688       0x64 Core/Src/spi.o
                0x0000000008001688                MX_SPI4_Init
 .text.MX_SPI5_Init
                0x00000000080016ec       0x64 Core/Src/spi.o
                0x00000000080016ec                MX_SPI5_Init
 .text.MX_SPI6_Init
                0x0000000008001750       0x64 Core/Src/spi.o
                0x0000000008001750                MX_SPI6_Init
 .text.HAL_SPI_MspInit
                0x00000000080017b4      0x548 Core/Src/spi.o
                0x00000000080017b4                HAL_SPI_MspInit
 .text.HAL_MspInit
                0x0000000008001cfc       0x50 Core/Src/stm32f4xx_hal_msp.o
                0x0000000008001cfc                HAL_MspInit
 .text.NMI_Handler
                0x0000000008001d4c        0x6 Core/Src/stm32f4xx_it.o
                0x0000000008001d4c                NMI_Handler
 .text.HardFault_Handler
                0x0000000008001d52        0x6 Core/Src/stm32f4xx_it.o
                0x0000000008001d52                HardFault_Handler
 .text.MemManage_Handler
                0x0000000008001d58        0x6 Core/Src/stm32f4xx_it.o
                0x0000000008001d58                MemManage_Handler
 .text.BusFault_Handler
                0x0000000008001d5e        0x6 Core/Src/stm32f4xx_it.o
                0x0000000008001d5e                BusFault_Handler
 .text.UsageFault_Handler
                0x0000000008001d64        0x6 Core/Src/stm32f4xx_it.o
                0x0000000008001d64                UsageFault_Handler
 .text.SVC_Handler
                0x0000000008001d6a        0xe Core/Src/stm32f4xx_it.o
                0x0000000008001d6a                SVC_Handler
 .text.DebugMon_Handler
                0x0000000008001d78        0xe Core/Src/stm32f4xx_it.o
                0x0000000008001d78                DebugMon_Handler
 .text.PendSV_Handler
                0x0000000008001d86        0xe Core/Src/stm32f4xx_it.o
                0x0000000008001d86                PendSV_Handler
 .text.SysTick_Handler
                0x0000000008001d94        0xc Core/Src/stm32f4xx_it.o
                0x0000000008001d94                SysTick_Handler
 .text.DMA1_Stream0_IRQHandler
                0x0000000008001da0       0x14 Core/Src/stm32f4xx_it.o
                0x0000000008001da0                DMA1_Stream0_IRQHandler
 .text.DMA1_Stream4_IRQHandler
                0x0000000008001db4       0x14 Core/Src/stm32f4xx_it.o
                0x0000000008001db4                DMA1_Stream4_IRQHandler
 .text.DMA2_Stream0_IRQHandler
                0x0000000008001dc8       0x14 Core/Src/stm32f4xx_it.o
                0x0000000008001dc8                DMA2_Stream0_IRQHandler
 .text.DMA2_Stream3_IRQHandler
                0x0000000008001ddc       0x14 Core/Src/stm32f4xx_it.o
                0x0000000008001ddc                DMA2_Stream3_IRQHandler
 .text.DMA2_Stream5_IRQHandler
                0x0000000008001df0       0x14 Core/Src/stm32f4xx_it.o
                0x0000000008001df0                DMA2_Stream5_IRQHandler
 .text.DMA2_Stream6_IRQHandler
                0x0000000008001e04       0x14 Core/Src/stm32f4xx_it.o
                0x0000000008001e04                DMA2_Stream6_IRQHandler
 .text._read    0x0000000008001e18       0x3a Core/Src/syscalls.o
                0x0000000008001e18                _read
 .text._write   0x0000000008001e52       0x38 Core/Src/syscalls.o
                0x0000000008001e52                _write
 .text._close   0x0000000008001e8a       0x18 Core/Src/syscalls.o
                0x0000000008001e8a                _close
 .text._fstat   0x0000000008001ea2       0x20 Core/Src/syscalls.o
                0x0000000008001ea2                _fstat
 .text._isatty  0x0000000008001ec2       0x16 Core/Src/syscalls.o
                0x0000000008001ec2                _isatty
 .text._lseek   0x0000000008001ed8       0x1a Core/Src/syscalls.o
                0x0000000008001ed8                _lseek
 *fill*         0x0000000008001ef2        0x2 
 .text._sbrk    0x0000000008001ef4       0x6c Core/Src/sysmem.o
                0x0000000008001ef4                _sbrk
 .text.SystemInit
                0x0000000008001f60       0x24 Core/Src/system_stm32f4xx.o
                0x0000000008001f60                SystemInit
 .text.MX_UART4_Init
                0x0000000008001f84       0x54 Core/Src/usart.o
                0x0000000008001f84                MX_UART4_Init
 .text.HAL_UART_MspInit
                0x0000000008001fd8       0x90 Core/Src/usart.o
                0x0000000008001fd8                HAL_UART_MspInit
 .text.WIZCHIP_READ
                0x0000000008002068       0x98 Core/Src/w5500.o
                0x0000000008002068                WIZCHIP_READ
 .text.WIZCHIP_WRITE
                0x0000000008002100       0x9c Core/Src/w5500.o
                0x0000000008002100                WIZCHIP_WRITE
 .text.WIZCHIP_READ_BUF
                0x000000000800219c       0xc0 Core/Src/w5500.o
                0x000000000800219c                WIZCHIP_READ_BUF
 .text.WIZCHIP_WRITE_BUF
                0x000000000800225c       0xc0 Core/Src/w5500.o
                0x000000000800225c                WIZCHIP_WRITE_BUF
 .text.getSn_TX_FSR
                0x000000000800231c       0x96 Core/Src/w5500.o
                0x000000000800231c                getSn_TX_FSR
 .text.getSn_RX_RSR
                0x00000000080023b2       0x96 Core/Src/w5500.o
                0x00000000080023b2                getSn_RX_RSR
 .text.wiz_send_data
                0x0000000008002448       0xb8 Core/Src/w5500.o
                0x0000000008002448                wiz_send_data
 .text.wiz_recv_data
                0x0000000008002500       0xb8 Core/Src/w5500.o
                0x0000000008002500                wiz_recv_data
 .text.wiz_recv_ignore
                0x00000000080025b8       0x90 Core/Src/w5500.o
                0x00000000080025b8                wiz_recv_ignore
 .text.wizchip_cris_enter
                0x0000000008002648        0xe Core/Src/wizchip_conf.o
                0x0000000008002648                wizchip_cris_enter
 .text.wizchip_cris_exit
                0x0000000008002656        0xe Core/Src/wizchip_conf.o
                0x0000000008002656                wizchip_cris_exit
 .text.wizchip_cs_select
                0x0000000008002664        0xe Core/Src/wizchip_conf.o
                0x0000000008002664                wizchip_cs_select
 .text.wizchip_cs_deselect
                0x0000000008002672        0xe Core/Src/wizchip_conf.o
                0x0000000008002672                wizchip_cs_deselect
 .text.wizchip_bus_readdata
                0x0000000008002680       0x1a Core/Src/wizchip_conf.o
                0x0000000008002680                wizchip_bus_readdata
 .text.wizchip_bus_writedata
                0x000000000800269a       0x1e Core/Src/wizchip_conf.o
                0x000000000800269a                wizchip_bus_writedata
 .text.wizchip_spi_readbyte
                0x00000000080026b8       0x10 Core/Src/wizchip_conf.o
                0x00000000080026b8                wizchip_spi_readbyte
 .text.wizchip_spi_writebyte
                0x00000000080026c8       0x16 Core/Src/wizchip_conf.o
                0x00000000080026c8                wizchip_spi_writebyte
 .text.wizchip_spi_readburst
                0x00000000080026de       0x18 Core/Src/wizchip_conf.o
                0x00000000080026de                wizchip_spi_readburst
 .text.wizchip_spi_writeburst
                0x00000000080026f6       0x18 Core/Src/wizchip_conf.o
                0x00000000080026f6                wizchip_spi_writeburst
 *fill*         0x000000000800270e        0x2 
 .text.reg_wizchip_cs_cbfunc
                0x0000000008002710       0x4c Core/Src/wizchip_conf.o
                0x0000000008002710                reg_wizchip_cs_cbfunc
 .text.reg_wizchip_spi_cbfunc
                0x000000000800275c       0x58 Core/Src/wizchip_conf.o
                0x000000000800275c                reg_wizchip_spi_cbfunc
 .text.reg_wizchip_spiburst_cbfunc
                0x00000000080027b4       0x58 Core/Src/wizchip_conf.o
                0x00000000080027b4                reg_wizchip_spiburst_cbfunc
 .text.ctlwizchip
                0x000000000800280c      0x1bc Core/Src/wizchip_conf.o
                0x000000000800280c                ctlwizchip
 .text.ctlnetwork
                0x00000000080029c8       0x7c Core/Src/wizchip_conf.o
                0x00000000080029c8                ctlnetwork
 .text.wizchip_sw_reset
                0x0000000008002a44       0x98 Core/Src/wizchip_conf.o
                0x0000000008002a44                wizchip_sw_reset
 .text.wizchip_init
                0x0000000008002adc      0x118 Core/Src/wizchip_conf.o
                0x0000000008002adc                wizchip_init
 .text.wizchip_clrinterrupt
                0x0000000008002bf4       0x3c Core/Src/wizchip_conf.o
                0x0000000008002bf4                wizchip_clrinterrupt
 .text.wizchip_getinterrupt
                0x0000000008002c30       0x4a Core/Src/wizchip_conf.o
                0x0000000008002c30                wizchip_getinterrupt
 .text.wizchip_setinterruptmask
                0x0000000008002c7a       0x36 Core/Src/wizchip_conf.o
                0x0000000008002c7a                wizchip_setinterruptmask
 .text.wizchip_getinterruptmask
                0x0000000008002cb0       0x46 Core/Src/wizchip_conf.o
                0x0000000008002cb0                wizchip_getinterruptmask
 .text.wizphy_getphylink
                0x0000000008002cf6       0x2c Core/Src/wizchip_conf.o
                0x0000000008002cf6                wizphy_getphylink
 .text.wizphy_getphypmode
                0x0000000008002d22       0x32 Core/Src/wizchip_conf.o
                0x0000000008002d22                wizphy_getphypmode
 .text.wizphy_reset
                0x0000000008002d54       0x4e Core/Src/wizchip_conf.o
                0x0000000008002d54                wizphy_reset
 .text.wizphy_setphyconf
                0x0000000008002da2       0x84 Core/Src/wizchip_conf.o
                0x0000000008002da2                wizphy_setphyconf
 .text.wizphy_getphyconf
                0x0000000008002e26       0xd2 Core/Src/wizchip_conf.o
                0x0000000008002e26                wizphy_getphyconf
 .text.wizphy_setphypmode
                0x0000000008002ef8       0x94 Core/Src/wizchip_conf.o
                0x0000000008002ef8                wizphy_setphypmode
 .text.wizchip_setnetinfo
                0x0000000008002f8c       0x80 Core/Src/wizchip_conf.o
                0x0000000008002f8c                wizchip_setnetinfo
 .text.wizchip_getnetinfo
                0x000000000800300c       0x80 Core/Src/wizchip_conf.o
                0x000000000800300c                wizchip_getnetinfo
 .text.wizchip_setnetmode
                0x000000000800308c       0x44 Core/Src/wizchip_conf.o
                0x000000000800308c                wizchip_setnetmode
 .text.wizchip_getnetmode
                0x00000000080030d0       0x10 Core/Src/wizchip_conf.o
                0x00000000080030d0                wizchip_getnetmode
 .text.wizchip_settimeout
                0x00000000080030e0       0x42 Core/Src/wizchip_conf.o
                0x00000000080030e0                wizchip_settimeout
 .text.wizchip_gettimeout
                0x0000000008003122       0x44 Core/Src/wizchip_conf.o
                0x0000000008003122                wizchip_gettimeout
 *fill*         0x0000000008003166        0x2 
 .text.Reset_Handler
                0x0000000008003168       0x50 Core/Startup/startup_stm32f429zgtx.o
                0x0000000008003168                Reset_Handler
 .text.Default_Handler
                0x00000000080031b8        0x2 Core/Startup/startup_stm32f429zgtx.o
                0x00000000080031b8                RTC_Alarm_IRQHandler
                0x00000000080031b8                HASH_RNG_IRQHandler
                0x00000000080031b8                EXTI2_IRQHandler
                0x00000000080031b8                TIM8_CC_IRQHandler
                0x00000000080031b8                UART8_IRQHandler
                0x00000000080031b8                SPI4_IRQHandler
                0x00000000080031b8                TIM1_CC_IRQHandler
                0x00000000080031b8                DMA1_Stream5_IRQHandler
                0x00000000080031b8                PVD_IRQHandler
                0x00000000080031b8                SDIO_IRQHandler
                0x00000000080031b8                TAMP_STAMP_IRQHandler
                0x00000000080031b8                CAN2_RX1_IRQHandler
                0x00000000080031b8                EXTI3_IRQHandler
                0x00000000080031b8                TIM8_TRG_COM_TIM14_IRQHandler
                0x00000000080031b8                TIM1_UP_TIM10_IRQHandler
                0x00000000080031b8                TIM8_UP_TIM13_IRQHandler
                0x00000000080031b8                I2C3_ER_IRQHandler
                0x00000000080031b8                EXTI0_IRQHandler
                0x00000000080031b8                I2C2_EV_IRQHandler
                0x00000000080031b8                DMA1_Stream2_IRQHandler
                0x00000000080031b8                CAN1_RX0_IRQHandler
                0x00000000080031b8                FPU_IRQHandler
                0x00000000080031b8                OTG_HS_WKUP_IRQHandler
                0x00000000080031b8                LTDC_ER_IRQHandler
                0x00000000080031b8                CAN2_SCE_IRQHandler
                0x00000000080031b8                DMA2_Stream2_IRQHandler
                0x00000000080031b8                SPI1_IRQHandler
                0x00000000080031b8                TIM6_DAC_IRQHandler
                0x00000000080031b8                TIM1_BRK_TIM9_IRQHandler
                0x00000000080031b8                DCMI_IRQHandler
                0x00000000080031b8                CAN2_RX0_IRQHandler
                0x00000000080031b8                USART6_IRQHandler
                0x00000000080031b8                USART3_IRQHandler
                0x00000000080031b8                CAN1_RX1_IRQHandler
                0x00000000080031b8                UART5_IRQHandler
                0x00000000080031b8                TIM4_IRQHandler
                0x00000000080031b8                I2C1_EV_IRQHandler
                0x00000000080031b8                DMA1_Stream6_IRQHandler
                0x00000000080031b8                DMA1_Stream1_IRQHandler
                0x00000000080031b8                UART4_IRQHandler
                0x00000000080031b8                TIM3_IRQHandler
                0x00000000080031b8                RCC_IRQHandler
                0x00000000080031b8                TIM8_BRK_TIM12_IRQHandler
                0x00000000080031b8                Default_Handler
                0x00000000080031b8                EXTI15_10_IRQHandler
                0x00000000080031b8                ADC_IRQHandler
                0x00000000080031b8                DMA1_Stream7_IRQHandler
                0x00000000080031b8                SPI5_IRQHandler
                0x00000000080031b8                TIM7_IRQHandler
                0x00000000080031b8                CAN2_TX_IRQHandler
                0x00000000080031b8                TIM5_IRQHandler
                0x00000000080031b8                DMA2_Stream7_IRQHandler
                0x00000000080031b8                I2C3_EV_IRQHandler
                0x00000000080031b8                EXTI9_5_IRQHandler
                0x00000000080031b8                RTC_WKUP_IRQHandler
                0x00000000080031b8                LTDC_IRQHandler
                0x00000000080031b8                ETH_WKUP_IRQHandler
                0x00000000080031b8                SPI2_IRQHandler
                0x00000000080031b8                OTG_HS_EP1_IN_IRQHandler
                0x00000000080031b8                CAN1_TX_IRQHandler
                0x00000000080031b8                EXTI4_IRQHandler
                0x00000000080031b8                ETH_IRQHandler
                0x00000000080031b8                OTG_HS_EP1_OUT_IRQHandler
                0x00000000080031b8                WWDG_IRQHandler
                0x00000000080031b8                SPI6_IRQHandler
                0x00000000080031b8                TIM2_IRQHandler
                0x00000000080031b8                OTG_FS_WKUP_IRQHandler
                0x00000000080031b8                TIM1_TRG_COM_TIM11_IRQHandler
                0x00000000080031b8                OTG_HS_IRQHandler
                0x00000000080031b8                DMA2D_IRQHandler
                0x00000000080031b8                EXTI1_IRQHandler
                0x00000000080031b8                UART7_IRQHandler
                0x00000000080031b8                USART2_IRQHandler
                0x00000000080031b8                I2C2_ER_IRQHandler
                0x00000000080031b8                DMA2_Stream1_IRQHandler
                0x00000000080031b8                CAN1_SCE_IRQHandler
                0x00000000080031b8                FLASH_IRQHandler
                0x00000000080031b8                DMA2_Stream4_IRQHandler
                0x00000000080031b8                USART1_IRQHandler
                0x00000000080031b8                OTG_FS_IRQHandler
                0x00000000080031b8                SPI3_IRQHandler
                0x00000000080031b8                I2C1_ER_IRQHandler
                0x00000000080031b8                FMC_IRQHandler
                0x00000000080031b8                SAI1_IRQHandler
                0x00000000080031b8                DMA1_Stream3_IRQHandler
 *fill*         0x00000000080031ba        0x2 
 .text.HAL_Init
                0x00000000080031bc       0x44 Drivers/STM32F4xx_HAL_Driver/stm32f4xx_hal.o
                0x00000000080031bc                HAL_Init
 .text.HAL_InitTick
                0x0000000008003200       0x60 Drivers/STM32F4xx_HAL_Driver/stm32f4xx_hal.o
                0x0000000008003200                HAL_InitTick
 .text.HAL_IncTick
                0x0000000008003260       0x28 Drivers/STM32F4xx_HAL_Driver/stm32f4xx_hal.o
                0x0000000008003260                HAL_IncTick
 .text.HAL_GetTick
                0x0000000008003288       0x18 Drivers/STM32F4xx_HAL_Driver/stm32f4xx_hal.o
                0x0000000008003288                HAL_GetTick
 .text.HAL_Delay
                0x00000000080032a0       0x48 Drivers/STM32F4xx_HAL_Driver/stm32f4xx_hal.o
                0x00000000080032a0                HAL_Delay
 .text.__NVIC_SetPriorityGrouping
                0x00000000080032e8       0x48 Drivers/STM32F4xx_HAL_Driver/stm32f4xx_hal_cortex.o
 .text.__NVIC_GetPriorityGrouping
                0x0000000008003330       0x1c Drivers/STM32F4xx_HAL_Driver/stm32f4xx_hal_cortex.o
 .text.__NVIC_EnableIRQ
                0x000000000800334c       0x3c Drivers/STM32F4xx_HAL_Driver/stm32f4xx_hal_cortex.o
 .text.__NVIC_SetPriority
                0x0000000008003388       0x54 Drivers/STM32F4xx_HAL_Driver/stm32f4xx_hal_cortex.o
 .text.NVIC_EncodePriority
                0x00000000080033dc       0x66 Drivers/STM32F4xx_HAL_Driver/stm32f4xx_hal_cortex.o
 *fill*         0x0000000008003442        0x2 
 .text.SysTick_Config
                0x0000000008003444       0x44 Drivers/STM32F4xx_HAL_Driver/stm32f4xx_hal_cortex.o
 .text.HAL_NVIC_SetPriorityGrouping
                0x0000000008003488       0x16 Drivers/STM32F4xx_HAL_Driver/stm32f4xx_hal_cortex.o
                0x0000000008003488                HAL_NVIC_SetPriorityGrouping
 .text.HAL_NVIC_SetPriority
                0x000000000800349e       0x38 Drivers/STM32F4xx_HAL_Driver/stm32f4xx_hal_cortex.o
                0x000000000800349e                HAL_NVIC_SetPriority
 .text.HAL_NVIC_EnableIRQ
                0x00000000080034d6       0x1c Drivers/STM32F4xx_HAL_Driver/stm32f4xx_hal_cortex.o
                0x00000000080034d6                HAL_NVIC_EnableIRQ
 .text.HAL_SYSTICK_Config
                0x00000000080034f2       0x18 Drivers/STM32F4xx_HAL_Driver/stm32f4xx_hal_cortex.o
                0x00000000080034f2                HAL_SYSTICK_Config
 *fill*         0x000000000800350a        0x2 
 .text.HAL_DMA_Init
                0x000000000800350c      0x15c Drivers/STM32F4xx_HAL_Driver/stm32f4xx_hal_dma.o
                0x000000000800350c                HAL_DMA_Init
 .text.HAL_DMA_IRQHandler
                0x0000000008003668      0x314 Drivers/STM32F4xx_HAL_Driver/stm32f4xx_hal_dma.o
                0x0000000008003668                HAL_DMA_IRQHandler
 .text.DMA_CalcBaseAndBitshift
                0x000000000800397c       0x6c Drivers/STM32F4xx_HAL_Driver/stm32f4xx_hal_dma.o
 .text.DMA_CheckFifoParam
                0x00000000080039e8       0xf8 Drivers/STM32F4xx_HAL_Driver/stm32f4xx_hal_dma.o
 .text.HAL_GPIO_Init
                0x0000000008003ae0      0x358 Drivers/STM32F4xx_HAL_Driver/stm32f4xx_hal_gpio.o
                0x0000000008003ae0                HAL_GPIO_Init
 .text.HAL_GPIO_WritePin
                0x0000000008003e38       0x32 Drivers/STM32F4xx_HAL_Driver/stm32f4xx_hal_gpio.o
                0x0000000008003e38                HAL_GPIO_WritePin
 *fill*         0x0000000008003e6a        0x2 
 .text.HAL_RCC_OscConfig
                0x0000000008003e6c      0x4f0 Drivers/STM32F4xx_HAL_Driver/stm32f4xx_hal_rcc.o
                0x0000000008003e6c                HAL_RCC_OscConfig
 .text.HAL_RCC_ClockConfig
                0x000000000800435c      0x1cc Drivers/STM32F4xx_HAL_Driver/stm32f4xx_hal_rcc.o
                0x000000000800435c                HAL_RCC_ClockConfig
 .text.HAL_RCC_GetSysClockFreq
                0x0000000008004528      0x16c Drivers/STM32F4xx_HAL_Driver/stm32f4xx_hal_rcc.o
                0x0000000008004528                HAL_RCC_GetSysClockFreq
 .text.HAL_RCC_GetHCLKFreq
                0x0000000008004694       0x18 Drivers/STM32F4xx_HAL_Driver/stm32f4xx_hal_rcc.o
                0x0000000008004694                HAL_RCC_GetHCLKFreq
 .text.HAL_RCC_GetPCLK1Freq
                0x00000000080046ac       0x28 Drivers/STM32F4xx_HAL_Driver/stm32f4xx_hal_rcc.o
                0x00000000080046ac                HAL_RCC_GetPCLK1Freq
 .text.HAL_RCC_GetPCLK2Freq
                0x00000000080046d4       0x28 Drivers/STM32F4xx_HAL_Driver/stm32f4xx_hal_rcc.o
                0x00000000080046d4                HAL_RCC_GetPCLK2Freq
 .text.HAL_SPI_Init
                0x00000000080046fc      0x112 Drivers/STM32F4xx_HAL_Driver/stm32f4xx_hal_spi.o
                0x00000000080046fc                HAL_SPI_Init
 .text.HAL_SPI_Transmit
                0x000000000800480e      0x278 Drivers/STM32F4xx_HAL_Driver/stm32f4xx_hal_spi.o
                0x000000000800480e                HAL_SPI_Transmit
 .text.HAL_SPI_Receive
                0x0000000008004a86      0x222 Drivers/STM32F4xx_HAL_Driver/stm32f4xx_hal_spi.o
                0x0000000008004a86                HAL_SPI_Receive
 .text.HAL_SPI_TransmitReceive
                0x0000000008004ca8      0x344 Drivers/STM32F4xx_HAL_Driver/stm32f4xx_hal_spi.o
                0x0000000008004ca8                HAL_SPI_TransmitReceive
 .text.SPI_WaitFlagStateUntilTimeout
                0x0000000008004fec      0x110 Drivers/STM32F4xx_HAL_Driver/stm32f4xx_hal_spi.o
 .text.SPI_EndRxTransaction
                0x00000000080050fc       0xca Drivers/STM32F4xx_HAL_Driver/stm32f4xx_hal_spi.o
 *fill*         0x00000000080051c6        0x2 
 .text.SPI_EndRxTxTransaction
                0x00000000080051c8       0x84 Drivers/STM32F4xx_HAL_Driver/stm32f4xx_hal_spi.o
 .text.HAL_UART_Init
                0x000000000800524c       0x9a Drivers/STM32F4xx_HAL_Driver/stm32f4xx_hal_uart.o
                0x000000000800524c                HAL_UART_Init
 .text.HAL_UART_Transmit
                0x00000000080052e6      0x124 Drivers/STM32F4xx_HAL_Driver/stm32f4xx_hal_uart.o
                0x00000000080052e6                HAL_UART_Transmit
 .text.UART_WaitOnFlagUntilTimeout
                0x000000000800540a       0x94 Drivers/STM32F4xx_HAL_Driver/stm32f4xx_hal_uart.o
 *fill*         0x000000000800549e        0x2 
 .text.UART_SetConfig
                0x00000000080054a0      0x390 Drivers/STM32F4xx_HAL_Driver/stm32f4xx_hal_uart.o
 .text.__errno  0x0000000008005830        0xc c:/st/stm32cubeide_1.5.0/stm32cubeide/plugins/com.st.stm32cube.ide.mcu.externaltools.gnu-tools-for-stm32.9-2020-q2-update.win32_1.5.0.202011040924/tools/bin/../lib/gcc/arm-none-eabi/9.3.1/../../../../arm-none-eabi/lib/thumb/v7e-m+fp/hard\libc_nano.a(lib_a-errno.o)
                0x0000000008005830                __errno
 .text.__libc_init_array
                0x000000000800583c       0x48 c:/st/stm32cubeide_1.5.0/stm32cubeide/plugins/com.st.stm32cube.ide.mcu.externaltools.gnu-tools-for-stm32.9-2020-q2-update.win32_1.5.0.202011040924/tools/bin/../lib/gcc/arm-none-eabi/9.3.1/../../../../arm-none-eabi/lib/thumb/v7e-m+fp/hard\libc_nano.a(lib_a-init.o)
                0x000000000800583c                __libc_init_array
 .text.memset   0x0000000008005884       0x10 c:/st/stm32cubeide_1.5.0/stm32cubeide/plugins/com.st.stm32cube.ide.mcu.externaltools.gnu-tools-for-stm32.9-2020-q2-update.win32_1.5.0.202011040924/tools/bin/../lib/gcc/arm-none-eabi/9.3.1/../../../../arm-none-eabi/lib/thumb/v7e-m+fp/hard\libc_nano.a(lib_a-memset.o)
                0x0000000008005884                memset
 .text.printf   0x0000000008005894       0x30 c:/st/stm32cubeide_1.5.0/stm32cubeide/plugins/com.st.stm32cube.ide.mcu.externaltools.gnu-tools-for-stm32.9-2020-q2-update.win32_1.5.0.202011040924/tools/bin/../lib/gcc/arm-none-eabi/9.3.1/../../../../arm-none-eabi/lib/thumb/v7e-m+fp/hard\libc_nano.a(lib_a-printf.o)
                0x0000000008005894                iprintf
                0x0000000008005894                printf
 .text._puts_r  0x00000000080058c4       0xdc c:/st/stm32cubeide_1.5.0/stm32cubeide/plugins/com.st.stm32cube.ide.mcu.externaltools.gnu-tools-for-stm32.9-2020-q2-update.win32_1.5.0.202011040924/tools/bin/../lib/gcc/arm-none-eabi/9.3.1/../../../../arm-none-eabi/lib/thumb/v7e-m+fp/hard\libc_nano.a(lib_a-puts.o)
                0x00000000080058c4                _puts_r
 .text.puts     0x00000000080059a0       0x10 c:/st/stm32cubeide_1.5.0/stm32cubeide/plugins/com.st.stm32cube.ide.mcu.externaltools.gnu-tools-for-stm32.9-2020-q2-update.win32_1.5.0.202011040924/tools/bin/../lib/gcc/arm-none-eabi/9.3.1/../../../../arm-none-eabi/lib/thumb/v7e-m+fp/hard\libc_nano.a(lib_a-puts.o)
                0x00000000080059a0                puts
 .text.__swbuf_r
                0x00000000080059b0       0xa4 c:/st/stm32cubeide_1.5.0/stm32cubeide/plugins/com.st.stm32cube.ide.mcu.externaltools.gnu-tools-for-stm32.9-2020-q2-update.win32_1.5.0.202011040924/tools/bin/../lib/gcc/arm-none-eabi/9.3.1/../../../../arm-none-eabi/lib/thumb/v7e-m+fp/hard\libc_nano.a(lib_a-wbuf.o)
                0x00000000080059b0                __swbuf_r
 .text.__swsetup_r
                0x0000000008005a54       0xdc c:/st/stm32cubeide_1.5.0/stm32cubeide/plugins/com.st.stm32cube.ide.mcu.externaltools.gnu-tools-for-stm32.9-2020-q2-update.win32_1.5.0.202011040924/tools/bin/../lib/gcc/arm-none-eabi/9.3.1/../../../../arm-none-eabi/lib/thumb/v7e-m+fp/hard\libc_nano.a(lib_a-wsetup.o)
                0x0000000008005a54                __swsetup_r
 .text.__sflush_r
                0x0000000008005b30      0x10c c:/st/stm32cubeide_1.5.0/stm32cubeide/plugins/com.st.stm32cube.ide.mcu.externaltools.gnu-tools-for-stm32.9-2020-q2-update.win32_1.5.0.202011040924/tools/bin/../lib/gcc/arm-none-eabi/9.3.1/../../../../arm-none-eabi/lib/thumb/v7e-m+fp/hard\libc_nano.a(lib_a-fflush.o)
                0x0000000008005b30                __sflush_r
 .text._fflush_r
                0x0000000008005c3c       0x78 c:/st/stm32cubeide_1.5.0/stm32cubeide/plugins/com.st.stm32cube.ide.mcu.externaltools.gnu-tools-for-stm32.9-2020-q2-update.win32_1.5.0.202011040924/tools/bin/../lib/gcc/arm-none-eabi/9.3.1/../../../../arm-none-eabi/lib/thumb/v7e-m+fp/hard\libc_nano.a(lib_a-fflush.o)
                0x0000000008005c3c                _fflush_r
 .text.std      0x0000000008005cb4       0x48 c:/st/stm32cubeide_1.5.0/stm32cubeide/plugins/com.st.stm32cube.ide.mcu.externaltools.gnu-tools-for-stm32.9-2020-q2-update.win32_1.5.0.202011040924/tools/bin/../lib/gcc/arm-none-eabi/9.3.1/../../../../arm-none-eabi/lib/thumb/v7e-m+fp/hard\libc_nano.a(lib_a-findfp.o)
 .text._cleanup_r
                0x0000000008005cfc        0xc c:/st/stm32cubeide_1.5.0/stm32cubeide/plugins/com.st.stm32cube.ide.mcu.externaltools.gnu-tools-for-stm32.9-2020-q2-update.win32_1.5.0.202011040924/tools/bin/../lib/gcc/arm-none-eabi/9.3.1/../../../../arm-none-eabi/lib/thumb/v7e-m+fp/hard\libc_nano.a(lib_a-findfp.o)
                0x0000000008005cfc                _cleanup_r
 .text.__sfmoreglue
                0x0000000008005d08       0x2c c:/st/stm32cubeide_1.5.0/stm32cubeide/plugins/com.st.stm32cube.ide.mcu.externaltools.gnu-tools-for-stm32.9-2020-q2-update.win32_1.5.0.202011040924/tools/bin/../lib/gcc/arm-none-eabi/9.3.1/../../../../arm-none-eabi/lib/thumb/v7e-m+fp/hard\libc_nano.a(lib_a-findfp.o)
                0x0000000008005d08                __sfmoreglue
 .text.__sfp_lock_acquire
                0x0000000008005d34        0xc c:/st/stm32cubeide_1.5.0/stm32cubeide/plugins/com.st.stm32cube.ide.mcu.externaltools.gnu-tools-for-stm32.9-2020-q2-update.win32_1.5.0.202011040924/tools/bin/../lib/gcc/arm-none-eabi/9.3.1/../../../../arm-none-eabi/lib/thumb/v7e-m+fp/hard\libc_nano.a(lib_a-findfp.o)
                0x0000000008005d34                __sfp_lock_acquire
 .text.__sfp_lock_release
                0x0000000008005d40        0xc c:/st/stm32cubeide_1.5.0/stm32cubeide/plugins/com.st.stm32cube.ide.mcu.externaltools.gnu-tools-for-stm32.9-2020-q2-update.win32_1.5.0.202011040924/tools/bin/../lib/gcc/arm-none-eabi/9.3.1/../../../../arm-none-eabi/lib/thumb/v7e-m+fp/hard\libc_nano.a(lib_a-findfp.o)
                0x0000000008005d40                __sfp_lock_release
 .text.__sinit_lock_acquire
                0x0000000008005d4c        0xc c:/st/stm32cubeide_1.5.0/stm32cubeide/plugins/com.st.stm32cube.ide.mcu.externaltools.gnu-tools-for-stm32.9-2020-q2-update.win32_1.5.0.202011040924/tools/bin/../lib/gcc/arm-none-eabi/9.3.1/../../../../arm-none-eabi/lib/thumb/v7e-m+fp/hard\libc_nano.a(lib_a-findfp.o)
                0x0000000008005d4c                __sinit_lock_acquire
 .text.__sinit_lock_release
                0x0000000008005d58        0xc c:/st/stm32cubeide_1.5.0/stm32cubeide/plugins/com.st.stm32cube.ide.mcu.externaltools.gnu-tools-for-stm32.9-2020-q2-update.win32_1.5.0.202011040924/tools/bin/../lib/gcc/arm-none-eabi/9.3.1/../../../../arm-none-eabi/lib/thumb/v7e-m+fp/hard\libc_nano.a(lib_a-findfp.o)
                0x0000000008005d58                __sinit_lock_release
 .text.__sinit  0x0000000008005d64       0x70 c:/st/stm32cubeide_1.5.0/stm32cubeide/plugins/com.st.stm32cube.ide.mcu.externaltools.gnu-tools-for-stm32.9-2020-q2-update.win32_1.5.0.202011040924/tools/bin/../lib/gcc/arm-none-eabi/9.3.1/../../../../arm-none-eabi/lib/thumb/v7e-m+fp/hard\libc_nano.a(lib_a-findfp.o)
                0x0000000008005d64                __sinit
 .text.__sfp    0x0000000008005dd4       0x8c c:/st/stm32cubeide_1.5.0/stm32cubeide/plugins/com.st.stm32cube.ide.mcu.externaltools.gnu-tools-for-stm32.9-2020-q2-update.win32_1.5.0.202011040924/tools/bin/../lib/gcc/arm-none-eabi/9.3.1/../../../../arm-none-eabi/lib/thumb/v7e-m+fp/hard\libc_nano.a(lib_a-findfp.o)
                0x0000000008005dd4                __sfp
 .text._fwalk_reent
                0x0000000008005e60       0x3e c:/st/stm32cubeide_1.5.0/stm32cubeide/plugins/com.st.stm32cube.ide.mcu.externaltools.gnu-tools-for-stm32.9-2020-q2-update.win32_1.5.0.202011040924/tools/bin/../lib/gcc/arm-none-eabi/9.3.1/../../../../arm-none-eabi/lib/thumb/v7e-m+fp/hard\libc_nano.a(lib_a-fwalk.o)
                0x0000000008005e60                _fwalk_reent
 .text.__retarget_lock_init_recursive
                0x0000000008005e9e        0x2 c:/st/stm32cubeide_1.5.0/stm32cubeide/plugins/com.st.stm32cube.ide.mcu.externaltools.gnu-tools-for-stm32.9-2020-q2-update.win32_1.5.0.202011040924/tools/bin/../lib/gcc/arm-none-eabi/9.3.1/../../../../arm-none-eabi/lib/thumb/v7e-m+fp/hard\libc_nano.a(lib_a-lock.o)
                0x0000000008005e9e                __retarget_lock_init_recursive
 .text.__retarget_lock_acquire_recursive
                0x0000000008005ea0        0x2 c:/st/stm32cubeide_1.5.0/stm32cubeide/plugins/com.st.stm32cube.ide.mcu.externaltools.gnu-tools-for-stm32.9-2020-q2-update.win32_1.5.0.202011040924/tools/bin/../lib/gcc/arm-none-eabi/9.3.1/../../../../arm-none-eabi/lib/thumb/v7e-m+fp/hard\libc_nano.a(lib_a-lock.o)
                0x0000000008005ea0                __retarget_lock_acquire_recursive
 .text.__retarget_lock_release_recursive
                0x0000000008005ea2        0x2 c:/st/stm32cubeide_1.5.0/stm32cubeide/plugins/com.st.stm32cube.ide.mcu.externaltools.gnu-tools-for-stm32.9-2020-q2-update.win32_1.5.0.202011040924/tools/bin/../lib/gcc/arm-none-eabi/9.3.1/../../../../arm-none-eabi/lib/thumb/v7e-m+fp/hard\libc_nano.a(lib_a-lock.o)
                0x0000000008005ea2                __retarget_lock_release_recursive
 .text.__swhatbuf_r
                0x0000000008005ea4       0x48 c:/st/stm32cubeide_1.5.0/stm32cubeide/plugins/com.st.stm32cube.ide.mcu.externaltools.gnu-tools-for-stm32.9-2020-q2-update.win32_1.5.0.202011040924/tools/bin/../lib/gcc/arm-none-eabi/9.3.1/../../../../arm-none-eabi/lib/thumb/v7e-m+fp/hard\libc_nano.a(lib_a-makebuf.o)
                0x0000000008005ea4                __swhatbuf_r
 .text.__smakebuf_r
                0x0000000008005eec       0x80 c:/st/stm32cubeide_1.5.0/stm32cubeide/plugins/com.st.stm32cube.ide.mcu.externaltools.gnu-tools-for-stm32.9-2020-q2-update.win32_1.5.0.202011040924/tools/bin/../lib/gcc/arm-none-eabi/9.3.1/../../../../arm-none-eabi/lib/thumb/v7e-m+fp/hard\libc_nano.a(lib_a-makebuf.o)
                0x0000000008005eec                __smakebuf_r
 .text._free_r  0x0000000008005f6c       0xa0 c:/st/stm32cubeide_1.5.0/stm32cubeide/plugins/com.st.stm32cube.ide.mcu.externaltools.gnu-tools-for-stm32.9-2020-q2-update.win32_1.5.0.202011040924/tools/bin/../lib/gcc/arm-none-eabi/9.3.1/../../../../arm-none-eabi/lib/thumb/v7e-m+fp/hard\libc_nano.a(lib_a-nano-freer.o)
                0x0000000008005f6c                _free_r
 .text._malloc_r
                0x000000000800600c       0xb4 c:/st/stm32cubeide_1.5.0/stm32cubeide/plugins/com.st.stm32cube.ide.mcu.externaltools.gnu-tools-for-stm32.9-2020-q2-update.win32_1.5.0.202011040924/tools/bin/../lib/gcc/arm-none-eabi/9.3.1/../../../../arm-none-eabi/lib/thumb/v7e-m+fp/hard\libc_nano.a(lib_a-nano-mallocr.o)
                0x000000000800600c                _malloc_r
 .text.__sfputc_r
                0x00000000080060c0       0x2e c:/st/stm32cubeide_1.5.0/stm32cubeide/plugins/com.st.stm32cube.ide.mcu.externaltools.gnu-tools-for-stm32.9-2020-q2-update.win32_1.5.0.202011040924/tools/bin/../lib/gcc/arm-none-eabi/9.3.1/../../../../arm-none-eabi/lib/thumb/v7e-m+fp/hard\libc_nano.a(lib_a-nano-vfprintf.o)
 .text.__sfputs_r
                0x00000000080060ee       0x24 c:/st/stm32cubeide_1.5.0/stm32cubeide/plugins/com.st.stm32cube.ide.mcu.externaltools.gnu-tools-for-stm32.9-2020-q2-update.win32_1.5.0.202011040924/tools/bin/../lib/gcc/arm-none-eabi/9.3.1/../../../../arm-none-eabi/lib/thumb/v7e-m+fp/hard\libc_nano.a(lib_a-nano-vfprintf.o)
                0x00000000080060ee                __sfputs_r
 *fill*         0x0000000008006112        0x2 
 .text._vfprintf_r
                0x0000000008006114      0x260 c:/st/stm32cubeide_1.5.0/stm32cubeide/plugins/com.st.stm32cube.ide.mcu.externaltools.gnu-tools-for-stm32.9-2020-q2-update.win32_1.5.0.202011040924/tools/bin/../lib/gcc/arm-none-eabi/9.3.1/../../../../arm-none-eabi/lib/thumb/v7e-m+fp/hard\libc_nano.a(lib_a-nano-vfprintf.o)
                0x0000000008006114                _vfprintf_r
                0x0000000008006114                _vfiprintf_r
 .text._printf_common
                0x0000000008006374       0xda c:/st/stm32cubeide_1.5.0/stm32cubeide/plugins/com.st.stm32cube.ide.mcu.externaltools.gnu-tools-for-stm32.9-2020-q2-update.win32_1.5.0.202011040924/tools/bin/../lib/gcc/arm-none-eabi/9.3.1/../../../../arm-none-eabi/lib/thumb/v7e-m+fp/hard\libc_nano.a(lib_a-nano-vfprintf_i.o)
                0x0000000008006374                _printf_common
 *fill*         0x000000000800644e        0x2 
 .text._printf_i
                0x0000000008006450      0x24c c:/st/stm32cubeide_1.5.0/stm32cubeide/plugins/com.st.stm32cube.ide.mcu.externaltools.gnu-tools-for-stm32.9-2020-q2-update.win32_1.5.0.202011040924/tools/bin/../lib/gcc/arm-none-eabi/9.3.1/../../../../arm-none-eabi/lib/thumb/v7e-m+fp/hard\libc_nano.a(lib_a-nano-vfprintf_i.o)
                0x0000000008006450                _printf_i
 .text._sbrk_r  0x000000000800669c       0x20 c:/st/stm32cubeide_1.5.0/stm32cubeide/plugins/com.st.stm32cube.ide.mcu.externaltools.gnu-tools-for-stm32.9-2020-q2-update.win32_1.5.0.202011040924/tools/bin/../lib/gcc/arm-none-eabi/9.3.1/../../../../arm-none-eabi/lib/thumb/v7e-m+fp/hard\libc_nano.a(lib_a-sbrkr.o)
                0x000000000800669c                _sbrk_r
 .text.__sread  0x00000000080066bc       0x22 c:/st/stm32cubeide_1.5.0/stm32cubeide/plugins/com.st.stm32cube.ide.mcu.externaltools.gnu-tools-for-stm32.9-2020-q2-update.win32_1.5.0.202011040924/tools/bin/../lib/gcc/arm-none-eabi/9.3.1/../../../../arm-none-eabi/lib/thumb/v7e-m+fp/hard\libc_nano.a(lib_a-stdio.o)
                0x00000000080066bc                __sread
 .text.__swrite
                0x00000000080066de       0x38 c:/st/stm32cubeide_1.5.0/stm32cubeide/plugins/com.st.stm32cube.ide.mcu.externaltools.gnu-tools-for-stm32.9-2020-q2-update.win32_1.5.0.202011040924/tools/bin/../lib/gcc/arm-none-eabi/9.3.1/../../../../arm-none-eabi/lib/thumb/v7e-m+fp/hard\libc_nano.a(lib_a-stdio.o)
                0x00000000080066de                __swrite
 .text.__sseek  0x0000000008006716       0x24 c:/st/stm32cubeide_1.5.0/stm32cubeide/plugins/com.st.stm32cube.ide.mcu.externaltools.gnu-tools-for-stm32.9-2020-q2-update.win32_1.5.0.202011040924/tools/bin/../lib/gcc/arm-none-eabi/9.3.1/../../../../arm-none-eabi/lib/thumb/v7e-m+fp/hard\libc_nano.a(lib_a-stdio.o)
                0x0000000008006716                __sseek
 .text.__sclose
                0x000000000800673a        0x8 c:/st/stm32cubeide_1.5.0/stm32cubeide/plugins/com.st.stm32cube.ide.mcu.externaltools.gnu-tools-for-stm32.9-2020-q2-update.win32_1.5.0.202011040924/tools/bin/../lib/gcc/arm-none-eabi/9.3.1/../../../../arm-none-eabi/lib/thumb/v7e-m+fp/hard\libc_nano.a(lib_a-stdio.o)
                0x000000000800673a                __sclose
 *fill*         0x0000000008006742        0x2 
 .text._write_r
                0x0000000008006744       0x24 c:/st/stm32cubeide_1.5.0/stm32cubeide/plugins/com.st.stm32cube.ide.mcu.externaltools.gnu-tools-for-stm32.9-2020-q2-update.win32_1.5.0.202011040924/tools/bin/../lib/gcc/arm-none-eabi/9.3.1/../../../../arm-none-eabi/lib/thumb/v7e-m+fp/hard\libc_nano.a(lib_a-writer.o)
                0x0000000008006744                _write_r
 .text._close_r
                0x0000000008006768       0x20 c:/st/stm32cubeide_1.5.0/stm32cubeide/plugins/com.st.stm32cube.ide.mcu.externaltools.gnu-tools-for-stm32.9-2020-q2-update.win32_1.5.0.202011040924/tools/bin/../lib/gcc/arm-none-eabi/9.3.1/../../../../arm-none-eabi/lib/thumb/v7e-m+fp/hard\libc_nano.a(lib_a-closer.o)
                0x0000000008006768                _close_r
 .text._fstat_r
                0x0000000008006788       0x24 c:/st/stm32cubeide_1.5.0/stm32cubeide/plugins/com.st.stm32cube.ide.mcu.externaltools.gnu-tools-for-stm32.9-2020-q2-update.win32_1.5.0.202011040924/tools/bin/../lib/gcc/arm-none-eabi/9.3.1/../../../../arm-none-eabi/lib/thumb/v7e-m+fp/hard\libc_nano.a(lib_a-fstatr.o)
                0x0000000008006788                _fstat_r
 .text._isatty_r
                0x00000000080067ac       0x20 c:/st/stm32cubeide_1.5.0/stm32cubeide/plugins/com.st.stm32cube.ide.mcu.externaltools.gnu-tools-for-stm32.9-2020-q2-update.win32_1.5.0.202011040924/tools/bin/../lib/gcc/arm-none-eabi/9.3.1/../../../../arm-none-eabi/lib/thumb/v7e-m+fp/hard\libc_nano.a(lib_a-isattyr.o)
                0x00000000080067ac                _isatty_r
 .text._lseek_r
                0x00000000080067cc       0x24 c:/st/stm32cubeide_1.5.0/stm32cubeide/plugins/com.st.stm32cube.ide.mcu.externaltools.gnu-tools-for-stm32.9-2020-q2-update.win32_1.5.0.202011040924/tools/bin/../lib/gcc/arm-none-eabi/9.3.1/../../../../arm-none-eabi/lib/thumb/v7e-m+fp/hard\libc_nano.a(lib_a-lseekr.o)
                0x00000000080067cc                _lseek_r
 .text.__malloc_lock
                0x00000000080067f0        0xc c:/st/stm32cubeide_1.5.0/stm32cubeide/plugins/com.st.stm32cube.ide.mcu.externaltools.gnu-tools-for-stm32.9-2020-q2-update.win32_1.5.0.202011040924/tools/bin/../lib/gcc/arm-none-eabi/9.3.1/../../../../arm-none-eabi/lib/thumb/v7e-m+fp/hard\libc_nano.a(lib_a-mlock.o)
                0x00000000080067f0                __malloc_lock
 .text.__malloc_unlock
                0x00000000080067fc        0xc c:/st/stm32cubeide_1.5.0/stm32cubeide/plugins/com.st.stm32cube.ide.mcu.externaltools.gnu-tools-for-stm32.9-2020-q2-update.win32_1.5.0.202011040924/tools/bin/../lib/gcc/arm-none-eabi/9.3.1/../../../../arm-none-eabi/lib/thumb/v7e-m+fp/hard\libc_nano.a(lib_a-mlock.o)
                0x00000000080067fc                __malloc_unlock
 .text._read_r  0x0000000008006808       0x24 c:/st/stm32cubeide_1.5.0/stm32cubeide/plugins/com.st.stm32cube.ide.mcu.externaltools.gnu-tools-for-stm32.9-2020-q2-update.win32_1.5.0.202011040924/tools/bin/../lib/gcc/arm-none-eabi/9.3.1/../../../../arm-none-eabi/lib/thumb/v7e-m+fp/hard\libc_nano.a(lib_a-readr.o)
                0x0000000008006808                _read_r
 *(.glue_7)
 .glue_7        0x000000000800682c        0x0 linker stubs
 *(.glue_7t)
 .glue_7t       0x000000000800682c        0x0 linker stubs
 *(.eh_frame)
 .eh_frame      0x000000000800682c        0x0 c:/st/stm32cubeide_1.5.0/stm32cubeide/plugins/com.st.stm32cube.ide.mcu.externaltools.gnu-tools-for-stm32.9-2020-q2-update.win32_1.5.0.202011040924/tools/bin/../lib/gcc/arm-none-eabi/9.3.1/thumb/v7e-m+fp/hard/crtbegin.o
 *(.init)
 .init          0x000000000800682c        0x4 c:/st/stm32cubeide_1.5.0/stm32cubeide/plugins/com.st.stm32cube.ide.mcu.externaltools.gnu-tools-for-stm32.9-2020-q2-update.win32_1.5.0.202011040924/tools/bin/../lib/gcc/arm-none-eabi/9.3.1/thumb/v7e-m+fp/hard/crti.o
                0x000000000800682c                _init
 .init          0x0000000008006830        0x8 c:/st/stm32cubeide_1.5.0/stm32cubeide/plugins/com.st.stm32cube.ide.mcu.externaltools.gnu-tools-for-stm32.9-2020-q2-update.win32_1.5.0.202011040924/tools/bin/../lib/gcc/arm-none-eabi/9.3.1/thumb/v7e-m+fp/hard/crtn.o
 *(.fini)
 .fini          0x0000000008006838        0x4 c:/st/stm32cubeide_1.5.0/stm32cubeide/plugins/com.st.stm32cube.ide.mcu.externaltools.gnu-tools-for-stm32.9-2020-q2-update.win32_1.5.0.202011040924/tools/bin/../lib/gcc/arm-none-eabi/9.3.1/thumb/v7e-m+fp/hard/crti.o
                0x0000000008006838                _fini
 .fini          0x000000000800683c        0x8 c:/st/stm32cubeide_1.5.0/stm32cubeide/plugins/com.st.stm32cube.ide.mcu.externaltools.gnu-tools-for-stm32.9-2020-q2-update.win32_1.5.0.202011040924/tools/bin/../lib/gcc/arm-none-eabi/9.3.1/thumb/v7e-m+fp/hard/crtn.o
                0x0000000008006844                . = ALIGN (0x4)
                0x0000000008006844                _etext = .

.vfp11_veneer   0x0000000008006844        0x0
 .vfp11_veneer  0x0000000008006844        0x0 linker stubs

.v4_bx          0x0000000008006844        0x0
 .v4_bx         0x0000000008006844        0x0 linker stubs

.iplt           0x0000000008006844        0x0
 .iplt          0x0000000008006844        0x0 c:/st/stm32cubeide_1.5.0/stm32cubeide/plugins/com.st.stm32cube.ide.mcu.externaltools.gnu-tools-for-stm32.9-2020-q2-update.win32_1.5.0.202011040924/tools/bin/../lib/gcc/arm-none-eabi/9.3.1/thumb/v7e-m+fp/hard/crtbegin.o

.rodata         0x0000000008006844      0x2e4
                0x0000000008006844                . = ALIGN (0x4)
 *(.rodata)
 .rodata        0x0000000008006844      0x111 Core/Src/loopback.o
 *fill*         0x0000000008006955        0x3 
 .rodata        0x0000000008006958      0x118 Core/Src/main.o
 *(.rodata*)
 .rodata.AHBPrescTable
                0x0000000008006a70       0x10 Core/Src/system_stm32f4xx.o
                0x0000000008006a70                AHBPrescTable
 .rodata.APBPrescTable
                0x0000000008006a80        0x8 Core/Src/system_stm32f4xx.o
                0x0000000008006a80                APBPrescTable
 .rodata.flagBitshiftOffset.8043
                0x0000000008006a88        0x8 Drivers/STM32F4xx_HAL_Driver/stm32f4xx_hal_dma.o
 .rodata._global_impure_ptr
                0x0000000008006a90        0x4 c:/st/stm32cubeide_1.5.0/stm32cubeide/plugins/com.st.stm32cube.ide.mcu.externaltools.gnu-tools-for-stm32.9-2020-q2-update.win32_1.5.0.202011040924/tools/bin/../lib/gcc/arm-none-eabi/9.3.1/../../../../arm-none-eabi/lib/thumb/v7e-m+fp/hard\libc_nano.a(lib_a-impure.o)
                0x0000000008006a90                _global_impure_ptr
 .rodata.__sf_fake_stderr
                0x0000000008006a94       0x20 c:/st/stm32cubeide_1.5.0/stm32cubeide/plugins/com.st.stm32cube.ide.mcu.externaltools.gnu-tools-for-stm32.9-2020-q2-update.win32_1.5.0.202011040924/tools/bin/../lib/gcc/arm-none-eabi/9.3.1/../../../../arm-none-eabi/lib/thumb/v7e-m+fp/hard\libc_nano.a(lib_a-findfp.o)
                0x0000000008006a94                __sf_fake_stderr
 .rodata.__sf_fake_stdin
                0x0000000008006ab4       0x20 c:/st/stm32cubeide_1.5.0/stm32cubeide/plugins/com.st.stm32cube.ide.mcu.externaltools.gnu-tools-for-stm32.9-2020-q2-update.win32_1.5.0.202011040924/tools/bin/../lib/gcc/arm-none-eabi/9.3.1/../../../../arm-none-eabi/lib/thumb/v7e-m+fp/hard\libc_nano.a(lib_a-findfp.o)
                0x0000000008006ab4                __sf_fake_stdin
 .rodata.__sf_fake_stdout
                0x0000000008006ad4       0x20 c:/st/stm32cubeide_1.5.0/stm32cubeide/plugins/com.st.stm32cube.ide.mcu.externaltools.gnu-tools-for-stm32.9-2020-q2-update.win32_1.5.0.202011040924/tools/bin/../lib/gcc/arm-none-eabi/9.3.1/../../../../arm-none-eabi/lib/thumb/v7e-m+fp/hard\libc_nano.a(lib_a-findfp.o)
                0x0000000008006ad4                __sf_fake_stdout
 .rodata._vfprintf_r.str1.1
                0x0000000008006af4       0x11 c:/st/stm32cubeide_1.5.0/stm32cubeide/plugins/com.st.stm32cube.ide.mcu.externaltools.gnu-tools-for-stm32.9-2020-q2-update.win32_1.5.0.202011040924/tools/bin/../lib/gcc/arm-none-eabi/9.3.1/../../../../arm-none-eabi/lib/thumb/v7e-m+fp/hard\libc_nano.a(lib_a-nano-vfprintf.o)
 .rodata._printf_i.str1.1
                0x0000000008006b05       0x22 c:/st/stm32cubeide_1.5.0/stm32cubeide/plugins/com.st.stm32cube.ide.mcu.externaltools.gnu-tools-for-stm32.9-2020-q2-update.win32_1.5.0.202011040924/tools/bin/../lib/gcc/arm-none-eabi/9.3.1/../../../../arm-none-eabi/lib/thumb/v7e-m+fp/hard\libc_nano.a(lib_a-nano-vfprintf_i.o)
                0x0000000008006b28                . = ALIGN (0x4)
 *fill*         0x0000000008006b27        0x1 

.ARM.extab      0x0000000008006b28        0x0
                0x0000000008006b28                . = ALIGN (0x4)
 *(.ARM.extab* .gnu.linkonce.armextab.*)
                0x0000000008006b28                . = ALIGN (0x4)

.ARM            0x0000000008006b28        0x8
                0x0000000008006b28                . = ALIGN (0x4)
                0x0000000008006b28                __exidx_start = .
 *(.ARM.exidx*)
 .ARM.exidx     0x0000000008006b28        0x8 c:/st/stm32cubeide_1.5.0/stm32cubeide/plugins/com.st.stm32cube.ide.mcu.externaltools.gnu-tools-for-stm32.9-2020-q2-update.win32_1.5.0.202011040924/tools/bin/../lib/gcc/arm-none-eabi/9.3.1/thumb/v7e-m+fp/hard\libgcc.a(_udivmoddi4.o)
                0x0000000008006b30                __exidx_end = .
                0x0000000008006b30                . = ALIGN (0x4)

.rel.dyn        0x0000000008006b30        0x0
 .rel.iplt      0x0000000008006b30        0x0 c:/st/stm32cubeide_1.5.0/stm32cubeide/plugins/com.st.stm32cube.ide.mcu.externaltools.gnu-tools-for-stm32.9-2020-q2-update.win32_1.5.0.202011040924/tools/bin/../lib/gcc/arm-none-eabi/9.3.1/thumb/v7e-m+fp/hard/crtbegin.o

.preinit_array  0x0000000008006b30        0x0
                0x0000000008006b30                . = ALIGN (0x4)
                0x0000000008006b30                PROVIDE (__preinit_array_start = .)
 *(.preinit_array*)
                0x0000000008006b30                PROVIDE (__preinit_array_end = .)
                0x0000000008006b30                . = ALIGN (0x4)

.init_array     0x0000000008006b30        0x4
                0x0000000008006b30                . = ALIGN (0x4)
                0x0000000008006b30                PROVIDE (__init_array_start = .)
 *(SORT_BY_NAME(.init_array.*))
 *(.init_array*)
 .init_array    0x0000000008006b30        0x4 c:/st/stm32cubeide_1.5.0/stm32cubeide/plugins/com.st.stm32cube.ide.mcu.externaltools.gnu-tools-for-stm32.9-2020-q2-update.win32_1.5.0.202011040924/tools/bin/../lib/gcc/arm-none-eabi/9.3.1/thumb/v7e-m+fp/hard/crtbegin.o
                0x0000000008006b34                PROVIDE (__init_array_end = .)
                0x0000000008006b34                . = ALIGN (0x4)

.fini_array     0x0000000008006b34        0x4
                0x0000000008006b34                . = ALIGN (0x4)
                [!provide]                        PROVIDE (__fini_array_start = .)
 *(SORT_BY_NAME(.fini_array.*))
 *(.fini_array*)
 .fini_array    0x0000000008006b34        0x4 c:/st/stm32cubeide_1.5.0/stm32cubeide/plugins/com.st.stm32cube.ide.mcu.externaltools.gnu-tools-for-stm32.9-2020-q2-update.win32_1.5.0.202011040924/tools/bin/../lib/gcc/arm-none-eabi/9.3.1/thumb/v7e-m+fp/hard/crtbegin.o
                [!provide]                        PROVIDE (__fini_array_end = .)
                0x0000000008006b38                . = ALIGN (0x4)
                0x0000000008006b38                _sidata = LOADADDR (.data)

.data           0x0000000020000000       0xb8 load address 0x0000000008006b38
                0x0000000020000000                . = ALIGN (0x4)
                0x0000000020000000                _sdata = .
 *(.data)
 *(.data*)
 .data.gWIZNETINFO
                0x0000000020000000       0x17 Core/Src/main.o
                0x0000000020000000                gWIZNETINFO
 *fill*         0x0000000020000017        0x1 
 .data.sock_any_port
                0x0000000020000018        0x2 Core/Src/socket.o
 *fill*         0x000000002000001a        0x2 
 .data.SystemCoreClock
                0x000000002000001c        0x4 Core/Src/system_stm32f4xx.o
                0x000000002000001c                SystemCoreClock
 .data.WIZCHIP  0x0000000020000020       0x2c Core/Src/wizchip_conf.o
                0x0000000020000020                WIZCHIP
 .data.uwTickPrio
                0x000000002000004c        0x4 Drivers/STM32F4xx_HAL_Driver/stm32f4xx_hal.o
                0x000000002000004c                uwTickPrio
 .data.uwTickFreq
                0x0000000020000050        0x1 Drivers/STM32F4xx_HAL_Driver/stm32f4xx_hal.o
                0x0000000020000050                uwTickFreq
 *fill*         0x0000000020000051        0x3 
 .data._impure_ptr
                0x0000000020000054        0x4 c:/st/stm32cubeide_1.5.0/stm32cubeide/plugins/com.st.stm32cube.ide.mcu.externaltools.gnu-tools-for-stm32.9-2020-q2-update.win32_1.5.0.202011040924/tools/bin/../lib/gcc/arm-none-eabi/9.3.1/../../../../arm-none-eabi/lib/thumb/v7e-m+fp/hard\libc_nano.a(lib_a-impure.o)
                0x0000000020000054                _impure_ptr
 .data.impure_data
                0x0000000020000058       0x60 c:/st/stm32cubeide_1.5.0/stm32cubeide/plugins/com.st.stm32cube.ide.mcu.externaltools.gnu-tools-for-stm32.9-2020-q2-update.win32_1.5.0.202011040924/tools/bin/../lib/gcc/arm-none-eabi/9.3.1/../../../../arm-none-eabi/lib/thumb/v7e-m+fp/hard\libc_nano.a(lib_a-impure.o)
 *(.RamFunc)
 *(.RamFunc*)
                0x00000000200000b8                . = ALIGN (0x4)
                0x00000000200000b8                _edata = .

.igot.plt       0x00000000200000b8        0x0 load address 0x0000000008006bf0
 .igot.plt      0x00000000200000b8        0x0 c:/st/stm32cubeide_1.5.0/stm32cubeide/plugins/com.st.stm32cube.ide.mcu.externaltools.gnu-tools-for-stm32.9-2020-q2-update.win32_1.5.0.202011040924/tools/bin/../lib/gcc/arm-none-eabi/9.3.1/thumb/v7e-m+fp/hard/crtbegin.o
                0x00000000200000b8                . = ALIGN (0x4)

.bss            0x00000000200000b8      0xcf4 load address 0x0000000008006bf0
                0x00000000200000b8                _sbss = .
                0x00000000200000b8                __bss_start__ = _sbss
 *(.bss)
 .bss           0x00000000200000b8       0x1c c:/st/stm32cubeide_1.5.0/stm32cubeide/plugins/com.st.stm32cube.ide.mcu.externaltools.gnu-tools-for-stm32.9-2020-q2-update.win32_1.5.0.202011040924/tools/bin/../lib/gcc/arm-none-eabi/9.3.1/thumb/v7e-m+fp/hard/crtbegin.o
 *(.bss*)
 .bss.sock_io_mode
                0x00000000200000d4        0x2 Core/Src/socket.o
 .bss.sock_is_sending
                0x00000000200000d6        0x2 Core/Src/socket.o
 .bss.sock_remained_size
                0x00000000200000d8       0x10 Core/Src/socket.o
 .bss.sock_pack_info
                0x00000000200000e8        0x8 Core/Src/socket.o
                0x00000000200000e8                sock_pack_info
 .bss.__sbrk_heap_end
                0x00000000200000f0        0x4 Core/Src/sysmem.o
 .bss._DNS_     0x00000000200000f4        0x4 Core/Src/wizchip_conf.o
 .bss._DHCP_    0x00000000200000f8        0x1 Core/Src/wizchip_conf.o
 *fill*         0x00000000200000f9        0x3 
 .bss.__malloc_free_list
                0x00000000200000fc        0x4 c:/st/stm32cubeide_1.5.0/stm32cubeide/plugins/com.st.stm32cube.ide.mcu.externaltools.gnu-tools-for-stm32.9-2020-q2-update.win32_1.5.0.202011040924/tools/bin/../lib/gcc/arm-none-eabi/9.3.1/../../../../arm-none-eabi/lib/thumb/v7e-m+fp/hard\libc_nano.a(lib_a-nano-mallocr.o)
                0x00000000200000fc                __malloc_free_list
 .bss.__malloc_sbrk_start
                0x0000000020000100        0x4 c:/st/stm32cubeide_1.5.0/stm32cubeide/plugins/com.st.stm32cube.ide.mcu.externaltools.gnu-tools-for-stm32.9-2020-q2-update.win32_1.5.0.202011040924/tools/bin/../lib/gcc/arm-none-eabi/9.3.1/../../../../arm-none-eabi/lib/thumb/v7e-m+fp/hard\libc_nano.a(lib_a-nano-mallocr.o)
                0x0000000020000100                __malloc_sbrk_start
 *(COMMON)
 COMMON         0x0000000020000104      0x800 Core/Src/main.o
                0x0000000020000104                gDATABUF
 COMMON         0x0000000020000904      0x450 Core/Src/spi.o
                0x0000000020000904                hspi2
                0x000000002000095c                hspi5
                0x00000000200009b4                hdma_spi5_rx
                0x0000000020000a14                hdma_spi4_rx
                0x0000000020000a74                hspi6
                0x0000000020000acc                hspi3
                0x0000000020000b24                hspi4
                0x0000000020000b7c                hspi1
                0x0000000020000bd4                hdma_spi1_rx
                0x0000000020000c34                hdma_spi6_rx
                0x0000000020000c94                hdma_spi2_tx
                0x0000000020000cf4                hdma_spi3_rx
 COMMON         0x0000000020000d54       0x44 Core/Src/usart.o
                0x0000000020000d54                huart4
 COMMON         0x0000000020000d98        0x4 Drivers/STM32F4xx_HAL_Driver/stm32f4xx_hal.o
                0x0000000020000d98                uwTick
 COMMON         0x0000000020000d9c        0x9 c:/st/stm32cubeide_1.5.0/stm32cubeide/plugins/com.st.stm32cube.ide.mcu.externaltools.gnu-tools-for-stm32.9-2020-q2-update.win32_1.5.0.202011040924/tools/bin/../lib/gcc/arm-none-eabi/9.3.1/../../../../arm-none-eabi/lib/thumb/v7e-m+fp/hard\libc_nano.a(lib_a-lock.o)
                0x0000000020000d9c                __lock___atexit_recursive_mutex
                0x0000000020000d9d                __lock___arc4random_mutex
                0x0000000020000d9e                __lock___env_recursive_mutex
                0x0000000020000d9f                __lock___sinit_recursive_mutex
                0x0000000020000da0                __lock___malloc_recursive_mutex
                0x0000000020000da1                __lock___at_quick_exit_mutex
                0x0000000020000da2                __lock___dd_hash_mutex
                0x0000000020000da3                __lock___tz_mutex
                0x0000000020000da4                __lock___sfp_recursive_mutex
 *fill*         0x0000000020000da5        0x3 
 COMMON         0x0000000020000da8        0x4 c:/st/stm32cubeide_1.5.0/stm32cubeide/plugins/com.st.stm32cube.ide.mcu.externaltools.gnu-tools-for-stm32.9-2020-q2-update.win32_1.5.0.202011040924/tools/bin/../lib/gcc/arm-none-eabi/9.3.1/../../../../arm-none-eabi/lib/thumb/v7e-m+fp/hard\libc_nano.a(lib_a-reent.o)
                0x0000000020000da8                errno
                0x0000000020000dac                . = ALIGN (0x4)
                0x0000000020000dac                _ebss = .
                0x0000000020000dac                __bss_end__ = _ebss

._user_heap_stack
                0x0000000020000dac      0x604 load address 0x0000000008006bf0
                0x0000000020000db0                . = ALIGN (0x8)
 *fill*         0x0000000020000dac        0x4 
                [!provide]                        PROVIDE (end = .)
                0x0000000020000db0                PROVIDE (_end = .)
                0x0000000020000fb0                . = (. + _Min_Heap_Size)
 *fill*         0x0000000020000db0      0x200 
                0x00000000200013b0                . = (. + _Min_Stack_Size)
 *fill*         0x0000000020000fb0      0x400 
                0x00000000200013b0                . = ALIGN (0x8)

/DISCARD/
 libc.a(*)
 libm.a(*)
 libgcc.a(*)

.ARM.attributes
                0x0000000000000000       0x30
 *(.ARM.attributes)
 .ARM.attributes
                0x0000000000000000       0x1e c:/st/stm32cubeide_1.5.0/stm32cubeide/plugins/com.st.stm32cube.ide.mcu.externaltools.gnu-tools-for-stm32.9-2020-q2-update.win32_1.5.0.202011040924/tools/bin/../lib/gcc/arm-none-eabi/9.3.1/thumb/v7e-m+fp/hard/crti.o
 .ARM.attributes
                0x000000000000001e       0x34 c:/st/stm32cubeide_1.5.0/stm32cubeide/plugins/com.st.stm32cube.ide.mcu.externaltools.gnu-tools-for-stm32.9-2020-q2-update.win32_1.5.0.202011040924/tools/bin/../lib/gcc/arm-none-eabi/9.3.1/thumb/v7e-m+fp/hard/crtbegin.o
 .ARM.attributes
                0x0000000000000052       0x34 Core/Src/dma.o
 .ARM.attributes
                0x0000000000000086       0x34 Core/Src/gpio.o
 .ARM.attributes
                0x00000000000000ba       0x34 Core/Src/loopback.o
 .ARM.attributes
                0x00000000000000ee       0x34 Core/Src/main.o
 .ARM.attributes
                0x0000000000000122       0x34 Core/Src/socket.o
 .ARM.attributes
                0x0000000000000156       0x34 Core/Src/spi.o
 .ARM.attributes
                0x000000000000018a       0x34 Core/Src/stm32f4xx_hal_msp.o
 .ARM.attributes
                0x00000000000001be       0x34 Core/Src/stm32f4xx_it.o
 .ARM.attributes
                0x00000000000001f2       0x34 Core/Src/syscalls.o
 .ARM.attributes
                0x0000000000000226       0x34 Core/Src/sysmem.o
 .ARM.attributes
                0x000000000000025a       0x34 Core/Src/system_stm32f4xx.o
 .ARM.attributes
                0x000000000000028e       0x34 Core/Src/usart.o
 .ARM.attributes
                0x00000000000002c2       0x34 Core/Src/w5500.o
 .ARM.attributes
                0x00000000000002f6       0x34 Core/Src/wizchip_conf.o
 .ARM.attributes
                0x000000000000032a       0x21 Core/Startup/startup_stm32f429zgtx.o
 .ARM.attributes
                0x000000000000034b       0x34 Drivers/STM32F4xx_HAL_Driver/stm32f4xx_hal.o
 .ARM.attributes
                0x000000000000037f       0x34 Drivers/STM32F4xx_HAL_Driver/stm32f4xx_hal_cortex.o
 .ARM.attributes
                0x00000000000003b3       0x34 Drivers/STM32F4xx_HAL_Driver/stm32f4xx_hal_dma.o
 .ARM.attributes
                0x00000000000003e7       0x34 Drivers/STM32F4xx_HAL_Driver/stm32f4xx_hal_gpio.o
 .ARM.attributes
                0x000000000000041b       0x34 Drivers/STM32F4xx_HAL_Driver/stm32f4xx_hal_rcc.o
 .ARM.attributes
                0x000000000000044f       0x34 Drivers/STM32F4xx_HAL_Driver/stm32f4xx_hal_spi.o
 .ARM.attributes
                0x0000000000000483       0x34 Drivers/STM32F4xx_HAL_Driver/stm32f4xx_hal_uart.o
 .ARM.attributes
                0x00000000000004b7       0x34 c:/st/stm32cubeide_1.5.0/stm32cubeide/plugins/com.st.stm32cube.ide.mcu.externaltools.gnu-tools-for-stm32.9-2020-q2-update.win32_1.5.0.202011040924/tools/bin/../lib/gcc/arm-none-eabi/9.3.1/../../../../arm-none-eabi/lib/thumb/v7e-m+fp/hard\libc_nano.a(lib_a-errno.o)
 .ARM.attributes
                0x00000000000004eb       0x32 c:/st/stm32cubeide_1.5.0/stm32cubeide/plugins/com.st.stm32cube.ide.mcu.externaltools.gnu-tools-for-stm32.9-2020-q2-update.win32_1.5.0.202011040924/tools/bin/../lib/gcc/arm-none-eabi/9.3.1/../../../../arm-none-eabi/lib/thumb/v7e-m+fp/hard\libc_nano.a(lib_a-impure.o)
 .ARM.attributes
                0x000000000000051d       0x34 c:/st/stm32cubeide_1.5.0/stm32cubeide/plugins/com.st.stm32cube.ide.mcu.externaltools.gnu-tools-for-stm32.9-2020-q2-update.win32_1.5.0.202011040924/tools/bin/../lib/gcc/arm-none-eabi/9.3.1/../../../../arm-none-eabi/lib/thumb/v7e-m+fp/hard\libc_nano.a(lib_a-init.o)
 .ARM.attributes
                0x0000000000000551       0x34 c:/st/stm32cubeide_1.5.0/stm32cubeide/plugins/com.st.stm32cube.ide.mcu.externaltools.gnu-tools-for-stm32.9-2020-q2-update.win32_1.5.0.202011040924/tools/bin/../lib/gcc/arm-none-eabi/9.3.1/../../../../arm-none-eabi/lib/thumb/v7e-m+fp/hard\libc_nano.a(lib_a-memset.o)
 .ARM.attributes
                0x0000000000000585       0x34 c:/st/stm32cubeide_1.5.0/stm32cubeide/plugins/com.st.stm32cube.ide.mcu.externaltools.gnu-tools-for-stm32.9-2020-q2-update.win32_1.5.0.202011040924/tools/bin/../lib/gcc/arm-none-eabi/9.3.1/../../../../arm-none-eabi/lib/thumb/v7e-m+fp/hard\libc_nano.a(lib_a-printf.o)
 .ARM.attributes
                0x00000000000005b9       0x34 c:/st/stm32cubeide_1.5.0/stm32cubeide/plugins/com.st.stm32cube.ide.mcu.externaltools.gnu-tools-for-stm32.9-2020-q2-update.win32_1.5.0.202011040924/tools/bin/../lib/gcc/arm-none-eabi/9.3.1/../../../../arm-none-eabi/lib/thumb/v7e-m+fp/hard\libc_nano.a(lib_a-puts.o)
 .ARM.attributes
                0x00000000000005ed       0x34 c:/st/stm32cubeide_1.5.0/stm32cubeide/plugins/com.st.stm32cube.ide.mcu.externaltools.gnu-tools-for-stm32.9-2020-q2-update.win32_1.5.0.202011040924/tools/bin/../lib/gcc/arm-none-eabi/9.3.1/../../../../arm-none-eabi/lib/thumb/v7e-m+fp/hard\libc_nano.a(lib_a-wbuf.o)
 .ARM.attributes
                0x0000000000000621       0x34 c:/st/stm32cubeide_1.5.0/stm32cubeide/plugins/com.st.stm32cube.ide.mcu.externaltools.gnu-tools-for-stm32.9-2020-q2-update.win32_1.5.0.202011040924/tools/bin/../lib/gcc/arm-none-eabi/9.3.1/../../../../arm-none-eabi/lib/thumb/v7e-m+fp/hard\libc_nano.a(lib_a-wsetup.o)
 .ARM.attributes
                0x0000000000000655       0x34 c:/st/stm32cubeide_1.5.0/stm32cubeide/plugins/com.st.stm32cube.ide.mcu.externaltools.gnu-tools-for-stm32.9-2020-q2-update.win32_1.5.0.202011040924/tools/bin/../lib/gcc/arm-none-eabi/9.3.1/../../../../arm-none-eabi/lib/thumb/v7e-m+fp/hard\libc_nano.a(lib_a-fflush.o)
 .ARM.attributes
                0x0000000000000689       0x34 c:/st/stm32cubeide_1.5.0/stm32cubeide/plugins/com.st.stm32cube.ide.mcu.externaltools.gnu-tools-for-stm32.9-2020-q2-update.win32_1.5.0.202011040924/tools/bin/../lib/gcc/arm-none-eabi/9.3.1/../../../../arm-none-eabi/lib/thumb/v7e-m+fp/hard\libc_nano.a(lib_a-findfp.o)
 .ARM.attributes
                0x00000000000006bd       0x34 c:/st/stm32cubeide_1.5.0/stm32cubeide/plugins/com.st.stm32cube.ide.mcu.externaltools.gnu-tools-for-stm32.9-2020-q2-update.win32_1.5.0.202011040924/tools/bin/../lib/gcc/arm-none-eabi/9.3.1/../../../../arm-none-eabi/lib/thumb/v7e-m+fp/hard\libc_nano.a(lib_a-fwalk.o)
 .ARM.attributes
                0x00000000000006f1       0x34 c:/st/stm32cubeide_1.5.0/stm32cubeide/plugins/com.st.stm32cube.ide.mcu.externaltools.gnu-tools-for-stm32.9-2020-q2-update.win32_1.5.0.202011040924/tools/bin/../lib/gcc/arm-none-eabi/9.3.1/../../../../arm-none-eabi/lib/thumb/v7e-m+fp/hard\libc_nano.a(lib_a-lock.o)
 .ARM.attributes
                0x0000000000000725       0x34 c:/st/stm32cubeide_1.5.0/stm32cubeide/plugins/com.st.stm32cube.ide.mcu.externaltools.gnu-tools-for-stm32.9-2020-q2-update.win32_1.5.0.202011040924/tools/bin/../lib/gcc/arm-none-eabi/9.3.1/../../../../arm-none-eabi/lib/thumb/v7e-m+fp/hard\libc_nano.a(lib_a-makebuf.o)
 .ARM.attributes
                0x0000000000000759       0x34 c:/st/stm32cubeide_1.5.0/stm32cubeide/plugins/com.st.stm32cube.ide.mcu.externaltools.gnu-tools-for-stm32.9-2020-q2-update.win32_1.5.0.202011040924/tools/bin/../lib/gcc/arm-none-eabi/9.3.1/../../../../arm-none-eabi/lib/thumb/v7e-m+fp/hard\libc_nano.a(lib_a-nano-freer.o)
 .ARM.attributes
                0x000000000000078d       0x34 c:/st/stm32cubeide_1.5.0/stm32cubeide/plugins/com.st.stm32cube.ide.mcu.externaltools.gnu-tools-for-stm32.9-2020-q2-update.win32_1.5.0.202011040924/tools/bin/../lib/gcc/arm-none-eabi/9.3.1/../../../../arm-none-eabi/lib/thumb/v7e-m+fp/hard\libc_nano.a(lib_a-nano-mallocr.o)
 .ARM.attributes
                0x00000000000007c1       0x34 c:/st/stm32cubeide_1.5.0/stm32cubeide/plugins/com.st.stm32cube.ide.mcu.externaltools.gnu-tools-for-stm32.9-2020-q2-update.win32_1.5.0.202011040924/tools/bin/../lib/gcc/arm-none-eabi/9.3.1/../../../../arm-none-eabi/lib/thumb/v7e-m+fp/hard\libc_nano.a(lib_a-nano-vfprintf.o)
 .ARM.attributes
                0x00000000000007f5       0x34 c:/st/stm32cubeide_1.5.0/stm32cubeide/plugins/com.st.stm32cube.ide.mcu.externaltools.gnu-tools-for-stm32.9-2020-q2-update.win32_1.5.0.202011040924/tools/bin/../lib/gcc/arm-none-eabi/9.3.1/../../../../arm-none-eabi/lib/thumb/v7e-m+fp/hard\libc_nano.a(lib_a-nano-vfprintf_i.o)
 .ARM.attributes
                0x0000000000000829       0x34 c:/st/stm32cubeide_1.5.0/stm32cubeide/plugins/com.st.stm32cube.ide.mcu.externaltools.gnu-tools-for-stm32.9-2020-q2-update.win32_1.5.0.202011040924/tools/bin/../lib/gcc/arm-none-eabi/9.3.1/../../../../arm-none-eabi/lib/thumb/v7e-m+fp/hard\libc_nano.a(lib_a-sbrkr.o)
 .ARM.attributes
                0x000000000000085d       0x34 c:/st/stm32cubeide_1.5.0/stm32cubeide/plugins/com.st.stm32cube.ide.mcu.externaltools.gnu-tools-for-stm32.9-2020-q2-update.win32_1.5.0.202011040924/tools/bin/../lib/gcc/arm-none-eabi/9.3.1/../../../../arm-none-eabi/lib/thumb/v7e-m+fp/hard\libc_nano.a(lib_a-stdio.o)
 .ARM.attributes
                0x0000000000000891       0x34 c:/st/stm32cubeide_1.5.0/stm32cubeide/plugins/com.st.stm32cube.ide.mcu.externaltools.gnu-tools-for-stm32.9-2020-q2-update.win32_1.5.0.202011040924/tools/bin/../lib/gcc/arm-none-eabi/9.3.1/../../../../arm-none-eabi/lib/thumb/v7e-m+fp/hard\libc_nano.a(lib_a-writer.o)
 .ARM.attributes
                0x00000000000008c5       0x34 c:/st/stm32cubeide_1.5.0/stm32cubeide/plugins/com.st.stm32cube.ide.mcu.externaltools.gnu-tools-for-stm32.9-2020-q2-update.win32_1.5.0.202011040924/tools/bin/../lib/gcc/arm-none-eabi/9.3.1/../../../../arm-none-eabi/lib/thumb/v7e-m+fp/hard\libc_nano.a(lib_a-closer.o)
 .ARM.attributes
                0x00000000000008f9       0x34 c:/st/stm32cubeide_1.5.0/stm32cubeide/plugins/com.st.stm32cube.ide.mcu.externaltools.gnu-tools-for-stm32.9-2020-q2-update.win32_1.5.0.202011040924/tools/bin/../lib/gcc/arm-none-eabi/9.3.1/../../../../arm-none-eabi/lib/thumb/v7e-m+fp/hard\libc_nano.a(lib_a-fstatr.o)
 .ARM.attributes
                0x000000000000092d       0x34 c:/st/stm32cubeide_1.5.0/stm32cubeide/plugins/com.st.stm32cube.ide.mcu.externaltools.gnu-tools-for-stm32.9-2020-q2-update.win32_1.5.0.202011040924/tools/bin/../lib/gcc/arm-none-eabi/9.3.1/../../../../arm-none-eabi/lib/thumb/v7e-m+fp/hard\libc_nano.a(lib_a-isattyr.o)
 .ARM.attributes
                0x0000000000000961       0x34 c:/st/stm32cubeide_1.5.0/stm32cubeide/plugins/com.st.stm32cube.ide.mcu.externaltools.gnu-tools-for-stm32.9-2020-q2-update.win32_1.5.0.202011040924/tools/bin/../lib/gcc/arm-none-eabi/9.3.1/../../../../arm-none-eabi/lib/thumb/v7e-m+fp/hard\libc_nano.a(lib_a-lseekr.o)
 .ARM.attributes
                0x0000000000000995       0x1c c:/st/stm32cubeide_1.5.0/stm32cubeide/plugins/com.st.stm32cube.ide.mcu.externaltools.gnu-tools-for-stm32.9-2020-q2-update.win32_1.5.0.202011040924/tools/bin/../lib/gcc/arm-none-eabi/9.3.1/../../../../arm-none-eabi/lib/thumb/v7e-m+fp/hard\libc_nano.a(lib_a-memchr.o)
 .ARM.attributes
                0x00000000000009b1       0x34 c:/st/stm32cubeide_1.5.0/stm32cubeide/plugins/com.st.stm32cube.ide.mcu.externaltools.gnu-tools-for-stm32.9-2020-q2-update.win32_1.5.0.202011040924/tools/bin/../lib/gcc/arm-none-eabi/9.3.1/../../../../arm-none-eabi/lib/thumb/v7e-m+fp/hard\libc_nano.a(lib_a-mlock.o)
 .ARM.attributes
                0x00000000000009e5       0x34 c:/st/stm32cubeide_1.5.0/stm32cubeide/plugins/com.st.stm32cube.ide.mcu.externaltools.gnu-tools-for-stm32.9-2020-q2-update.win32_1.5.0.202011040924/tools/bin/../lib/gcc/arm-none-eabi/9.3.1/../../../../arm-none-eabi/lib/thumb/v7e-m+fp/hard\libc_nano.a(lib_a-readr.o)
 .ARM.attributes
                0x0000000000000a19       0x34 c:/st/stm32cubeide_1.5.0/stm32cubeide/plugins/com.st.stm32cube.ide.mcu.externaltools.gnu-tools-for-stm32.9-2020-q2-update.win32_1.5.0.202011040924/tools/bin/../lib/gcc/arm-none-eabi/9.3.1/../../../../arm-none-eabi/lib/thumb/v7e-m+fp/hard\libc_nano.a(lib_a-reent.o)
 .ARM.attributes
                0x0000000000000a4d       0x1e c:/st/stm32cubeide_1.5.0/stm32cubeide/plugins/com.st.stm32cube.ide.mcu.externaltools.gnu-tools-for-stm32.9-2020-q2-update.win32_1.5.0.202011040924/tools/bin/../lib/gcc/arm-none-eabi/9.3.1/thumb/v7e-m+fp/hard\libgcc.a(_aeabi_uldivmod.o)
 .ARM.attributes
                0x0000000000000a6b       0x34 c:/st/stm32cubeide_1.5.0/stm32cubeide/plugins/com.st.stm32cube.ide.mcu.externaltools.gnu-tools-for-stm32.9-2020-q2-update.win32_1.5.0.202011040924/tools/bin/../lib/gcc/arm-none-eabi/9.3.1/thumb/v7e-m+fp/hard\libgcc.a(_udivmoddi4.o)
 .ARM.attributes
                0x0000000000000a9f       0x1e c:/st/stm32cubeide_1.5.0/stm32cubeide/plugins/com.st.stm32cube.ide.mcu.externaltools.gnu-tools-for-stm32.9-2020-q2-update.win32_1.5.0.202011040924/tools/bin/../lib/gcc/arm-none-eabi/9.3.1/thumb/v7e-m+fp/hard\libgcc.a(_dvmd_tls.o)
 .ARM.attributes
                0x0000000000000abd       0x1e c:/st/stm32cubeide_1.5.0/stm32cubeide/plugins/com.st.stm32cube.ide.mcu.externaltools.gnu-tools-for-stm32.9-2020-q2-update.win32_1.5.0.202011040924/tools/bin/../lib/gcc/arm-none-eabi/9.3.1/thumb/v7e-m+fp/hard/crtn.o
OUTPUT(f429.elf elf32-littlearm)
LOAD linker stubs
LOAD c:/st/stm32cubeide_1.5.0/stm32cubeide/plugins/com.st.stm32cube.ide.mcu.externaltools.gnu-tools-for-stm32.9-2020-q2-update.win32_1.5.0.202011040924/tools/bin/../lib/gcc/arm-none-eabi/9.3.1/../../../../arm-none-eabi/lib/thumb/v7e-m+fp/hard\libc.a
LOAD c:/st/stm32cubeide_1.5.0/stm32cubeide/plugins/com.st.stm32cube.ide.mcu.externaltools.gnu-tools-for-stm32.9-2020-q2-update.win32_1.5.0.202011040924/tools/bin/../lib/gcc/arm-none-eabi/9.3.1/../../../../arm-none-eabi/lib/thumb/v7e-m+fp/hard\libm.a
LOAD c:/st/stm32cubeide_1.5.0/stm32cubeide/plugins/com.st.stm32cube.ide.mcu.externaltools.gnu-tools-for-stm32.9-2020-q2-update.win32_1.5.0.202011040924/tools/bin/../lib/gcc/arm-none-eabi/9.3.1/thumb/v7e-m+fp/hard\libgcc.a

.debug_info     0x0000000000000000     0xf20a
 .debug_info    0x0000000000000000      0x60b Core/Src/dma.o
 .debug_info    0x000000000000060b      0x585 Core/Src/gpio.o
 .debug_info    0x0000000000000b90      0xd06 Core/Src/loopback.o
 .debug_info    0x0000000000001896     0x1b7f Core/Src/main.o
 .debug_info    0x0000000000003415      0x86e Core/Src/socket.o
 .debug_info    0x0000000000003c83      0xd0f Core/Src/spi.o
 .debug_info    0x0000000000004992      0x3b0 Core/Src/stm32f4xx_hal_msp.o
 .debug_info    0x0000000000004d42      0x54f Core/Src/stm32f4xx_it.o
 .debug_info    0x0000000000005291      0xfa8 Core/Src/syscalls.o
 .debug_info    0x0000000000006239      0xa25 Core/Src/sysmem.o
 .debug_info    0x0000000000006c5e      0x5c0 Core/Src/system_stm32f4xx.o
 .debug_info    0x000000000000721e      0xa20 Core/Src/usart.o
 .debug_info    0x0000000000007c3e      0x585 Core/Src/w5500.o
 .debug_info    0x00000000000081c3      0xccc Core/Src/wizchip_conf.o
 .debug_info    0x0000000000008e8f       0x22 Core/Startup/startup_stm32f429zgtx.o
 .debug_info    0x0000000000008eb1      0xa2a Drivers/STM32F4xx_HAL_Driver/stm32f4xx_hal.o
 .debug_info    0x00000000000098db      0xf0d Drivers/STM32F4xx_HAL_Driver/stm32f4xx_hal_cortex.o
 .debug_info    0x000000000000a7e8      0x9f1 Drivers/STM32F4xx_HAL_Driver/stm32f4xx_hal_dma.o
 .debug_info    0x000000000000b1d9      0x85a Drivers/STM32F4xx_HAL_Driver/stm32f4xx_hal_gpio.o
 .debug_info    0x000000000000ba33      0x9b2 Drivers/STM32F4xx_HAL_Driver/stm32f4xx_hal_rcc.o
 .debug_info    0x000000000000c3e5     0x17c0 Drivers/STM32F4xx_HAL_Driver/stm32f4xx_hal_spi.o
 .debug_info    0x000000000000dba5     0x1665 Drivers/STM32F4xx_HAL_Driver/stm32f4xx_hal_uart.o

.debug_abbrev   0x0000000000000000     0x2bb5
 .debug_abbrev  0x0000000000000000      0x126 Core/Src/dma.o
 .debug_abbrev  0x0000000000000126      0x14e Core/Src/gpio.o
 .debug_abbrev  0x0000000000000274      0x22e Core/Src/loopback.o
 .debug_abbrev  0x00000000000004a2      0x2ff Core/Src/main.o
 .debug_abbrev  0x00000000000007a1      0x247 Core/Src/socket.o
 .debug_abbrev  0x00000000000009e8      0x20c Core/Src/spi.o
 .debug_abbrev  0x0000000000000bf4      0x11d Core/Src/stm32f4xx_hal_msp.o
 .debug_abbrev  0x0000000000000d11      0x17d Core/Src/stm32f4xx_it.o
 .debug_abbrev  0x0000000000000e8e      0x286 Core/Src/syscalls.o
 .debug_abbrev  0x0000000000001114      0x1bf Core/Src/sysmem.o
 .debug_abbrev  0x00000000000012d3      0x145 Core/Src/system_stm32f4xx.o
 .debug_abbrev  0x0000000000001418      0x1bb Core/Src/usart.o
 .debug_abbrev  0x00000000000015d3      0x211 Core/Src/w5500.o
 .debug_abbrev  0x00000000000017e4      0x2de Core/Src/wizchip_conf.o
 .debug_abbrev  0x0000000000001ac2       0x12 Core/Startup/startup_stm32f429zgtx.o
 .debug_abbrev  0x0000000000001ad4      0x1ed Drivers/STM32F4xx_HAL_Driver/stm32f4xx_hal.o
 .debug_abbrev  0x0000000000001cc1      0x33c Drivers/STM32F4xx_HAL_Driver/stm32f4xx_hal_cortex.o
 .debug_abbrev  0x0000000000001ffd      0x259 Drivers/STM32F4xx_HAL_Driver/stm32f4xx_hal_dma.o
 .debug_abbrev  0x0000000000002256      0x1f1 Drivers/STM32F4xx_HAL_Driver/stm32f4xx_hal_gpio.o
 .debug_abbrev  0x0000000000002447      0x275 Drivers/STM32F4xx_HAL_Driver/stm32f4xx_hal_rcc.o
 .debug_abbrev  0x00000000000026bc      0x26e Drivers/STM32F4xx_HAL_Driver/stm32f4xx_hal_spi.o
 .debug_abbrev  0x000000000000292a      0x28b Drivers/STM32F4xx_HAL_Driver/stm32f4xx_hal_uart.o

.debug_aranges  0x0000000000000000      0xc98
 .debug_aranges
                0x0000000000000000       0x20 Core/Src/dma.o
 .debug_aranges
                0x0000000000000020       0x20 Core/Src/gpio.o
 .debug_aranges
                0x0000000000000040       0x30 Core/Src/loopback.o
 .debug_aranges
                0x0000000000000070       0x70 Core/Src/main.o
 .debug_aranges
                0x00000000000000e0       0x78 Core/Src/socket.o
 .debug_aranges
                0x0000000000000158       0x58 Core/Src/spi.o
 .debug_aranges
                0x00000000000001b0       0x20 Core/Src/stm32f4xx_hal_msp.o
 .debug_aranges
                0x00000000000001d0       0x90 Core/Src/stm32f4xx_it.o
 .debug_aranges
                0x0000000000000260       0xa8 Core/Src/syscalls.o
 .debug_aranges
                0x0000000000000308       0x20 Core/Src/sysmem.o
 .debug_aranges
                0x0000000000000328       0x28 Core/Src/system_stm32f4xx.o
 .debug_aranges
                0x0000000000000350       0x30 Core/Src/usart.o
 .debug_aranges
                0x0000000000000380       0x60 Core/Src/w5500.o
 .debug_aranges
                0x00000000000003e0      0x138 Core/Src/wizchip_conf.o
 .debug_aranges
                0x0000000000000518       0x28 Core/Startup/startup_stm32f429zgtx.o
 .debug_aranges
                0x0000000000000540      0x100 Drivers/STM32F4xx_HAL_Driver/stm32f4xx_hal.o
 .debug_aranges
                0x0000000000000640      0x118 Drivers/STM32F4xx_HAL_Driver/stm32f4xx_hal_cortex.o
 .debug_aranges
                0x0000000000000758       0x90 Drivers/STM32F4xx_HAL_Driver/stm32f4xx_hal_dma.o
 .debug_aranges
                0x00000000000007e8       0x58 Drivers/STM32F4xx_HAL_Driver/stm32f4xx_hal_gpio.o
 .debug_aranges
                0x0000000000000840       0x88 Drivers/STM32F4xx_HAL_Driver/stm32f4xx_hal_rcc.o
 .debug_aranges
                0x00000000000008c8      0x1d0 Drivers/STM32F4xx_HAL_Driver/stm32f4xx_hal_spi.o
 .debug_aranges
                0x0000000000000a98      0x200 Drivers/STM32F4xx_HAL_Driver/stm32f4xx_hal_uart.o

.debug_ranges   0x0000000000000000      0xb70
 .debug_ranges  0x0000000000000000       0x10 Core/Src/dma.o
 .debug_ranges  0x0000000000000010       0x10 Core/Src/gpio.o
 .debug_ranges  0x0000000000000020       0x20 Core/Src/loopback.o
 .debug_ranges  0x0000000000000040       0x60 Core/Src/main.o
 .debug_ranges  0x00000000000000a0       0x68 Core/Src/socket.o
 .debug_ranges  0x0000000000000108       0x48 Core/Src/spi.o
 .debug_ranges  0x0000000000000150       0x10 Core/Src/stm32f4xx_hal_msp.o
 .debug_ranges  0x0000000000000160       0x80 Core/Src/stm32f4xx_it.o
 .debug_ranges  0x00000000000001e0       0x98 Core/Src/syscalls.o
 .debug_ranges  0x0000000000000278       0x10 Core/Src/sysmem.o
 .debug_ranges  0x0000000000000288       0x18 Core/Src/system_stm32f4xx.o
 .debug_ranges  0x00000000000002a0       0x20 Core/Src/usart.o
 .debug_ranges  0x00000000000002c0       0x50 Core/Src/w5500.o
 .debug_ranges  0x0000000000000310      0x128 Core/Src/wizchip_conf.o
 .debug_ranges  0x0000000000000438       0x20 Core/Startup/startup_stm32f429zgtx.o
 .debug_ranges  0x0000000000000458       0xf0 Drivers/STM32F4xx_HAL_Driver/stm32f4xx_hal.o
 .debug_ranges  0x0000000000000548      0x108 Drivers/STM32F4xx_HAL_Driver/stm32f4xx_hal_cortex.o
 .debug_ranges  0x0000000000000650       0x80 Drivers/STM32F4xx_HAL_Driver/stm32f4xx_hal_dma.o
 .debug_ranges  0x00000000000006d0       0x48 Drivers/STM32F4xx_HAL_Driver/stm32f4xx_hal_gpio.o
 .debug_ranges  0x0000000000000718       0x78 Drivers/STM32F4xx_HAL_Driver/stm32f4xx_hal_rcc.o
 .debug_ranges  0x0000000000000790      0x1c0 Drivers/STM32F4xx_HAL_Driver/stm32f4xx_hal_spi.o
 .debug_ranges  0x0000000000000950      0x220 Drivers/STM32F4xx_HAL_Driver/stm32f4xx_hal_uart.o

.debug_macro    0x0000000000000000    0x24817
 .debug_macro   0x0000000000000000      0x1d8 Core/Src/dma.o
 .debug_macro   0x00000000000001d8      0x29b Core/Src/dma.o
 .debug_macro   0x0000000000000473       0x2e Core/Src/dma.o
 .debug_macro   0x00000000000004a1       0x28 Core/Src/dma.o
 .debug_macro   0x00000000000004c9       0x22 Core/Src/dma.o
 .debug_macro   0x00000000000004eb       0x8e Core/Src/dma.o
 .debug_macro   0x0000000000000579       0x51 Core/Src/dma.o
 .debug_macro   0x00000000000005ca      0x103 Core/Src/dma.o
 .debug_macro   0x00000000000006cd       0x6a Core/Src/dma.o
 .debug_macro   0x0000000000000737      0x1df Core/Src/dma.o
 .debug_macro   0x0000000000000916       0x1c Core/Src/dma.o
 .debug_macro   0x0000000000000932       0x22 Core/Src/dma.o
 .debug_macro   0x0000000000000954       0xdf Core/Src/dma.o
 .debug_macro   0x0000000000000a33     0x102d Core/Src/dma.o
 .debug_macro   0x0000000000001a60      0x11f Core/Src/dma.o
 .debug_macro   0x0000000000001b7f    0x17f6a Core/Src/dma.o
 .debug_macro   0x0000000000019ae9       0x43 Core/Src/dma.o
 .debug_macro   0x0000000000019b2c     0x36c9 Core/Src/dma.o
 .debug_macro   0x000000000001d1f5      0x174 Core/Src/dma.o
 .debug_macro   0x000000000001d369       0x5c Core/Src/dma.o
 .debug_macro   0x000000000001d3c5      0xca5 Core/Src/dma.o
 .debug_macro   0x000000000001e06a      0x9fe Core/Src/dma.o
 .debug_macro   0x000000000001ea68      0x117 Core/Src/dma.o
 .debug_macro   0x000000000001eb7f      0x157 Core/Src/dma.o
 .debug_macro   0x000000000001ecd6       0x82 Core/Src/dma.o
 .debug_macro   0x000000000001ed58      0x182 Core/Src/dma.o
 .debug_macro   0x000000000001eeda      0x287 Core/Src/dma.o
 .debug_macro   0x000000000001f161       0x5f Core/Src/dma.o
 .debug_macro   0x000000000001f1c0      0x236 Core/Src/dma.o
 .debug_macro   0x000000000001f3f6      0x132 Core/Src/dma.o
 .debug_macro   0x000000000001f528      0x41d Core/Src/dma.o
 .debug_macro   0x000000000001f945       0x2e Core/Src/dma.o
 .debug_macro   0x000000000001f973      0x11a Core/Src/dma.o
 .debug_macro   0x000000000001fa8d       0xe2 Core/Src/dma.o
 .debug_macro   0x000000000001fb6f       0x89 Core/Src/dma.o
 .debug_macro   0x000000000001fbf8      0x225 Core/Src/dma.o
 .debug_macro   0x000000000001fe1d      0x295 Core/Src/dma.o
 .debug_macro   0x00000000000200b2      0x134 Core/Src/dma.o
 .debug_macro   0x00000000000201e6      0x1dd Core/Src/gpio.o
 .debug_macro   0x00000000000203c3       0x10 Core/Src/gpio.o
 .debug_macro   0x00000000000203d3      0x205 Core/Src/loopback.o
 .debug_macro   0x00000000000205d8       0x4c Core/Src/loopback.o
 .debug_macro   0x0000000000020624       0x18 Core/Src/loopback.o
 .debug_macro   0x000000000002063c       0x94 Core/Src/loopback.o
 .debug_macro   0x00000000000206d0       0x3c Core/Src/loopback.o
 .debug_macro   0x000000000002070c       0x34 Core/Src/loopback.o
 .debug_macro   0x0000000000020740       0x16 Core/Src/loopback.o
 .debug_macro   0x0000000000020756       0x57 Core/Src/loopback.o
 .debug_macro   0x00000000000207ad       0x97 Core/Src/loopback.o
 .debug_macro   0x0000000000020844      0x339 Core/Src/loopback.o
 .debug_macro   0x0000000000020b7d       0xfd Core/Src/loopback.o
 .debug_macro   0x0000000000020c7a       0x10 Core/Src/loopback.o
 .debug_macro   0x0000000000020c8a       0x16 Core/Src/loopback.o
 .debug_macro   0x0000000000020ca0       0x43 Core/Src/loopback.o
 .debug_macro   0x0000000000020ce3       0x34 Core/Src/loopback.o
 .debug_macro   0x0000000000020d17       0x10 Core/Src/loopback.o
 .debug_macro   0x0000000000020d27       0x58 Core/Src/loopback.o
 .debug_macro   0x0000000000020d7f       0x71 Core/Src/loopback.o
 .debug_macro   0x0000000000020df0       0x1c Core/Src/loopback.o
 .debug_macro   0x0000000000020e0c      0x12a Core/Src/loopback.o
 .debug_macro   0x0000000000020f36       0x10 Core/Src/loopback.o
 .debug_macro   0x0000000000020f46       0x1c Core/Src/loopback.o
 .debug_macro   0x0000000000020f62       0x52 Core/Src/loopback.o
 .debug_macro   0x0000000000020fb4       0x22 Core/Src/loopback.o
 .debug_macro   0x0000000000020fd6       0x10 Core/Src/loopback.o
 .debug_macro   0x0000000000020fe6       0x40 Core/Src/loopback.o
 .debug_macro   0x0000000000021026       0xd5 Core/Src/loopback.o
 .debug_macro   0x00000000000210fb       0x1c Core/Src/loopback.o
 .debug_macro   0x0000000000021117       0x3d Core/Src/loopback.o
 .debug_macro   0x0000000000021154       0x16 Core/Src/loopback.o
 .debug_macro   0x000000000002116a      0x145 Core/Src/loopback.o
 .debug_macro   0x00000000000212af       0x1c Core/Src/loopback.o
 .debug_macro   0x00000000000212cb       0x6c Core/Src/loopback.o
 .debug_macro   0x0000000000021337      0x5e7 Core/Src/loopback.o