Archive member included to satisfy reference by file (symbol)

c:/st/stm32cubeide_1.5.0/stm32cubeide/plugins/com.st.stm32cube.ide.mcu.externaltools.gnu-tools-for-stm32.9-2020-q2-update.win32_1.5.0.202011040924/tools/bin/../lib/gcc/arm-none-eabi/9.3.1/../../../../arm-none-eabi/lib/thumb/v7e-m+fp/hard\libc_nano.a(lib_a-errno.o)
                              Core/Src/syscalls.o (__errno)
c:/st/stm32cubeide_1.5.0/stm32cubeide/plugins/com.st.stm32cube.ide.mcu.externaltools.gnu-tools-for-stm32.9-2020-q2-update.win32_1.5.0.202011040924/tools/bin/../lib/gcc/arm-none-eabi/9.3.1/../../../../arm-none-eabi/lib/thumb/v7e-m+fp/hard\libc_nano.a(lib_a-exit.o)
                              c:/st/stm32cubeide_1.5.0/stm32cubeide/plugins/com.st.stm32cube.ide.mcu.externaltools.gnu-tools-for-stm32.9-2020-q2-update.win32_1.5.0.202011040924/tools/bin/../lib/gcc/arm-none-eabi/9.3.1/../../../../arm-none-eabi/lib/thumb/v7e-m+fp/hard/crt0.o (exit)
c:/st/stm32cubeide_1.5.0/stm32cubeide/plugins/com.st.stm32cube.ide.mcu.externaltools.gnu-tools-for-stm32.9-2020-q2-update.win32_1.5.0.202011040924/tools/bin/../lib/gcc/arm-none-eabi/9.3.1/../../../../arm-none-eabi/lib/thumb/v7e-m+fp/hard\libc_nano.a(lib_a-impure.o)
                              c:/st/stm32cubeide_1.5.0/stm32cubeide/plugins/com.st.stm32cube.ide.mcu.externaltools.gnu-tools-for-stm32.9-2020-q2-update.win32_1.5.0.202011040924/tools/bin/../lib/gcc/arm-none-eabi/9.3.1/../../../../arm-none-eabi/lib/thumb/v7e-m+fp/hard\libc_nano.a(lib_a-exit.o) (_global_impure_ptr)
c:/st/stm32cubeide_1.5.0/stm32cubeide/plugins/com.st.stm32cube.ide.mcu.externaltools.gnu-tools-for-stm32.9-2020-q2-update.win32_1.5.0.202011040924/tools/bin/../lib/gcc/arm-none-eabi/9.3.1/../../../../arm-none-eabi/lib/thumb/v7e-m+fp/hard\libc_nano.a(lib_a-init.o)
                              c:/st/stm32cubeide_1.5.0/stm32cubeide/plugins/com.st.stm32cube.ide.mcu.externaltools.gnu-tools-for-stm32.9-2020-q2-update.win32_1.5.0.202011040924/tools/bin/../lib/gcc/arm-none-eabi/9.3.1/../../../../arm-none-eabi/lib/thumb/v7e-m+fp/hard/crt0.o (__libc_init_array)
c:/st/stm32cubeide_1.5.0/stm32cubeide/plugins/com.st.stm32cube.ide.mcu.externaltools.gnu-tools-for-stm32.9-2020-q2-update.win32_1.5.0.202011040924/tools/bin/../lib/gcc/arm-none-eabi/9.3.1/../../../../arm-none-eabi/lib/thumb/v7e-m+fp/hard\libc_nano.a(lib_a-memset.o)
                              c:/st/stm32cubeide_1.5.0/stm32cubeide/plugins/com.st.stm32cube.ide.mcu.externaltools.gnu-tools-for-stm32.9-2020-q2-update.win32_1.5.0.202011040924/tools/bin/../lib/gcc/arm-none-eabi/9.3.1/../../../../arm-none-eabi/lib/thumb/v7e-m+fp/hard/crt0.o (memset)
c:/st/stm32cubeide_1.5.0/stm32cubeide/plugins/com.st.stm32cube.ide.mcu.externaltools.gnu-tools-for-stm32.9-2020-q2-update.win32_1.5.0.202011040924/tools/bin/../lib/gcc/arm-none-eabi/9.3.1/../../../../arm-none-eabi/lib/thumb/v7e-m+fp/hard\libc_nano.a(lib_a-printf.o)
                              Core/Src/loopback.o (printf)
c:/st/stm32cubeide_1.5.0/stm32cubeide/plugins/com.st.stm32cube.ide.mcu.externaltools.gnu-tools-for-stm32.9-2020-q2-update.win32_1.5.0.202011040924/tools/bin/../lib/gcc/arm-none-eabi/9.3.1/../../../../arm-none-eabi/lib/thumb/v7e-m+fp/hard\libc_nano.a(lib_a-puts.o)
                              Core/Src/main.o (puts)
c:/st/stm32cubeide_1.5.0/stm32cubeide/plugins/com.st.stm32cube.ide.mcu.externaltools.gnu-tools-for-stm32.9-2020-q2-update.win32_1.5.0.202011040924/tools/bin/../lib/gcc/arm-none-eabi/9.3.1/../../../../arm-none-eabi/lib/thumb/v7e-m+fp/hard\libc_nano.a(lib_a-wbuf.o)
                              c:/st/stm32cubeide_1.5.0/stm32cubeide/plugins/com.st.stm32cube.ide.mcu.externaltools.gnu-tools-for-stm32.9-2020-q2-update.win32_1.5.0.202011040924/tools/bin/../lib/gcc/arm-none-eabi/9.3.1/../../../../arm-none-eabi/lib/thumb/v7e-m+fp/hard\libc_nano.a(lib_a-puts.o) (__swbuf_r)
c:/st/stm32cubeide_1.5.0/stm32cubeide/plugins/com.st.stm32cube.ide.mcu.externaltools.gnu-tools-for-stm32.9-2020-q2-update.win32_1.5.0.202011040924/tools/bin/../lib/gcc/arm-none-eabi/9.3.1/../../../../arm-none-eabi/lib/thumb/v7e-m+fp/hard\libc_nano.a(lib_a-wsetup.o)
                              c:/st/stm32cubeide_1.5.0/stm32cubeide/plugins/com.st.stm32cube.ide.mcu.externaltools.gnu-tools-for-stm32.9-2020-q2-update.win32_1.5.0.202011040924/tools/bin/../lib/gcc/arm-none-eabi/9.3.1/../../../../arm-none-eabi/lib/thumb/v7e-m+fp/hard\libc_nano.a(lib_a-puts.o) (__swsetup_r)
c:/st/stm32cubeide_1.5.0/stm32cubeide/plugins/com.st.stm32cube.ide.mcu.externaltools.gnu-tools-for-stm32.9-2020-q2-update.win32_1.5.0.202011040924/tools/bin/../lib/gcc/arm-none-eabi/9.3.1/../../../../arm-none-eabi/lib/thumb/v7e-m+fp/hard\libc_nano.a(lib_a-fflush.o)
                              c:/st/stm32cubeide_1.5.0/stm32cubeide/plugins/com.st.stm32cube.ide.mcu.externaltools.gnu-tools-for-stm32.9-2020-q2-update.win32_1.5.0.202011040924/tools/bin/../lib/gcc/arm-none-eabi/9.3.1/../../../../arm-none-eabi/lib/thumb/v7e-m+fp/hard\libc_nano.a(lib_a-wbuf.o) (_fflush_r)
[...]
Memory Configuration

Name             Origin             Length             Attributes
CCMRAM           0x0000000010000000 0x0000000000010000 xrw
RAM              0x0000000020000000 0x0000000000030000 xrw
FLASH            0x0000000008000000 0x0000000000100000 xr
*default*        0x0000000000000000 0xffffffffffffffff

Linker script and memory map

LOAD c:/st/stm32cubeide_1.5.0/stm32cubeide/plugins/com.st.stm32cube.ide.mcu.externaltools.gnu-tools-for-stm32.9-2020-q2-update.win32_1.5.0.202011040924/tools/bin/../lib/gcc/arm-none-eabi/9.3.1/thumb/v7e-m+fp/hard/crti.o
LOAD c:/st/stm32cubeide_1.5.0/stm32cubeide/plugins/com.st.stm32cube.ide.mcu.externaltools.gnu-tools-for-stm32.9-2020-q2-update.win32_1.5.0.202011040924/tools/bin/../lib/gcc/arm-none-eabi/9.3.1/thumb/v7e-m+fp/hard/crtbegin.o
LOAD c:/st/stm32cubeide_1.5.0/stm32cubeide/plugins/com.st.stm32cube.ide.mcu.externaltools.gnu-tools-for-stm32.9-2020-q2-update.win32_1.5.0.202011040924/tools/bin/../lib/gcc/arm-none-eabi/9.3.1/../../../../arm-none-eabi/lib/thumb/v7e-m+fp/hard/crt0.o
LOAD Core/Src/dhcp.o
LOAD Core/Src/dma.o
LOAD Core/Src/gpio.o
LOAD Core/Src/loopback.o
LOAD Core/Src/main.o
LOAD Core/Src/socket.o
LOAD Core/Src/spi.o
LOAD Core/Src/stm32f4xx_hal_msp.o
LOAD Core/Src/stm32f4xx_it.o
LOAD Core/Src/syscalls.o
LOAD Core/Src/sysmem.o
LOAD Core/Src/system_stm32f4xx.o
LOAD Core/Src/usart.o
LOAD Core/Src/w5500.o
LOAD Core/Src/wizchip_conf.o
LOAD Core/Startup/startup_stm32f429zgtx.o
LOAD Drivers/STM32F4xx_HAL_Driver/stm32f4xx_hal.o
LOAD Drivers/STM32F4xx_HAL_Driver/stm32f4xx_hal_cortex.o
LOAD Drivers/STM32F4xx_HAL_Driver/stm32f4xx_hal_dma.o
LOAD Drivers/STM32F4xx_HAL_Driver/stm32f4xx_hal_dma_ex.o
LOAD Drivers/STM32F4xx_HAL_Driver/stm32f4xx_hal_exti.o
LOAD Drivers/STM32F4xx_HAL_Driver/stm32f4xx_hal_flash.o
LOAD Drivers/STM32F4xx_HAL_Driver/stm32f4xx_hal_flash_ex.o
LOAD Drivers/STM32F4xx_HAL_Driver/stm32f4xx_hal_flash_ramfunc.o
LOAD Drivers/STM32F4xx_HAL_Driver/stm32f4xx_hal_gpio.o
LOAD Drivers/STM32F4xx_HAL_Driver/stm32f4xx_hal_pwr.o
LOAD Drivers/STM32F4xx_HAL_Driver/stm32f4xx_hal_pwr_ex.o
LOAD Drivers/STM32F4xx_HAL_Driver/stm32f4xx_hal_rcc.o
LOAD Drivers/STM32F4xx_HAL_Driver/stm32f4xx_hal_rcc_ex.o
LOAD Drivers/STM32F4xx_HAL_Driver/stm32f4xx_hal_spi.o
LOAD Drivers/STM32F4xx_HAL_Driver/stm32f4xx_hal_tim.o
LOAD Drivers/STM32F4xx_HAL_Driver/stm32f4xx_hal_tim_ex.o
LOAD Drivers/STM32F4xx_HAL_Driver/stm32f4xx_hal_uart.o
START GROUP
LOAD c:/st/stm32cubeide_1.5.0/stm32cubeide/plugins/com.st.stm32cube.ide.mcu.externaltools.gnu-tools-for-stm32.9-2020-q2-update.win32_1.5.0.202011040924/tools/bin/../lib/gcc/arm-none-eabi/9.3.1/../../../../arm-none-eabi/lib/thumb/v7e-m+fp/hard\libc_nano.a
LOAD c:/st/stm32cubeide_1.5.0/stm32cubeide/plugins/com.st.stm32cube.ide.mcu.externaltools.gnu-tools-for-stm32.9-2020-q2-update.win32_1.5.0.202011040924/tools/bin/../lib/gcc/arm-none-eabi/9.3.1/../../../../arm-none-eabi/lib/thumb/v7e-m+fp/hard\libm.a
END GROUP
START GROUP
LOAD c:/st/stm32cubeide_1.5.0/stm32cubeide/plugins/com.st.stm32cube.ide.mcu.externaltools.gnu-tools-for-stm32.9-2020-q2-update.win32_1.5.0.202011040924/tools/bin/../lib/gcc/arm-none-eabi/9.3.1/thumb/v7e-m+fp/hard\libgcc.a
LOAD c:/st/stm32cubeide_1.5.0/stm32cubeide/plugins/com.st.stm32cube.ide.mcu.externaltools.gnu-tools-for-stm32.9-2020-q2-update.win32_1.5.0.202011040924/tools/bin/../lib/gcc/arm-none-eabi/9.3.1/../../../../arm-none-eabi/lib/thumb/v7e-m+fp/hard\libc_nano.a
END GROUP
START GROUP
LOAD c:/st/stm32cubeide_1.5.0/stm32cubeide/plugins/com.st.stm32cube.ide.mcu.externaltools.gnu-tools-for-stm32.9-2020-q2-update.win32_1.5.0.202011040924/tools/bin/../lib/gcc/arm-none-eabi/9.3.1/thumb/v7e-m+fp/hard\libgcc.a
LOAD c:/st/stm32cubeide_1.5.0/stm32cubeide/plugins/com.st.stm32cube.ide.mcu.externaltools.gnu-tools-for-stm32.9-2020-q2-update.win32_1.5.0.202011040924/tools/bin/../lib/gcc/arm-none-eabi/9.3.1/../../../../arm-none-eabi/lib/thumb/v7e-m+fp/hard\libc_nano.a
LOAD c:/st/stm32cubeide_1.5.0/stm32cubeide/plugins/com.st.stm32cube.ide.mcu.externaltools.gnu-tools-for-stm32.9-2020-q2-update.win32_1.5.0.202011040924/tools/bin/../lib/gcc/arm-none-eabi/9.3.1/../../../../arm-none-eabi/lib/thumb/v7e-m+fp/hard\libnosys.a
END GROUP
START GROUP
LOAD c:/st/stm32cubeide_1.5.0/stm32cubeide/plugins/com.st.stm32cube.ide.mcu.externaltools.gnu-tools-for-stm32.9-2020-q2-update.win32_1.5.0.202011040924/tools/bin/../lib/gcc/arm-none-eabi/9.3.1/thumb/v7e-m+fp/hard\libgcc.a
LOAD c:/st/stm32cubeide_1.5.0/stm32cubeide/plugins/com.st.stm32cube.ide.mcu.externaltools.gnu-tools-for-stm32.9-2020-q2-update.win32_1.5.0.202011040924/tools/bin/../lib/gcc/arm-none-eabi/9.3.1/../../../../arm-none-eabi/lib/thumb/v7e-m+fp/hard\libc_nano.a
LOAD c:/st/stm32cubeide_1.5.0/stm32cubeide/plugins/com.st.stm32cube.ide.mcu.externaltools.gnu-tools-for-stm32.9-2020-q2-update.win32_1.5.0.202011040924/tools/bin/../lib/gcc/arm-none-eabi/9.3.1/../../../../arm-none-eabi/lib/thumb/v7e-m+fp/hard\libnosys.a
END GROUP
LOAD c:/st/stm32cubeide_1.5.0/stm32cubeide/plugins/com.st.stm32cube.ide.mcu.externaltools.gnu-tools-for-stm32.9-2020-q2-update.win32_1.5.0.202011040924/tools/bin/../lib/gcc/arm-none-eabi/9.3.1/thumb/v7e-m+fp/hard/crtend.o
LOAD c:/st/stm32cubeide_1.5.0/stm32cubeide/plugins/com.st.stm32cube.ide.mcu.externaltools.gnu-tools-for-stm32.9-2020-q2-update.win32_1.5.0.202011040924/tools/bin/../lib/gcc/arm-none-eabi/9.3.1/thumb/v7e-m+fp/hard/crtn.o
                0x0000000020030000                _estack = (ORIGIN (RAM) + LENGTH (RAM))
                0x0000000000000200                _Min_Heap_Size = 0x200
                0x0000000000000400                _Min_Stack_Size = 0x400

.isr_vector     0x0000000008000000      0x1ac
                0x0000000008000000                . = ALIGN (0x4)
 *(.isr_vector)
 .isr_vector    0x0000000008000000      0x1ac Core/Startup/startup_stm32f429zgtx.o
                0x0000000008000000                g_pfnVectors
                0x00000000080001ac                . = ALIGN (0x4)

.text           0x00000000080001b0     0x6c74
                0x00000000080001b0                . = ALIGN (0x4)
 *(.text)
 .text          0x00000000080001b0       0x40 c:/st/stm32cubeide_1.5.0/stm32cubeide/plugins/com.st.stm32cube.ide.mcu.externaltools.gnu-tools-for-stm32.9-2020-q2-update.win32_1.5.0.202011040924/tools/bin/../lib/gcc/arm-none-eabi/9.3.1/thumb/v7e-m+fp/hard/crtbegin.o
 .text          0x00000000080001f0       0xa0 c:/st/stm32cubeide_1.5.0/stm32cubeide/plugins/com.st.stm32cube.ide.mcu.externaltools.gnu-tools-for-stm32.9-2020-q2-update.win32_1.5.0.202011040924/tools/bin/../lib/gcc/arm-none-eabi/9.3.1/../../../../arm-none-eabi/lib/thumb/v7e-m+fp/hard\libc_nano.a(lib_a-memchr.o)
                0x00000000080001f0                memchr
 .text          0x0000000008000290       0x30 c:/st/stm32cubeide_1.5.0/stm32cubeide/plugins/com.st.stm32cube.ide.mcu.externaltools.gnu-tools-for-stm32.9-2020-q2-update.win32_1.5.0.202011040924/tools/bin/../lib/gcc/arm-none-eabi/9.3.1/thumb/v7e-m+fp/hard\libgcc.a(_aeabi_uldivmod.o)
                0x0000000008000290                __aeabi_uldivmod
 .text          0x00000000080002c0      0x2c4 c:/st/stm32cubeide_1.5.0/stm32cubeide/plugins/com.st.stm32cube.ide.mcu.externaltools.gnu-tools-for-stm32.9-2020-q2-update.win32_1.5.0.202011040924/tools/bin/../lib/gcc/arm-none-eabi/9.3.1/thumb/v7e-m+fp/hard\libgcc.a(_udivmoddi4.o)
                0x00000000080002c0                __udivmoddi4
 .text          0x0000000008000584        0x4 c:/st/stm32cubeide_1.5.0/stm32cubeide/plugins/com.st.stm32cube.ide.mcu.externaltools.gnu-tools-for-stm32.9-2020-q2-update.win32_1.5.0.202011040924/tools/bin/../lib/gcc/arm-none-eabi/9.3.1/thumb/v7e-m+fp/hard\libgcc.a(_dvmd_tls.o)
                0x0000000008000584                __aeabi_idiv0
                0x0000000008000584                __aeabi_ldiv0
 *(.text*)
 .text.MX_DMA_Init
                0x0000000008000588       0xac Core/Src/dma.o
                0x0000000008000588                MX_DMA_Init
 .text.MX_GPIO_Init
                0x0000000008000634      0x110 Core/Src/gpio.o
                0x0000000008000634                MX_GPIO_Init
 .text.loopback_tcps
                0x0000000008000744      0x250 Core/Src/loopback.o
                0x0000000008000744                loopback_tcps
 .text.loopback_udps
                0x0000000008000994      0x114 Core/Src/loopback.o
                0x0000000008000994                loopback_udps
 .text.__io_putchar
                0x0000000008000aa8       0x24 Core/Src/main.o
                0x0000000008000aa8                __io_putchar
 .text.main     0x0000000008000acc      0x100 Core/Src/main.o
                0x0000000008000acc                main
 .text.SystemClock_Config
                0x0000000008000bcc       0xc0 Core/Src/main.o
                0x0000000008000bcc                SystemClock_Config
 .text.W5500_Select
                0x0000000008000c8c       0x18 Core/Src/main.o
                0x0000000008000c8c                W5500_Select
 .text.W5500_Unselect
                0x0000000008000ca4       0x18 Core/Src/main.o
                0x0000000008000ca4                W5500_Unselect
 .text.spi_rb   0x0000000008000cbc       0x24 Core/Src/main.o
                0x0000000008000cbc                spi_rb
 .text.spi_wb   0x0000000008000ce0       0x24 Core/Src/main.o
                0x0000000008000ce0                spi_wb
 .text.network_init
                0x0000000008000d04      0x10c Core/Src/main.o
                0x0000000008000d04                network_init
 .text.Error_Handler
                0x0000000008000e10        0xa Core/Src/main.o
                0x0000000008000e10                Error_Handler
 *fill*         0x0000000008000e1a        0x2 
 .text.socket   0x0000000008000e1c      0x230 Core/Src/socket.o
                0x0000000008000e1c                socket
 .text.close    0x000000000800104c       0xdc Core/Src/socket.o
                0x000000000800104c                close
 .text.listen   0x0000000008001128       0xca Core/Src/socket.o
                0x0000000008001128                listen
 *fill*         0x00000000080011f2        0x2 
 .text.disconnect
                0x00000000080011f4       0xec Core/Src/socket.o
                0x00000000080011f4                disconnect
 .text.send     0x00000000080012e0      0x1f4 Core/Src/socket.o
                0x00000000080012e0                send
 .text.recv     0x00000000080014d4      0x16c Core/Src/socket.o
                0x00000000080014d4                recv
 .text.sendto   0x0000000008001640      0x238 Core/Src/socket.o
                0x0000000008001640                sendto
 .text.recvfrom
                0x0000000008001878      0x304 Core/Src/socket.o
                0x0000000008001878                recvfrom
 .text.MX_SPI1_Init
                0x0000000008001b7c       0x64 Core/Src/spi.o
                0x0000000008001b7c                MX_SPI1_Init
 .text.MX_SPI2_Init
                0x0000000008001be0       0x6c Core/Src/spi.o
                0x0000000008001be0                MX_SPI2_Init
 .text.MX_SPI3_Init
                0x0000000008001c4c       0x64 Core/Src/spi.o
                0x0000000008001c4c                MX_SPI3_Init
 .text.MX_SPI4_Init
                0x0000000008001cb0       0x64 Core/Src/spi.o
                0x0000000008001cb0                MX_SPI4_Init
 .text.MX_SPI5_Init
                0x0000000008001d14       0x64 Core/Src/spi.o
                0x0000000008001d14                MX_SPI5_Init
 .text.MX_SPI6_Init
                0x0000000008001d78       0x64 Core/Src/spi.o
                0x0000000008001d78                MX_SPI6_Init
 .text.HAL_SPI_MspInit
                0x0000000008001ddc      0x548 Core/Src/spi.o
                0x0000000008001ddc                HAL_SPI_MspInit
 .text.HAL_MspInit
                0x0000000008002324       0x50 Core/Src/stm32f4xx_hal_msp.o
                0x0000000008002324                HAL_MspInit
 .text.NMI_Handler
                0x0000000008002374        0x6 Core/Src/stm32f4xx_it.o
                0x0000000008002374                NMI_Handler
 .text.HardFault_Handler
                0x000000000800237a        0x6 Core/Src/stm32f4xx_it.o
                0x000000000800237a                HardFault_Handler
 .text.MemManage_Handler
                0x0000000008002380        0x6 Core/Src/stm32f4xx_it.o
                0x0000000008002380                MemManage_Handler
 .text.BusFault_Handler
                0x0000000008002386        0x6 Core/Src/stm32f4xx_it.o
                0x0000000008002386                BusFault_Handler
 .text.UsageFault_Handler
                0x000000000800238c        0x6 Core/Src/stm32f4xx_it.o
                0x000000000800238c                UsageFault_Handler
 .text.SVC_Handler
                0x0000000008002392        0xe Core/Src/stm32f4xx_it.o
                0x0000000008002392                SVC_Handler
 .text.DebugMon_Handler
                0x00000000080023a0        0xe Core/Src/stm32f4xx_it.o
                0x00000000080023a0                DebugMon_Handler
 .text.PendSV_Handler
                0x00000000080023ae        0xe Core/Src/stm32f4xx_it.o
                0x00000000080023ae                PendSV_Handler
 .text.SysTick_Handler
                0x00000000080023bc        0xc Core/Src/stm32f4xx_it.o
                0x00000000080023bc                SysTick_Handler
 .text.DMA1_Stream0_IRQHandler
                0x00000000080023c8       0x14 Core/Src/stm32f4xx_it.o
                0x00000000080023c8                DMA1_Stream0_IRQHandler
 .text.DMA1_Stream4_IRQHandler
                0x00000000080023dc       0x14 Core/Src/stm32f4xx_it.o
                0x00000000080023dc                DMA1_Stream4_IRQHandler
 .text.DMA2_Stream0_IRQHandler
                0x00000000080023f0       0x14 Core/Src/stm32f4xx_it.o
                0x00000000080023f0                DMA2_Stream0_IRQHandler
 .text.DMA2_Stream3_IRQHandler
                0x0000000008002404       0x14 Core/Src/stm32f4xx_it.o
                0x0000000008002404                DMA2_Stream3_IRQHandler
 .text.DMA2_Stream5_IRQHandler
                0x0000000008002418       0x14 Core/Src/stm32f4xx_it.o
                0x0000000008002418                DMA2_Stream5_IRQHandler
 .text.DMA2_Stream6_IRQHandler
                0x000000000800242c       0x14 Core/Src/stm32f4xx_it.o
                0x000000000800242c                DMA2_Stream6_IRQHandler
 .text._read    0x0000000008002440       0x3a Core/Src/syscalls.o
                0x0000000008002440                _read
 .text._write   0x000000000800247a       0x38 Core/Src/syscalls.o
                0x000000000800247a                _write
 .text._close   0x00000000080024b2       0x18 Core/Src/syscalls.o
                0x00000000080024b2                _close
 .text._fstat   0x00000000080024ca       0x20 Core/Src/syscalls.o
                0x00000000080024ca                _fstat
 .text._isatty  0x00000000080024ea       0x16 Core/Src/syscalls.o
                0x00000000080024ea                _isatty
 .text._lseek   0x0000000008002500       0x1a Core/Src/syscalls.o
                0x0000000008002500                _lseek
 *fill*         0x000000000800251a        0x2 
 .text._sbrk    0x000000000800251c       0x6c Core/Src/sysmem.o
                0x000000000800251c                _sbrk
 .text.SystemInit
                0x0000000008002588       0x24 Core/Src/system_stm32f4xx.o
                0x0000000008002588                SystemInit
 .text.MX_UART4_Init
                0x00000000080025ac       0x54 Core/Src/usart.o
                0x00000000080025ac                MX_UART4_Init
 .text.HAL_UART_MspInit
                0x0000000008002600       0x90 Core/Src/usart.o
                0x0000000008002600                HAL_UART_MspInit
 .text.WIZCHIP_READ
                0x0000000008002690       0x98 Core/Src/w5500.o
                0x0000000008002690                WIZCHIP_READ
 .text.WIZCHIP_WRITE
                0x0000000008002728       0x9c Core/Src/w5500.o
                0x0000000008002728                WIZCHIP_WRITE
 .text.WIZCHIP_READ_BUF
                0x00000000080027c4       0xc0 Core/Src/w5500.o
                0x00000000080027c4                WIZCHIP_READ_BUF
 .text.WIZCHIP_WRITE_BUF
                0x0000000008002884       0xc0 Core/Src/w5500.o
                0x0000000008002884                WIZCHIP_WRITE_BUF
 .text.getSn_TX_FSR
                0x0000000008002944       0x96 Core/Src/w5500.o
                0x0000000008002944                getSn_TX_FSR
 .text.getSn_RX_RSR
                0x00000000080029da       0x96 Core/Src/w5500.o
                0x00000000080029da                getSn_RX_RSR
 .text.wiz_send_data
                0x0000000008002a70       0xb8 Core/Src/w5500.o
                0x0000000008002a70                wiz_send_data
 .text.wiz_recv_data
                0x0000000008002b28       0xb8 Core/Src/w5500.o
                0x0000000008002b28                wiz_recv_data
 .text.wiz_recv_ignore
                0x0000000008002be0       0x90 Core/Src/w5500.o
                0x0000000008002be0                wiz_recv_ignore
 .text.wizchip_cris_enter
                0x0000000008002c70        0xe Core/Src/wizchip_conf.o
                0x0000000008002c70                wizchip_cris_enter
 .text.wizchip_cris_exit
                0x0000000008002c7e        0xe Core/Src/wizchip_conf.o
                0x0000000008002c7e                wizchip_cris_exit
 .text.wizchip_cs_select
                0x0000000008002c8c        0xe Core/Src/wizchip_conf.o
                0x0000000008002c8c                wizchip_cs_select
 .text.wizchip_cs_deselect
                0x0000000008002c9a        0xe Core/Src/wizchip_conf.o
                0x0000000008002c9a                wizchip_cs_deselect
 .text.wizchip_bus_readdata
                0x0000000008002ca8       0x1a Core/Src/wizchip_conf.o
                0x0000000008002ca8                wizchip_bus_readdata
 .text.wizchip_bus_writedata
                0x0000000008002cc2       0x1e Core/Src/wizchip_conf.o
                0x0000000008002cc2                wizchip_bus_writedata
 .text.wizchip_spi_readbyte
                0x0000000008002ce0       0x10 Core/Src/wizchip_conf.o
                0x0000000008002ce0                wizchip_spi_readbyte
 .text.wizchip_spi_writebyte
                0x0000000008002cf0       0x16 Core/Src/wizchip_conf.o
                0x0000000008002cf0                wizchip_spi_writebyte
 .text.wizchip_spi_readburst
                0x0000000008002d06       0x18 Core/Src/wizchip_conf.o
                0x0000000008002d06                wizchip_spi_readburst
 .text.wizchip_spi_writeburst
                0x0000000008002d1e       0x18 Core/Src/wizchip_conf.o
                0x0000000008002d1e                wizchip_spi_writeburst
 *fill*         0x0000000008002d36        0x2 
 .text.reg_wizchip_cs_cbfunc
                0x0000000008002d38       0x4c Core/Src/wizchip_conf.o
                0x0000000008002d38                reg_wizchip_cs_cbfunc
 .text.reg_wizchip_spi_cbfunc
                0x0000000008002d84       0x58 Core/Src/wizchip_conf.o
                0x0000000008002d84                reg_wizchip_spi_cbfunc
 .text.reg_wizchip_spiburst_cbfunc
                0x0000000008002ddc       0x58 Core/Src/wizchip_conf.o
                0x0000000008002ddc                reg_wizchip_spiburst_cbfunc
 .text.ctlwizchip
                0x0000000008002e34      0x1bc Core/Src/wizchip_conf.o
                0x0000000008002e34                ctlwizchip
 .text.ctlnetwork
                0x0000000008002ff0       0x7c Core/Src/wizchip_conf.o
                0x0000000008002ff0                ctlnetwork
 .text.wizchip_sw_reset
                0x000000000800306c       0x98 Core/Src/wizchip_conf.o
                0x000000000800306c                wizchip_sw_reset
 .text.wizchip_init
                0x0000000008003104      0x118 Core/Src/wizchip_conf.o
                0x0000000008003104                wizchip_init
 .text.wizchip_clrinterrupt
                0x000000000800321c       0x3c Core/Src/wizchip_conf.o
                0x000000000800321c                wizchip_clrinterrupt
 .text.wizchip_getinterrupt
                0x0000000008003258       0x4a Core/Src/wizchip_conf.o
                0x0000000008003258                wizchip_getinterrupt
 .text.wizchip_setinterruptmask
                0x00000000080032a2       0x36 Core/Src/wizchip_conf.o
                0x00000000080032a2                wizchip_setinterruptmask
 .text.wizchip_getinterruptmask
                0x00000000080032d8       0x46 Core/Src/wizchip_conf.o
                0x00000000080032d8                wizchip_getinterruptmask
 .text.wizphy_getphylink
                0x000000000800331e       0x2c Core/Src/wizchip_conf.o
                0x000000000800331e                wizphy_getphylink
 .text.wizphy_getphypmode
                0x000000000800334a       0x32 Core/Src/wizchip_conf.o
                0x000000000800334a                wizphy_getphypmode
 .text.wizphy_reset
                0x000000000800337c       0x4e Core/Src/wizchip_conf.o
                0x000000000800337c                wizphy_reset
 .text.wizphy_setphyconf
                0x00000000080033ca       0x84 Core/Src/wizchip_conf.o
                0x00000000080033ca                wizphy_setphyconf
 .text.wizphy_getphyconf
                0x000000000800344e       0xd2 Core/Src/wizchip_conf.o
                0x000000000800344e                wizphy_getphyconf
 .text.wizphy_setphypmode
                0x0000000008003520       0x94 Core/Src/wizchip_conf.o
                0x0000000008003520                wizphy_setphypmode
 .text.wizchip_setnetinfo
                0x00000000080035b4       0x80 Core/Src/wizchip_conf.o
                0x00000000080035b4                wizchip_setnetinfo
 .text.wizchip_getnetinfo
                0x0000000008003634       0x80 Core/Src/wizchip_conf.o
                0x0000000008003634                wizchip_getnetinfo
 .text.wizchip_setnetmode
                0x00000000080036b4       0x44 Core/Src/wizchip_conf.o
                0x00000000080036b4                wizchip_setnetmode
 .text.wizchip_getnetmode
                0x00000000080036f8       0x10 Core/Src/wizchip_conf.o
                0x00000000080036f8                wizchip_getnetmode
 .text.wizchip_settimeout
                0x0000000008003708       0x42 Core/Src/wizchip_conf.o
                0x0000000008003708                wizchip_settimeout
 .text.wizchip_gettimeout
                0x000000000800374a       0x44 Core/Src/wizchip_conf.o
                0x000000000800374a                wizchip_gettimeout
 *fill*         0x000000000800378e        0x2 
 .text.Reset_Handler
                0x0000000008003790       0x50 Core/Startup/startup_stm32f429zgtx.o
                0x0000000008003790                Reset_Handler
 .text.Default_Handler
                0x00000000080037e0        0x2 Core/Startup/startup_stm32f429zgtx.o
                0x00000000080037e0                RTC_Alarm_IRQHandler
                0x00000000080037e0                HASH_RNG_IRQHandler
                0x00000000080037e0                EXTI2_IRQHandler
                0x00000000080037e0                TIM8_CC_IRQHandler
                0x00000000080037e0                UART8_IRQHandler
                0x00000000080037e0                SPI4_IRQHandler
                0x00000000080037e0                TIM1_CC_IRQHandler
                0x00000000080037e0                DMA1_Stream5_IRQHandler
                0x00000000080037e0                PVD_IRQHandler
                0x00000000080037e0                SDIO_IRQHandler
                0x00000000080037e0                TAMP_STAMP_IRQHandler
                0x00000000080037e0                CAN2_RX1_IRQHandler
                0x00000000080037e0                EXTI3_IRQHandler
                0x00000000080037e0                TIM8_TRG_COM_TIM14_IRQHandler
                0x00000000080037e0                TIM1_UP_TIM10_IRQHandler
                0x00000000080037e0                TIM8_UP_TIM13_IRQHandler
                0x00000000080037e0                I2C3_ER_IRQHandler
                0x00000000080037e0                EXTI0_IRQHandler
                0x00000000080037e0                I2C2_EV_IRQHandler
                0x00000000080037e0                DMA1_Stream2_IRQHandler
                0x00000000080037e0                CAN1_RX0_IRQHandler
                0x00000000080037e0                FPU_IRQHandler
                0x00000000080037e0                OTG_HS_WKUP_IRQHandler
                0x00000000080037e0                LTDC_ER_IRQHandler
                0x00000000080037e0                CAN2_SCE_IRQHandler
                0x00000000080037e0                DMA2_Stream2_IRQHandler
                0x00000000080037e0                SPI1_IRQHandler
                0x00000000080037e0                TIM6_DAC_IRQHandler
                0x00000000080037e0                TIM1_BRK_TIM9_IRQHandler
                0x00000000080037e0                DCMI_IRQHandler
                0x00000000080037e0                CAN2_RX0_IRQHandler
                0x00000000080037e0                USART6_IRQHandler
                0x00000000080037e0                USART3_IRQHandler
                0x00000000080037e0                CAN1_RX1_IRQHandler
                0x00000000080037e0                UART5_IRQHandler
                0x00000000080037e0                TIM4_IRQHandler
                0x00000000080037e0                I2C1_EV_IRQHandler
                0x00000000080037e0                DMA1_Stream6_IRQHandler
                0x00000000080037e0                DMA1_Stream1_IRQHandler
                0x00000000080037e0                UART4_IRQHandler
                0x00000000080037e0                TIM3_IRQHandler
                0x00000000080037e0                RCC_IRQHandler
                0x00000000080037e0                TIM8_BRK_TIM12_IRQHandler
                0x00000000080037e0                Default_Handler
                0x00000000080037e0                EXTI15_10_IRQHandler
                0x00000000080037e0                ADC_IRQHandler
                0x00000000080037e0                DMA1_Stream7_IRQHandler
                0x00000000080037e0                SPI5_IRQHandler
                0x00000000080037e0                TIM7_IRQHandler
                0x00000000080037e0                CAN2_TX_IRQHandler
                0x00000000080037e0                TIM5_IRQHandler
                0x00000000080037e0                DMA2_Stream7_IRQHandler
                0x00000000080037e0                I2C3_EV_IRQHandler
                0x00000000080037e0                EXTI9_5_IRQHandler
                0x00000000080037e0                RTC_WKUP_IRQHandler
                0x00000000080037e0                LTDC_IRQHandler
                0x00000000080037e0                ETH_WKUP_IRQHandler
                0x00000000080037e0                SPI2_IRQHandler
                0x00000000080037e0                OTG_HS_EP1_IN_IRQHandler
                0x00000000080037e0                CAN1_TX_IRQHandler
                0x00000000080037e0                EXTI4_IRQHandler
                0x00000000080037e0                ETH_IRQHandler
                0x00000000080037e0                OTG_HS_EP1_OUT_IRQHandler
                0x00000000080037e0                WWDG_IRQHandler
                0x00000000080037e0                SPI6_IRQHandler
                0x00000000080037e0                TIM2_IRQHandler
                0x00000000080037e0                OTG_FS_WKUP_IRQHandler
                0x00000000080037e0                TIM1_TRG_COM_TIM11_IRQHandler
                0x00000000080037e0                OTG_HS_IRQHandler
                0x00000000080037e0                DMA2D_IRQHandler
                0x00000000080037e0                EXTI1_IRQHandler
                0x00000000080037e0                UART7_IRQHandler
                0x00000000080037e0                USART2_IRQHandler
                0x00000000080037e0                I2C2_ER_IRQHandler
                0x00000000080037e0                DMA2_Stream1_IRQHandler
                0x00000000080037e0                CAN1_SCE_IRQHandler
                0x00000000080037e0                FLASH_IRQHandler
                0x00000000080037e0                DMA2_Stream4_IRQHandler
                0x00000000080037e0                USART1_IRQHandler
                0x00000000080037e0                OTG_FS_IRQHandler
                0x00000000080037e0                SPI3_IRQHandler
                0x00000000080037e0                I2C1_ER_IRQHandler
                0x00000000080037e0                FMC_IRQHandler
                0x00000000080037e0                SAI1_IRQHandler
                0x00000000080037e0                DMA1_Stream3_IRQHandler
 *fill*         0x00000000080037e2        0x2 
 .text.HAL_Init
                0x00000000080037e4       0x44 Drivers/STM32F4xx_HAL_Driver/stm32f4xx_hal.o
                0x00000000080037e4                HAL_Init
 .text.HAL_InitTick
                0x0000000008003828       0x60 Drivers/STM32F4xx_HAL_Driver/stm32f4xx_hal.o
                0x0000000008003828                HAL_InitTick
 .text.HAL_IncTick
                0x0000000008003888       0x28 Drivers/STM32F4xx_HAL_Driver/stm32f4xx_hal.o
                0x0000000008003888                HAL_IncTick
 .text.HAL_GetTick
                0x00000000080038b0       0x18 Drivers/STM32F4xx_HAL_Driver/stm32f4xx_hal.o
                0x00000000080038b0                HAL_GetTick
 .text.__NVIC_SetPriorityGrouping
                0x00000000080038c8       0x48 Drivers/STM32F4xx_HAL_Driver/stm32f4xx_hal_cortex.o
 .text.__NVIC_GetPriorityGrouping
                0x0000000008003910       0x1c Drivers/STM32F4xx_HAL_Driver/stm32f4xx_hal_cortex.o
 .text.__NVIC_EnableIRQ
                0x000000000800392c       0x3c Drivers/STM32F4xx_HAL_Driver/stm32f4xx_hal_cortex.o
 .text.__NVIC_SetPriority
                0x0000000008003968       0x54 Drivers/STM32F4xx_HAL_Driver/stm32f4xx_hal_cortex.o
 .text.NVIC_EncodePriority
                0x00000000080039bc       0x66 Drivers/STM32F4xx_HAL_Driver/stm32f4xx_hal_cortex.o
 *fill*         0x0000000008003a22        0x2 
 .text.SysTick_Config
                0x0000000008003a24       0x44 Drivers/STM32F4xx_HAL_Driver/stm32f4xx_hal_cortex.o
 .text.HAL_NVIC_SetPriorityGrouping
                0x0000000008003a68       0x16 Drivers/STM32F4xx_HAL_Driver/stm32f4xx_hal_cortex.o
                0x0000000008003a68                HAL_NVIC_SetPriorityGrouping
 .text.HAL_NVIC_SetPriority
                0x0000000008003a7e       0x38 Drivers/STM32F4xx_HAL_Driver/stm32f4xx_hal_cortex.o
                0x0000000008003a7e                HAL_NVIC_SetPriority
 .text.HAL_NVIC_EnableIRQ
                0x0000000008003ab6       0x1c Drivers/STM32F4xx_HAL_Driver/stm32f4xx_hal_cortex.o
                0x0000000008003ab6                HAL_NVIC_EnableIRQ
 .text.HAL_SYSTICK_Config
                0x0000000008003ad2       0x18 Drivers/STM32F4xx_HAL_Driver/stm32f4xx_hal_cortex.o
                0x0000000008003ad2                HAL_SYSTICK_Config
 *fill*         0x0000000008003aea        0x2 
 .text.HAL_DMA_Init
                0x0000000008003aec      0x15c Drivers/STM32F4xx_HAL_Driver/stm32f4xx_hal_dma.o
                0x0000000008003aec                HAL_DMA_Init
 .text.HAL_DMA_IRQHandler
                0x0000000008003c48      0x314 Drivers/STM32F4xx_HAL_Driver/stm32f4xx_hal_dma.o
                0x0000000008003c48                HAL_DMA_IRQHandler
 .text.DMA_CalcBaseAndBitshift
                0x0000000008003f5c       0x6c Drivers/STM32F4xx_HAL_Driver/stm32f4xx_hal_dma.o
 .text.DMA_CheckFifoParam
                0x0000000008003fc8       0xf8 Drivers/STM32F4xx_HAL_Driver/stm32f4xx_hal_dma.o
 .text.HAL_GPIO_Init
                0x00000000080040c0      0x358 Drivers/STM32F4xx_HAL_Driver/stm32f4xx_hal_gpio.o
                0x00000000080040c0                HAL_GPIO_Init
 .text.HAL_GPIO_WritePin
                0x0000000008004418       0x32 Drivers/STM32F4xx_HAL_Driver/stm32f4xx_hal_gpio.o
                0x0000000008004418                HAL_GPIO_WritePin
 *fill*         0x000000000800444a        0x2 
 .text.HAL_RCC_OscConfig
                0x000000000800444c      0x4f0 Drivers/STM32F4xx_HAL_Driver/stm32f4xx_hal_rcc.o
                0x000000000800444c                HAL_RCC_OscConfig
 .text.HAL_RCC_ClockConfig
                0x000000000800493c      0x1cc Drivers/STM32F4xx_HAL_Driver/stm32f4xx_hal_rcc.o
                0x000000000800493c                HAL_RCC_ClockConfig
 .text.HAL_RCC_GetSysClockFreq
                0x0000000008004b08      0x16c Drivers/STM32F4xx_HAL_Driver/stm32f4xx_hal_rcc.o
                0x0000000008004b08                HAL_RCC_GetSysClockFreq
 .text.HAL_RCC_GetHCLKFreq
                0x0000000008004c74       0x18 Drivers/STM32F4xx_HAL_Driver/stm32f4xx_hal_rcc.o
                0x0000000008004c74                HAL_RCC_GetHCLKFreq
 .text.HAL_RCC_GetPCLK1Freq
                0x0000000008004c8c       0x28 Drivers/STM32F4xx_HAL_Driver/stm32f4xx_hal_rcc.o
                0x0000000008004c8c                HAL_RCC_GetPCLK1Freq
 .text.HAL_RCC_GetPCLK2Freq
                0x0000000008004cb4       0x28 Drivers/STM32F4xx_HAL_Driver/stm32f4xx_hal_rcc.o
                0x0000000008004cb4                HAL_RCC_GetPCLK2Freq
 .text.HAL_SPI_Init
                0x0000000008004cdc      0x112 Drivers/STM32F4xx_HAL_Driver/stm32f4xx_hal_spi.o
                0x0000000008004cdc                HAL_SPI_Init
 .text.HAL_SPI_Transmit
                0x0000000008004dee      0x278 Drivers/STM32F4xx_HAL_Driver/stm32f4xx_hal_spi.o
                0x0000000008004dee                HAL_SPI_Transmit
 .text.HAL_SPI_Receive
                0x0000000008005066      0x222 Drivers/STM32F4xx_HAL_Driver/stm32f4xx_hal_spi.o
                0x0000000008005066                HAL_SPI_Receive
 .text.HAL_SPI_TransmitReceive
                0x0000000008005288      0x344 Drivers/STM32F4xx_HAL_Driver/stm32f4xx_hal_spi.o
                0x0000000008005288                HAL_SPI_TransmitReceive
 .text.SPI_WaitFlagStateUntilTimeout
                0x00000000080055cc      0x110 Drivers/STM32F4xx_HAL_Driver/stm32f4xx_hal_spi.o
 .text.SPI_EndRxTransaction
                0x00000000080056dc       0xca Drivers/STM32F4xx_HAL_Driver/stm32f4xx_hal_spi.o
 *fill*         0x00000000080057a6        0x2 
 .text.SPI_EndRxTxTransaction
                0x00000000080057a8       0x84 Drivers/STM32F4xx_HAL_Driver/stm32f4xx_hal_spi.o
 .text.HAL_UART_Init
                0x000000000800582c       0x9a Drivers/STM32F4xx_HAL_Driver/stm32f4xx_hal_uart.o
                0x000000000800582c                HAL_UART_Init
 .text.HAL_UART_Transmit
                0x00000000080058c6      0x124 Drivers/STM32F4xx_HAL_Driver/stm32f4xx_hal_uart.o
                0x00000000080058c6                HAL_UART_Transmit
 .text.UART_WaitOnFlagUntilTimeout
                0x00000000080059ea       0x94 Drivers/STM32F4xx_HAL_Driver/stm32f4xx_hal_uart.o
 *fill*         0x0000000008005a7e        0x2 
 .text.UART_SetConfig
                0x0000000008005a80      0x390 Drivers/STM32F4xx_HAL_Driver/stm32f4xx_hal_uart.o
 .text.__errno  0x0000000008005e10        0xc c:/st/stm32cubeide_1.5.0/stm32cubeide/plugins/com.st.stm32cube.ide.mcu.externaltools.gnu-tools-for-stm32.9-2020-q2-update.win32_1.5.0.202011040924/tools/bin/../lib/gcc/arm-none-eabi/9.3.1/../../../../arm-none-eabi/lib/thumb/v7e-m+fp/hard\libc_nano.a(lib_a-errno.o)
                0x0000000008005e10                __errno
 .text.__libc_init_array
                0x0000000008005e1c       0x48 c:/st/stm32cubeide_1.5.0/stm32cubeide/plugins/com.st.stm32cube.ide.mcu.externaltools.gnu-tools-for-stm32.9-2020-q2-update.win32_1.5.0.202011040924/tools/bin/../lib/gcc/arm-none-eabi/9.3.1/../../../../arm-none-eabi/lib/thumb/v7e-m+fp/hard\libc_nano.a(lib_a-init.o)
                0x0000000008005e1c                __libc_init_array
 .text.memset   0x0000000008005e64       0x10 c:/st/stm32cubeide_1.5.0/stm32cubeide/plugins/com.st.stm32cube.ide.mcu.externaltools.gnu-tools-for-stm32.9-2020-q2-update.win32_1.5.0.202011040924/tools/bin/../lib/gcc/arm-none-eabi/9.3.1/../../../../arm-none-eabi/lib/thumb/v7e-m+fp/hard\libc_nano.a(lib_a-memset.o)
                0x0000000008005e64                memset
 .text.printf   0x0000000008005e74       0x30 c:/st/stm32cubeide_1.5.0/stm32cubeide/plugins/com.st.stm32cube.ide.mcu.externaltools.gnu-tools-for-stm32.9-2020-q2-update.win32_1.5.0.202011040924/tools/bin/../lib/gcc/arm-none-eabi/9.3.1/../../../../arm-none-eabi/lib/thumb/v7e-m+fp/hard\libc_nano.a(lib_a-printf.o)
                0x0000000008005e74                iprintf
                0x0000000008005e74                printf
 .text._puts_r  0x0000000008005ea4       0xdc c:/st/stm32cubeide_1.5.0/stm32cubeide/plugins/com.st.stm32cube.ide.mcu.externaltools.gnu-tools-for-stm32.9-2020-q2-update.win32_1.5.0.202011040924/tools/bin/../lib/gcc/arm-none-eabi/9.3.1/../../../../arm-none-eabi/lib/thumb/v7e-m+fp/hard\libc_nano.a(lib_a-puts.o)
                0x0000000008005ea4                _puts_r
 .text.puts     0x0000000008005f80       0x10 c:/st/stm32cubeide_1.5.0/stm32cubeide/plugins/com.st.stm32cube.ide.mcu.externaltools.gnu-tools-for-stm32.9-2020-q2-update.win32_1.5.0.202011040924/tools/bin/../lib/gcc/arm-none-eabi/9.3.1/../../../../arm-none-eabi/lib/thumb/v7e-m+fp/hard\libc_nano.a(lib_a-puts.o)
                0x0000000008005f80                puts
 .text.__swbuf_r
                0x0000000008005f90       0xa4 c:/st/stm32cubeide_1.5.0/stm32cubeide/plugins/com.st.stm32cube.ide.mcu.externaltools.gnu-tools-for-stm32.9-2020-q2-update.win32_1.5.0.202011040924/tools/bin/../lib/gcc/arm-none-eabi/9.3.1/../../../../arm-none-eabi/lib/thumb/v7e-m+fp/hard\libc_nano.a(lib_a-wbuf.o)
                0x0000000008005f90                __swbuf_r
 .text.__swsetup_r
                0x0000000008006034       0xdc c:/st/stm32cubeide_1.5.0/stm32cubeide/plugins/com.st.stm32cube.ide.mcu.externaltools.gnu-tools-for-stm32.9-2020-q2-update.win32_1.5.0.202011040924/tools/bin/../lib/gcc/arm-none-eabi/9.3.1/../../../../arm-none-eabi/lib/thumb/v7e-m+fp/hard\libc_nano.a(lib_a-wsetup.o)
                0x0000000008006034                __swsetup_r
 .text.__sflush_r
                0x0000000008006110      0x10c c:/st/stm32cubeide_1.5.0/stm32cubeide/plugins/com.st.stm32cube.ide.mcu.externaltools.gnu-tools-for-stm32.9-2020-q2-update.win32_1.5.0.202011040924/tools/bin/../lib/gcc/arm-none-eabi/9.3.1/../../../../arm-none-eabi/lib/thumb/v7e-m+fp/hard\libc_nano.a(lib_a-fflush.o)
                0x0000000008006110                __sflush_r
 .text._fflush_r
                0x000000000800621c       0x78 c:/st/stm32cubeide_1.5.0/stm32cubeide/plugins/com.st.stm32cube.ide.mcu.externaltools.gnu-tools-for-stm32.9-2020-q2-update.win32_1.5.0.202011040924/tools/bin/../lib/gcc/arm-none-eabi/9.3.1/../../../../arm-none-eabi/lib/thumb/v7e-m+fp/hard\libc_nano.a(lib_a-fflush.o)
                0x000000000800621c                _fflush_r
 .text.std      0x0000000008006294       0x48 c:/st/stm32cubeide_1.5.0/stm32cubeide/plugins/com.st.stm32cube.ide.mcu.externaltools.gnu-tools-for-stm32.9-2020-q2-update.win32_1.5.0.202011040924/tools/bin/../lib/gcc/arm-none-eabi/9.3.1/../../../../arm-none-eabi/lib/thumb/v7e-m+fp/hard\libc_nano.a(lib_a-findfp.o)
 .text._cleanup_r
                0x00000000080062dc        0xc c:/st/stm32cubeide_1.5.0/stm32cubeide/plugins/com.st.stm32cube.ide.mcu.externaltools.gnu-tools-for-stm32.9-2020-q2-update.win32_1.5.0.202011040924/tools/bin/../lib/gcc/arm-none-eabi/9.3.1/../../../../arm-none-eabi/lib/thumb/v7e-m+fp/hard\libc_nano.a(lib_a-findfp.o)
                0x00000000080062dc                _cleanup_r
 .text.__sfmoreglue
                0x00000000080062e8       0x2c c:/st/stm32cubeide_1.5.0/stm32cubeide/plugins/com.st.stm32cube.ide.mcu.externaltools.gnu-tools-for-stm32.9-2020-q2-update.win32_1.5.0.202011040924/tools/bin/../lib/gcc/arm-none-eabi/9.3.1/../../../../arm-none-eabi/lib/thumb/v7e-m+fp/hard\libc_nano.a(lib_a-findfp.o)
                0x00000000080062e8                __sfmoreglue
 .text.__sfp_lock_acquire
                0x0000000008006314        0xc c:/st/stm32cubeide_1.5.0/stm32cubeide/plugins/com.st.stm32cube.ide.mcu.externaltools.gnu-tools-for-stm32.9-2020-q2-update.win32_1.5.0.202011040924/tools/bin/../lib/gcc/arm-none-eabi/9.3.1/../../../../arm-none-eabi/lib/thumb/v7e-m+fp/hard\libc_nano.a(lib_a-findfp.o)
                0x0000000008006314                __sfp_lock_acquire
 .text.__sfp_lock_release
                0x0000000008006320        0xc c:/st/stm32cubeide_1.5.0/stm32cubeide/plugins/com.st.stm32cube.ide.mcu.externaltools.gnu-tools-for-stm32.9-2020-q2-update.win32_1.5.0.202011040924/tools/bin/../lib/gcc/arm-none-eabi/9.3.1/../../../../arm-none-eabi/lib/thumb/v7e-m+fp/hard\libc_nano.a(lib_a-findfp.o)
                0x0000000008006320                __sfp_lock_release
 .text.__sinit_lock_acquire
                0x000000000800632c        0xc c:/st/stm32cubeide_1.5.0/stm32cubeide/plugins/com.st.stm32cube.ide.mcu.externaltools.gnu-tools-for-stm32.9-2020-q2-update.win32_1.5.0.202011040924/tools/bin/../lib/gcc/arm-none-eabi/9.3.1/../../../../arm-none-eabi/lib/thumb/v7e-m+fp/hard\libc_nano.a(lib_a-findfp.o)
                0x000000000800632c                __sinit_lock_acquire
 .text.__sinit_lock_release
                0x0000000008006338        0xc c:/st/stm32cubeide_1.5.0/stm32cubeide/plugins/com.st.stm32cube.ide.mcu.externaltools.gnu-tools-for-stm32.9-2020-q2-update.win32_1.5.0.202011040924/tools/bin/../lib/gcc/arm-none-eabi/9.3.1/../../../../arm-none-eabi/lib/thumb/v7e-m+fp/hard\libc_nano.a(lib_a-findfp.o)
                0x0000000008006338                __sinit_lock_release
 .text.__sinit  0x0000000008006344       0x70 c:/st/stm32cubeide_1.5.0/stm32cubeide/plugins/com.st.stm32cube.ide.mcu.externaltools.gnu-tools-for-stm32.9-2020-q2-update.win32_1.5.0.202011040924/tools/bin/../lib/gcc/arm-none-eabi/9.3.1/../../../../arm-none-eabi/lib/thumb/v7e-m+fp/hard\libc_nano.a(lib_a-findfp.o)
                0x0000000008006344                __sinit
 .text.__sfp    0x00000000080063b4       0x8c c:/st/stm32cubeide_1.5.0/stm32cubeide/plugins/com.st.stm32cube.ide.mcu.externaltools.gnu-tools-for-stm32.9-2020-q2-update.win32_1.5.0.202011040924/tools/bin/../lib/gcc/arm-none-eabi/9.3.1/../../../../arm-none-eabi/lib/thumb/v7e-m+fp/hard\libc_nano.a(lib_a-findfp.o)
                0x00000000080063b4                __sfp
 .text._fwalk_reent
                0x0000000008006440       0x3e c:/st/stm32cubeide_1.5.0/stm32cubeide/plugins/com.st.stm32cube.ide.mcu.externaltools.gnu-tools-for-stm32.9-2020-q2-update.win32_1.5.0.202011040924/tools/bin/../lib/gcc/arm-none-eabi/9.3.1/../../../../arm-none-eabi/lib/thumb/v7e-m+fp/hard\libc_nano.a(lib_a-fwalk.o)
                0x0000000008006440                _fwalk_reent
 .text.__retarget_lock_init_recursive
                0x000000000800647e        0x2 c:/st/stm32cubeide_1.5.0/stm32cubeide/plugins/com.st.stm32cube.ide.mcu.externaltools.gnu-tools-for-stm32.9-2020-q2-update.win32_1.5.0.202011040924/tools/bin/../lib/gcc/arm-none-eabi/9.3.1/../../../../arm-none-eabi/lib/thumb/v7e-m+fp/hard\libc_nano.a(lib_a-lock.o)
                0x000000000800647e                __retarget_lock_init_recursive
 .text.__retarget_lock_acquire_recursive
                0x0000000008006480        0x2 c:/st/stm32cubeide_1.5.0/stm32cubeide/plugins/com.st.stm32cube.ide.mcu.externaltools.gnu-tools-for-stm32.9-2020-q2-update.win32_1.5.0.202011040924/tools/bin/../lib/gcc/arm-none-eabi/9.3.1/../../../../arm-none-eabi/lib/thumb/v7e-m+fp/hard\libc_nano.a(lib_a-lock.o)
                0x0000000008006480                __retarget_lock_acquire_recursive
 .text.__retarget_lock_release_recursive
                0x0000000008006482        0x2 c:/st/stm32cubeide_1.5.0/stm32cubeide/plugins/com.st.stm32cube.ide.mcu.externaltools.gnu-tools-for-stm32.9-2020-q2-update.win32_1.5.0.202011040924/tools/bin/../lib/gcc/arm-none-eabi/9.3.1/../../../../arm-none-eabi/lib/thumb/v7e-m+fp/hard\libc_nano.a(lib_a-lock.o)
                0x0000000008006482                __retarget_lock_release_recursive
 .text.__swhatbuf_r
                0x0000000008006484       0x48 c:/st/stm32cubeide_1.5.0/stm32cubeide/plugins/com.st.stm32cube.ide.mcu.externaltools.gnu-tools-for-stm32.9-2020-q2-update.win32_1.5.0.202011040924/tools/bin/../lib/gcc/arm-none-eabi/9.3.1/../../../../arm-none-eabi/lib/thumb/v7e-m+fp/hard\libc_nano.a(lib_a-makebuf.o)
                0x0000000008006484                __swhatbuf_r
 .text.__smakebuf_r
                0x00000000080064cc       0x80 c:/st/stm32cubeide_1.5.0/stm32cubeide/plugins/com.st.stm32cube.ide.mcu.externaltools.gnu-tools-for-stm32.9-2020-q2-update.win32_1.5.0.202011040924/tools/bin/../lib/gcc/arm-none-eabi/9.3.1/../../../../arm-none-eabi/lib/thumb/v7e-m+fp/hard\libc_nano.a(lib_a-makebuf.o)
                0x00000000080064cc                __smakebuf_r
 .text._free_r  0x000000000800654c       0xa0 c:/st/stm32cubeide_1.5.0/stm32cubeide/plugins/com.st.stm32cube.ide.mcu.externaltools.gnu-tools-for-stm32.9-2020-q2-update.win32_1.5.0.202011040924/tools/bin/../lib/gcc/arm-none-eabi/9.3.1/../../../../arm-none-eabi/lib/thumb/v7e-m+fp/hard\libc_nano.a(lib_a-nano-freer.o)
                0x000000000800654c                _free_r
 .text._malloc_r
                0x00000000080065ec       0xb4 c:/st/stm32cubeide_1.5.0/stm32cubeide/plugins/com.st.stm32cube.ide.mcu.externaltools.gnu-tools-for-stm32.9-2020-q2-update.win32_1.5.0.202011040924/tools/bin/../lib/gcc/arm-none-eabi/9.3.1/../../../../arm-none-eabi/lib/thumb/v7e-m+fp/hard\libc_nano.a(lib_a-nano-mallocr.o)
                0x00000000080065ec                _malloc_r
 .text.__sfputc_r
                0x00000000080066a0       0x2e c:/st/stm32cubeide_1.5.0/stm32cubeide/plugins/com.st.stm32cube.ide.mcu.externaltools.gnu-tools-for-stm32.9-2020-q2-update.win32_1.5.0.202011040924/tools/bin/../lib/gcc/arm-none-eabi/9.3.1/../../../../arm-none-eabi/lib/thumb/v7e-m+fp/hard\libc_nano.a(lib_a-nano-vfprintf.o)
 .text.__sfputs_r
                0x00000000080066ce       0x24 c:/st/stm32cubeide_1.5.0/stm32cubeide/plugins/com.st.stm32cube.ide.mcu.externaltools.gnu-tools-for-stm32.9-2020-q2-update.win32_1.5.0.202011040924/tools/bin/../lib/gcc/arm-none-eabi/9.3.1/../../../../arm-none-eabi/lib/thumb/v7e-m+fp/hard\libc_nano.a(lib_a-nano-vfprintf.o)
                0x00000000080066ce                __sfputs_r
 *fill*         0x00000000080066f2        0x2 
 .text._vfprintf_r
                0x00000000080066f4      0x260 c:/st/stm32cubeide_1.5.0/stm32cubeide/plugins/com.st.stm32cube.ide.mcu.externaltools.gnu-tools-for-stm32.9-2020-q2-update.win32_1.5.0.202011040924/tools/bin/../lib/gcc/arm-none-eabi/9.3.1/../../../../arm-none-eabi/lib/thumb/v7e-m+fp/hard\libc_nano.a(lib_a-nano-vfprintf.o)
                0x00000000080066f4                _vfprintf_r
                0x00000000080066f4                _vfiprintf_r
 .text._printf_common
                0x0000000008006954       0xda c:/st/stm32cubeide_1.5.0/stm32cubeide/plugins/com.st.stm32cube.ide.mcu.externaltools.gnu-tools-for-stm32.9-2020-q2-update.win32_1.5.0.202011040924/tools/bin/../lib/gcc/arm-none-eabi/9.3.1/../../../../arm-none-eabi/lib/thumb/v7e-m+fp/hard\libc_nano.a(lib_a-nano-vfprintf_i.o)
                0x0000000008006954                _printf_common
 *fill*         0x0000000008006a2e        0x2 
 .text._printf_i
                0x0000000008006a30      0x24c c:/st/stm32cubeide_1.5.0/stm32cubeide/plugins/com.st.stm32cube.ide.mcu.externaltools.gnu-tools-for-stm32.9-2020-q2-update.win32_1.5.0.202011040924/tools/bin/../lib/gcc/arm-none-eabi/9.3.1/../../../../arm-none-eabi/lib/thumb/v7e-m+fp/hard\libc_nano.a(lib_a-nano-vfprintf_i.o)
                0x0000000008006a30                _printf_i
 .text._sbrk_r  0x0000000008006c7c       0x20 c:/st/stm32cubeide_1.5.0/stm32cubeide/plugins/com.st.stm32cube.ide.mcu.externaltools.gnu-tools-for-stm32.9-2020-q2-update.win32_1.5.0.202011040924/tools/bin/../lib/gcc/arm-none-eabi/9.3.1/../../../../arm-none-eabi/lib/thumb/v7e-m+fp/hard\libc_nano.a(lib_a-sbrkr.o)
                0x0000000008006c7c                _sbrk_r
 .text.__sread  0x0000000008006c9c       0x22 c:/st/stm32cubeide_1.5.0/stm32cubeide/plugins/com.st.stm32cube.ide.mcu.externaltools.gnu-tools-for-stm32.9-2020-q2-update.win32_1.5.0.202011040924/tools/bin/../lib/gcc/arm-none-eabi/9.3.1/../../../../arm-none-eabi/lib/thumb/v7e-m+fp/hard\libc_nano.a(lib_a-stdio.o)
                0x0000000008006c9c                __sread
 .text.__swrite
                0x0000000008006cbe       0x38 c:/st/stm32cubeide_1.5.0/stm32cubeide/plugins/com.st.stm32cube.ide.mcu.externaltools.gnu-tools-for-stm32.9-2020-q2-update.win32_1.5.0.202011040924/tools/bin/../lib/gcc/arm-none-eabi/9.3.1/../../../../arm-none-eabi/lib/thumb/v7e-m+fp/hard\libc_nano.a(lib_a-stdio.o)
                0x0000000008006cbe                __swrite
 .text.__sseek  0x0000000008006cf6       0x24 c:/st/stm32cubeide_1.5.0/stm32cubeide/plugins/com.st.stm32cube.ide.mcu.externaltools.gnu-tools-for-stm32.9-2020-q2-update.win32_1.5.0.202011040924/tools/bin/../lib/gcc/arm-none-eabi/9.3.1/../../../../arm-none-eabi/lib/thumb/v7e-m+fp/hard\libc_nano.a(lib_a-stdio.o)
                0x0000000008006cf6                __sseek
 .text.__sclose
                0x0000000008006d1a        0x8 c:/st/stm32cubeide_1.5.0/stm32cubeide/plugins/com.st.stm32cube.ide.mcu.externaltools.gnu-tools-for-stm32.9-2020-q2-update.win32_1.5.0.202011040924/tools/bin/../lib/gcc/arm-none-eabi/9.3.1/../../../../arm-none-eabi/lib/thumb/v7e-m+fp/hard\libc_nano.a(lib_a-stdio.o)
                0x0000000008006d1a                __sclose
 *fill*         0x0000000008006d22        0x2 
 .text._write_r
                0x0000000008006d24       0x24 c:/st/stm32cubeide_1.5.0/stm32cubeide/plugins/com.st.stm32cube.ide.mcu.externaltools.gnu-tools-for-stm32.9-2020-q2-update.win32_1.5.0.202011040924/tools/bin/../lib/gcc/arm-none-eabi/9.3.1/../../../../arm-none-eabi/lib/thumb/v7e-m+fp/hard\libc_nano.a(lib_a-writer.o)
                0x0000000008006d24                _write_r
 .text._close_r
                0x0000000008006d48       0x20 c:/st/stm32cubeide_1.5.0/stm32cubeide/plugins/com.st.stm32cube.ide.mcu.externaltools.gnu-tools-for-stm32.9-2020-q2-update.win32_1.5.0.202011040924/tools/bin/../lib/gcc/arm-none-eabi/9.3.1/../../../../arm-none-eabi/lib/thumb/v7e-m+fp/hard\libc_nano.a(lib_a-closer.o)
                0x0000000008006d48                _close_r
 .text._fstat_r
                0x0000000008006d68       0x24 c:/st/stm32cubeide_1.5.0/stm32cubeide/plugins/com.st.stm32cube.ide.mcu.externaltools.gnu-tools-for-stm32.9-2020-q2-update.win32_1.5.0.202011040924/tools/bin/../lib/gcc/arm-none-eabi/9.3.1/../../../../arm-none-eabi/lib/thumb/v7e-m+fp/hard\libc_nano.a(lib_a-fstatr.o)
                0x0000000008006d68                _fstat_r
 .text._isatty_r
                0x0000000008006d8c       0x20 c:/st/stm32cubeide_1.5.0/stm32cubeide/plugins/com.st.stm32cube.ide.mcu.externaltools.gnu-tools-for-stm32.9-2020-q2-update.win32_1.5.0.202011040924/tools/bin/../lib/gcc/arm-none-eabi/9.3.1/../../../../arm-none-eabi/lib/thumb/v7e-m+fp/hard\libc_nano.a(lib_a-isattyr.o)
                0x0000000008006d8c                _isatty_r
 .text._lseek_r
                0x0000000008006dac       0x24 c:/st/stm32cubeide_1.5.0/stm32cubeide/plugins/com.st.stm32cube.ide.mcu.externaltools.gnu-tools-for-stm32.9-2020-q2-update.win32_1.5.0.202011040924/tools/bin/../lib/gcc/arm-none-eabi/9.3.1/../../../../arm-none-eabi/lib/thumb/v7e-m+fp/hard\libc_nano.a(lib_a-lseekr.o)
                0x0000000008006dac                _lseek_r
 .text.__malloc_lock
                0x0000000008006dd0        0xc c:/st/stm32cubeide_1.5.0/stm32cubeide/plugins/com.st.stm32cube.ide.mcu.externaltools.gnu-tools-for-stm32.9-2020-q2-update.win32_1.5.0.202011040924/tools/bin/../lib/gcc/arm-none-eabi/9.3.1/../../../../arm-none-eabi/lib/thumb/v7e-m+fp/hard\libc_nano.a(lib_a-mlock.o)
                0x0000000008006dd0                __malloc_lock
 .text.__malloc_unlock
                0x0000000008006ddc        0xc c:/st/stm32cubeide_1.5.0/stm32cubeide/plugins/com.st.stm32cube.ide.mcu.externaltools.gnu-tools-for-stm32.9-2020-q2-update.win32_1.5.0.202011040924/tools/bin/../lib/gcc/arm-none-eabi/9.3.1/../../../../arm-none-eabi/lib/thumb/v7e-m+fp/hard\libc_nano.a(lib_a-mlock.o)
                0x0000000008006ddc                __malloc_unlock
 .text._read_r  0x0000000008006de8       0x24 c:/st/stm32cubeide_1.5.0/stm32cubeide/plugins/com.st.stm32cube.ide.mcu.externaltools.gnu-tools-for-stm32.9-2020-q2-update.win32_1.5.0.202011040924/tools/bin/../lib/gcc/arm-none-eabi/9.3.1/../../../../arm-none-eabi/lib/thumb/v7e-m+fp/hard\libc_nano.a(lib_a-readr.o)
                0x0000000008006de8                _read_r
 *(.glue_7)
 .glue_7        0x0000000008006e0c        0x0 linker stubs
 *(.glue_7t)
 .glue_7t       0x0000000008006e0c        0x0 linker stubs
 *(.eh_frame)
 .eh_frame      0x0000000008006e0c        0x0 c:/st/stm32cubeide_1.5.0/stm32cubeide/plugins/com.st.stm32cube.ide.mcu.externaltools.gnu-tools-for-stm32.9-2020-q2-update.win32_1.5.0.202011040924/tools/bin/../lib/gcc/arm-none-eabi/9.3.1/thumb/v7e-m+fp/hard/crtbegin.o
 *(.init)
 .init          0x0000000008006e0c        0x4 c:/st/stm32cubeide_1.5.0/stm32cubeide/plugins/com.st.stm32cube.ide.mcu.externaltools.gnu-tools-for-stm32.9-2020-q2-update.win32_1.5.0.202011040924/tools/bin/../lib/gcc/arm-none-eabi/9.3.1/thumb/v7e-m+fp/hard/crti.o
                0x0000000008006e0c                _init
 .init          0x0000000008006e10        0x8 c:/st/stm32cubeide_1.5.0/stm32cubeide/plugins/com.st.stm32cube.ide.mcu.externaltools.gnu-tools-for-stm32.9-2020-q2-update.win32_1.5.0.202011040924/tools/bin/../lib/gcc/arm-none-eabi/9.3.1/thumb/v7e-m+fp/hard/crtn.o
 *(.fini)
 .fini          0x0000000008006e18        0x4 c:/st/stm32cubeide_1.5.0/stm32cubeide/plugins/com.st.stm32cube.ide.mcu.externaltools.gnu-tools-for-stm32.9-2020-q2-update.win32_1.5.0.202011040924/tools/bin/../lib/gcc/arm-none-eabi/9.3.1/thumb/v7e-m+fp/hard/crti.o
                0x0000000008006e18                _fini
 .fini          0x0000000008006e1c        0x8 c:/st/stm32cubeide_1.5.0/stm32cubeide/plugins/com.st.stm32cube.ide.mcu.externaltools.gnu-tools-for-stm32.9-2020-q2-update.win32_1.5.0.202011040924/tools/bin/../lib/gcc/arm-none-eabi/9.3.1/thumb/v7e-m+fp/hard/crtn.o
                0x0000000008006e24                . = ALIGN (0x4)
                0x0000000008006e24                _etext = .

.vfp11_veneer   0x0000000008006e24        0x0
 .vfp11_veneer  0x0000000008006e24        0x0 linker stubs

.v4_bx          0x0000000008006e24        0x0
 .v4_bx         0x0000000008006e24        0x0 linker stubs

.iplt           0x0000000008006e24        0x0
 .iplt          0x0000000008006e24        0x0 c:/st/stm32cubeide_1.5.0/stm32cubeide/plugins/com.st.stm32cube.ide.mcu.externaltools.gnu-tools-for-stm32.9-2020-q2-update.win32_1.5.0.202011040924/tools/bin/../lib/gcc/arm-none-eabi/9.3.1/thumb/v7e-m+fp/hard/crtbegin.o

.rodata         0x0000000008006e24      0x2d4
                0x0000000008006e24                . = ALIGN (0x4)
 *(.rodata)
 .rodata        0x0000000008006e24      0x111 Core/Src/loopback.o
 *fill*         0x0000000008006f35        0x3 
 .rodata        0x0000000008006f38      0x108 Core/Src/main.o
 *(.rodata*)
 .rodata.AHBPrescTable
                0x0000000008007040       0x10 Core/Src/system_stm32f4xx.o
                0x0000000008007040                AHBPrescTable
 .rodata.APBPrescTable
                0x0000000008007050        0x8 Core/Src/system_stm32f4xx.o
                0x0000000008007050                APBPrescTable
 .rodata.flagBitshiftOffset.8043
                0x0000000008007058        0x8 Drivers/STM32F4xx_HAL_Driver/stm32f4xx_hal_dma.o
 .rodata._global_impure_ptr
                0x0000000008007060        0x4 c:/st/stm32cubeide_1.5.0/stm32cubeide/plugins/com.st.stm32cube.ide.mcu.externaltools.gnu-tools-for-stm32.9-2020-q2-update.win32_1.5.0.202011040924/tools/bin/../lib/gcc/arm-none-eabi/9.3.1/../../../../arm-none-eabi/lib/thumb/v7e-m+fp/hard\libc_nano.a(lib_a-impure.o)
                0x0000000008007060                _global_impure_ptr
 .rodata.__sf_fake_stderr
                0x0000000008007064       0x20 c:/st/stm32cubeide_1.5.0/stm32cubeide/plugins/com.st.stm32cube.ide.mcu.externaltools.gnu-tools-for-stm32.9-2020-q2-update.win32_1.5.0.202011040924/tools/bin/../lib/gcc/arm-none-eabi/9.3.1/../../../../arm-none-eabi/lib/thumb/v7e-m+fp/hard\libc_nano.a(lib_a-findfp.o)
                0x0000000008007064                __sf_fake_stderr
 .rodata.__sf_fake_stdin
                0x0000000008007084       0x20 c:/st/stm32cubeide_1.5.0/stm32cubeide/plugins/com.st.stm32cube.ide.mcu.externaltools.gnu-tools-for-stm32.9-2020-q2-update.win32_1.5.0.202011040924/tools/bin/../lib/gcc/arm-none-eabi/9.3.1/../../../../arm-none-eabi/lib/thumb/v7e-m+fp/hard\libc_nano.a(lib_a-findfp.o)
                0x0000000008007084                __sf_fake_stdin
 .rodata.__sf_fake_stdout
                0x00000000080070a4       0x20 c:/st/stm32cubeide_1.5.0/stm32cubeide/plugins/com.st.stm32cube.ide.mcu.externaltools.gnu-tools-for-stm32.9-2020-q2-update.win32_1.5.0.202011040924/tools/bin/../lib/gcc/arm-none-eabi/9.3.1/../../../../arm-none-eabi/lib/thumb/v7e-m+fp/hard\libc_nano.a(lib_a-findfp.o)
                0x00000000080070a4                __sf_fake_stdout
 .rodata._vfprintf_r.str1.1
                0x00000000080070c4       0x11 c:/st/stm32cubeide_1.5.0/stm32cubeide/plugins/com.st.stm32cube.ide.mcu.externaltools.gnu-tools-for-stm32.9-2020-q2-update.win32_1.5.0.202011040924/tools/bin/../lib/gcc/arm-none-eabi/9.3.1/../../../../arm-none-eabi/lib/thumb/v7e-m+fp/hard\libc_nano.a(lib_a-nano-vfprintf.o)
 .rodata._printf_i.str1.1
                0x00000000080070d5       0x22 c:/st/stm32cubeide_1.5.0/stm32cubeide/plugins/com.st.stm32cube.ide.mcu.externaltools.gnu-tools-for-stm32.9-2020-q2-update.win32_1.5.0.202011040924/tools/bin/../lib/gcc/arm-none-eabi/9.3.1/../../../../arm-none-eabi/lib/thumb/v7e-m+fp/hard\libc_nano.a(lib_a-nano-vfprintf_i.o)
                0x00000000080070f8                . = ALIGN (0x4)
 *fill*         0x00000000080070f7        0x1 

.ARM.extab      0x00000000080070f8        0x0
                0x00000000080070f8                . = ALIGN (0x4)
 *(.ARM.extab* .gnu.linkonce.armextab.*)
                0x00000000080070f8                . = ALIGN (0x4)

.ARM            0x00000000080070f8        0x8
                0x00000000080070f8                . = ALIGN (0x4)
                0x00000000080070f8                __exidx_start = .
 *(.ARM.exidx*)
 .ARM.exidx     0x00000000080070f8        0x8 c:/st/stm32cubeide_1.5.0/stm32cubeide/plugins/com.st.stm32cube.ide.mcu.externaltools.gnu-tools-for-stm32.9-2020-q2-update.win32_1.5.0.202011040924/tools/bin/../lib/gcc/arm-none-eabi/9.3.1/thumb/v7e-m+fp/hard\libgcc.a(_udivmoddi4.o)
                0x0000000008007100                __exidx_end = .
                0x0000000008007100                . = ALIGN (0x4)

.rel.dyn        0x0000000008007100        0x0
 .rel.iplt      0x0000000008007100        0x0 c:/st/stm32cubeide_1.5.0/stm32cubeide/plugins/com.st.stm32cube.ide.mcu.externaltools.gnu-tools-for-stm32.9-2020-q2-update.win32_1.5.0.202011040924/tools/bin/../lib/gcc/arm-none-eabi/9.3.1/thumb/v7e-m+fp/hard/crtbegin.o

.preinit_array  0x0000000008007100        0x0
                0x0000000008007100                . = ALIGN (0x4)
                0x0000000008007100                PROVIDE (__preinit_array_start = .)
 *(.preinit_array*)
                0x0000000008007100                PROVIDE (__preinit_array_end = .)
                0x0000000008007100                . = ALIGN (0x4)

.init_array     0x0000000008007100        0x4
                0x0000000008007100                . = ALIGN (0x4)
                0x0000000008007100                PROVIDE (__init_array_start = .)
 *(SORT_BY_NAME(.init_array.*))
 *(.init_array*)
 .init_array    0x0000000008007100        0x4 c:/st/stm32cubeide_1.5.0/stm32cubeide/plugins/com.st.stm32cube.ide.mcu.externaltools.gnu-tools-for-stm32.9-2020-q2-update.win32_1.5.0.202011040924/tools/bin/../lib/gcc/arm-none-eabi/9.3.1/thumb/v7e-m+fp/hard/crtbegin.o
                0x0000000008007104                PROVIDE (__init_array_end = .)
                0x0000000008007104                . = ALIGN (0x4)

.fini_array     0x0000000008007104        0x4
                0x0000000008007104                . = ALIGN (0x4)
                [!provide]                        PROVIDE (__fini_array_start = .)
 *(SORT_BY_NAME(.fini_array.*))
 *(.fini_array*)
 .fini_array    0x0000000008007104        0x4 c:/st/stm32cubeide_1.5.0/stm32cubeide/plugins/com.st.stm32cube.ide.mcu.externaltools.gnu-tools-for-stm32.9-2020-q2-update.win32_1.5.0.202011040924/tools/bin/../lib/gcc/arm-none-eabi/9.3.1/thumb/v7e-m+fp/hard/crtbegin.o
                [!provide]                        PROVIDE (__fini_array_end = .)
                0x0000000008007108                . = ALIGN (0x4)
                0x0000000008007108                _sidata = LOADADDR (.data)

.data           0x0000000020000000       0xb8 load address 0x0000000008007108
                0x0000000020000000                . = ALIGN (0x4)
                0x0000000020000000                _sdata = .
 *(.data)
 *(.data*)
 .data.gWIZNETINFO
                0x0000000020000000       0x17 Core/Src/main.o
                0x0000000020000000                gWIZNETINFO
 *fill*         0x0000000020000017        0x1 
 .data.sock_any_port
                0x0000000020000018        0x2 Core/Src/socket.o
 *fill*         0x000000002000001a        0x2 
 .data.SystemCoreClock
                0x000000002000001c        0x4 Core/Src/system_stm32f4xx.o
                0x000000002000001c                SystemCoreClock
 .data.WIZCHIP  0x0000000020000020       0x2c Core/Src/wizchip_conf.o
                0x0000000020000020                WIZCHIP
 .data.uwTickPrio
                0x000000002000004c        0x4 Drivers/STM32F4xx_HAL_Driver/stm32f4xx_hal.o
                0x000000002000004c                uwTickPrio
 .data.uwTickFreq
                0x0000000020000050        0x1 Drivers/STM32F4xx_HAL_Driver/stm32f4xx_hal.o
                0x0000000020000050                uwTickFreq
 *fill*         0x0000000020000051        0x3 
 .data._impure_ptr
                0x0000000020000054        0x4 c:/st/stm32cubeide_1.5.0/stm32cubeide/plugins/com.st.stm32cube.ide.mcu.externaltools.gnu-tools-for-stm32.9-2020-q2-update.win32_1.5.0.202011040924/tools/bin/../lib/gcc/arm-none-eabi/9.3.1/../../../../arm-none-eabi/lib/thumb/v7e-m+fp/hard\libc_nano.a(lib_a-impure.o)
                0x0000000020000054                _impure_ptr
 .data.impure_data
                0x0000000020000058       0x60 c:/st/stm32cubeide_1.5.0/stm32cubeide/plugins/com.st.stm32cube.ide.mcu.externaltools.gnu-tools-for-stm32.9-2020-q2-update.win32_1.5.0.202011040924/tools/bin/../lib/gcc/arm-none-eabi/9.3.1/../../../../arm-none-eabi/lib/thumb/v7e-m+fp/hard\libc_nano.a(lib_a-impure.o)
 *(.RamFunc)
 *(.RamFunc*)
                0x00000000200000b8                . = ALIGN (0x4)
                0x00000000200000b8                _edata = .

.igot.plt       0x00000000200000b8        0x0 load address 0x00000000080071c0
 .igot.plt      0x00000000200000b8        0x0 c:/st/stm32cubeide_1.5.0/stm32cubeide/plugins/com.st.stm32cube.ide.mcu.externaltools.gnu-tools-for-stm32.9-2020-q2-update.win32_1.5.0.202011040924/tools/bin/../lib/gcc/arm-none-eabi/9.3.1/thumb/v7e-m+fp/hard/crtbegin.o
                0x00000000200000b8                . = ALIGN (0x4)

.bss            0x00000000200000b8      0xcf4 load address 0x00000000080071c0
                0x00000000200000b8                _sbss = .
                0x00000000200000b8                __bss_start__ = _sbss
 *(.bss)
 .bss           0x00000000200000b8       0x1c c:/st/stm32cubeide_1.5.0/stm32cubeide/plugins/com.st.stm32cube.ide.mcu.externaltools.gnu-tools-for-stm32.9-2020-q2-update.win32_1.5.0.202011040924/tools/bin/../lib/gcc/arm-none-eabi/9.3.1/thumb/v7e-m+fp/hard/crtbegin.o
 *(.bss*)
 .bss.sock_io_mode
                0x00000000200000d4        0x2 Core/Src/socket.o
 .bss.sock_is_sending
                0x00000000200000d6        0x2 Core/Src/socket.o
 .bss.sock_remained_size
                0x00000000200000d8       0x10 Core/Src/socket.o
 .bss.sock_pack_info
                0x00000000200000e8        0x8 Core/Src/socket.o
                0x00000000200000e8                sock_pack_info
 .bss.__sbrk_heap_end
                0x00000000200000f0        0x4 Core/Src/sysmem.o
 .bss._DNS_     0x00000000200000f4        0x4 Core/Src/wizchip_conf.o
 .bss._DHCP_    0x00000000200000f8        0x1 Core/Src/wizchip_conf.o
 *fill*         0x00000000200000f9        0x3 
 .bss.__malloc_free_list
                0x00000000200000fc        0x4 c:/st/stm32cubeide_1.5.0/stm32cubeide/plugins/com.st.stm32cube.ide.mcu.externaltools.gnu-tools-for-stm32.9-2020-q2-update.win32_1.5.0.202011040924/tools/bin/../lib/gcc/arm-none-eabi/9.3.1/../../../../arm-none-eabi/lib/thumb/v7e-m+fp/hard\libc_nano.a(lib_a-nano-mallocr.o)
                0x00000000200000fc                __malloc_free_list
 .bss.__malloc_sbrk_start
                0x0000000020000100        0x4 c:/st/stm32cubeide_1.5.0/stm32cubeide/plugins/com.st.stm32cube.ide.mcu.externaltools.gnu-tools-for-stm32.9-2020-q2-update.win32_1.5.0.202011040924/tools/bin/../lib/gcc/arm-none-eabi/9.3.1/../../../../arm-none-eabi/lib/thumb/v7e-m+fp/hard\libc_nano.a(lib_a-nano-mallocr.o)
                0x0000000020000100                __malloc_sbrk_start
 *(COMMON)
 COMMON         0x0000000020000104      0x800 Core/Src/main.o
                0x0000000020000104                gDATABUF
 COMMON         0x0000000020000904      0x450 Core/Src/spi.o
                0x0000000020000904                hspi2
                0x000000002000095c                hspi5
                0x00000000200009b4                hdma_spi5_rx
                0x0000000020000a14                hdma_spi4_rx
                0x0000000020000a74                hspi6
                0x0000000020000acc                hspi3
                0x0000000020000b24                hspi4
                0x0000000020000b7c                hspi1
                0x0000000020000bd4                hdma_spi1_rx
                0x0000000020000c34                hdma_spi6_rx
                0x0000000020000c94                hdma_spi2_tx
                0x0000000020000cf4                hdma_spi3_rx
 COMMON         0x0000000020000d54       0x44 Core/Src/usart.o
                0x0000000020000d54                huart4
 COMMON         0x0000000020000d98        0x4 Drivers/STM32F4xx_HAL_Driver/stm32f4xx_hal.o
                0x0000000020000d98                uwTick
 COMMON         0x0000000020000d9c        0x9 c:/st/stm32cubeide_1.5.0/stm32cubeide/plugins/com.st.stm32cube.ide.mcu.externaltools.gnu-tools-for-stm32.9-2020-q2-update.win32_1.5.0.202011040924/tools/bin/../lib/gcc/arm-none-eabi/9.3.1/../../../../arm-none-eabi/lib/thumb/v7e-m+fp/hard\libc_nano.a(lib_a-lock.o)
                0x0000000020000d9c                __lock___atexit_recursive_mutex
                0x0000000020000d9d                __lock___arc4random_mutex
                0x0000000020000d9e                __lock___env_recursive_mutex
                0x0000000020000d9f                __lock___sinit_recursive_mutex
                0x0000000020000da0                __lock___malloc_recursive_mutex
                0x0000000020000da1                __lock___at_quick_exit_mutex
                0x0000000020000da2                __lock___dd_hash_mutex
                0x0000000020000da3                __lock___tz_mutex
                0x0000000020000da4                __lock___sfp_recursive_mutex
 *fill*         0x0000000020000da5        0x3 
 COMMON         0x0000000020000da8        0x4 c:/st/stm32cubeide_1.5.0/stm32cubeide/plugins/com.st.stm32cube.ide.mcu.externaltools.gnu-tools-for-stm32.9-2020-q2-update.win32_1.5.0.202011040924/tools/bin/../lib/gcc/arm-none-eabi/9.3.1/../../../../arm-none-eabi/lib/thumb/v7e-m+fp/hard\libc_nano.a(lib_a-reent.o)
                0x0000000020000da8                errno
                0x0000000020000dac                . = ALIGN (0x4)
                0x0000000020000dac                _ebss = .
                0x0000000020000dac                __bss_end__ = _ebss

._user_heap_stack
                0x0000000020000dac      0x604 load address 0x00000000080071c0
                0x0000000020000db0                . = ALIGN (0x8)
 *fill*         0x0000000020000dac        0x4 
                [!provide]                        PROVIDE (end = .)
                0x0000000020000db0                PROVIDE (_end = .)
                0x0000000020000fb0                . = (. + _Min_Heap_Size)
 *fill*         0x0000000020000db0      0x200 
                0x00000000200013b0                . = (. + _Min_Stack_Size)
 *fill*         0x0000000020000fb0      0x400 
                0x00000000200013b0                . = ALIGN (0x8)

/DISCARD/
 libc.a(*)
 libm.a(*)
 libgcc.a(*)

.ARM.attributes
                0x0000000000000000       0x30
 *(.ARM.attributes)
 .ARM.attributes
                0x0000000000000000       0x1e c:/st/stm32cubeide_1.5.0/stm32cubeide/plugins/com.st.stm32cube.ide.mcu.externaltools.gnu-tools-for-stm32.9-2020-q2-update.win32_1.5.0.202011040924/tools/bin/../lib/gcc/arm-none-eabi/9.3.1/thumb/v7e-m+fp/hard/crti.o
 .ARM.attributes
                0x000000000000001e       0x34 c:/st/stm32cubeide_1.5.0/stm32cubeide/plugins/com.st.stm32cube.ide.mcu.externaltools.gnu-tools-for-stm32.9-2020-q2-update.win32_1.5.0.202011040924/tools/bin/../lib/gcc/arm-none-eabi/9.3.1/thumb/v7e-m+fp/hard/crtbegin.o
 .ARM.attributes
                0x0000000000000052       0x34 Core/Src/dma.o
 .ARM.attributes
                0x0000000000000086       0x34 Core/Src/gpio.o
 .ARM.attributes
                0x00000000000000ba       0x34 Core/Src/loopback.o
 .ARM.attributes
                0x00000000000000ee       0x34 Core/Src/main.o
 .ARM.attributes
                0x0000000000000122       0x34 Core/Src/socket.o
 .ARM.attributes
                0x0000000000000156       0x34 Core/Src/spi.o
 .ARM.attributes
                0x000000000000018a       0x34 Core/Src/stm32f4xx_hal_msp.o
 .ARM.attributes
                0x00000000000001be       0x34 Core/Src/stm32f4xx_it.o
 .ARM.attributes
                0x00000000000001f2       0x34 Core/Src/syscalls.o
 .ARM.attributes
                0x0000000000000226       0x34 Core/Src/sysmem.o
 .ARM.attributes
                0x000000000000025a       0x34 Core/Src/system_stm32f4xx.o
 .ARM.attributes
                0x000000000000028e       0x34 Core/Src/usart.o
 .ARM.attributes
                0x00000000000002c2       0x34 Core/Src/w5500.o
 .ARM.attributes
                0x00000000000002f6       0x34 Core/Src/wizchip_conf.o
 .ARM.attributes
                0x000000000000032a       0x21 Core/Startup/startup_stm32f429zgtx.o
 .ARM.attributes
                0x000000000000034b       0x34 Drivers/STM32F4xx_HAL_Driver/stm32f4xx_hal.o
 .ARM.attributes
                0x000000000000037f       0x34 Drivers/STM32F4xx_HAL_Driver/stm32f4xx_hal_cortex.o
 .ARM.attributes
                0x00000000000003b3       0x34 Drivers/STM32F4xx_HAL_Driver/stm32f4xx_hal_dma.o
 .ARM.attributes
                0x00000000000003e7       0x34 Drivers/STM32F4xx_HAL_Driver/stm32f4xx_hal_gpio.o
 .ARM.attributes
                0x000000000000041b       0x34 Drivers/STM32F4xx_HAL_Driver/stm32f4xx_hal_rcc.o
 .ARM.attributes
                0x000000000000044f       0x34 Drivers/STM32F4xx_HAL_Driver/stm32f4xx_hal_spi.o
 .ARM.attributes
                0x0000000000000483       0x34 Drivers/STM32F4xx_HAL_Driver/stm32f4xx_hal_uart.o
 .ARM.attributes
                0x00000000000004b7       0x34 c:/st/stm32cubeide_1.5.0/stm32cubeide/plugins/com.st.stm32cube.ide.mcu.externaltools.gnu-tools-for-stm32.9-2020-q2-update.win32_1.5.0.202011040924/tools/bin/../lib/gcc/arm-none-eabi/9.3.1/../../../../arm-none-eabi/lib/thumb/v7e-m+fp/hard\libc_nano.a(lib_a-errno.o)
 .ARM.attributes
                0x00000000000004eb       0x32 c:/st/stm32cubeide_1.5.0/stm32cubeide/plugins/com.st.stm32cube.ide.mcu.externaltools.gnu-tools-for-stm32.9-2020-q2-update.win32_1.5.0.202011040924/tools/bin/../lib/gcc/arm-none-eabi/9.3.1/../../../../arm-none-eabi/lib/thumb/v7e-m+fp/hard\libc_nano.a(lib_a-impure.o)
 .ARM.attributes
                0x000000000000051d       0x34 c:/st/stm32cubeide_1.5.0/stm32cubeide/plugins/com.st.stm32cube.ide.mcu.externaltools.gnu-tools-for-stm32.9-2020-q2-update.win32_1.5.0.202011040924/tools/bin/../lib/gcc/arm-none-eabi/9.3.1/../../../../arm-none-eabi/lib/thumb/v7e-m+fp/hard\libc_nano.a(lib_a-init.o)
 .ARM.attributes
                0x0000000000000551       0x34 c:/st/stm32cubeide_1.5.0/stm32cubeide/plugins/com.st.stm32cube.ide.mcu.externaltools.gnu-tools-for-stm32.9-2020-q2-update.win32_1.5.0.202011040924/tools/bin/../lib/gcc/arm-none-eabi/9.3.1/../../../../arm-none-eabi/lib/thumb/v7e-m+fp/hard\libc_nano.a(lib_a-memset.o)
 .ARM.attributes
                0x0000000000000585       0x34 c:/st/stm32cubeide_1.5.0/stm32cubeide/plugins/com.st.stm32cube.ide.mcu.externaltools.gnu-tools-for-stm32.9-2020-q2-update.win32_1.5.0.202011040924/tools/bin/../lib/gcc/arm-none-eabi/9.3.1/../../../../arm-none-eabi/lib/thumb/v7e-m+fp/hard\libc_nano.a(lib_a-printf.o)
 .ARM.attributes
                0x00000000000005b9       0x34 c:/st/stm32cubeide_1.5.0/stm32cubeide/plugins/com.st.stm32cube.ide.mcu.externaltools.gnu-tools-for-stm32.9-2020-q2-update.win32_1.5.0.202011040924/tools/bin/../lib/gcc/arm-none-eabi/9.3.1/../../../../arm-none-eabi/lib/thumb/v7e-m+fp/hard\libc_nano.a(lib_a-puts.o)
 .ARM.attributes
                0x00000000000005ed       0x34 c:/st/stm32cubeide_1.5.0/stm32cubeide/plugins/com.st.stm32cube.ide.mcu.externaltools.gnu-tools-for-stm32.9-2020-q2-update.win32_1.5.0.202011040924/tools/bin/../lib/gcc/arm-none-eabi/9.3.1/../../../../arm-none-eabi/lib/thumb/v7e-m+fp/hard\libc_nano.a(lib_a-wbuf.o)
 .ARM.attributes
                0x0000000000000621       0x34 c:/st/stm32cubeide_1.5.0/stm32cubeide/plugins/com.st.stm32cube.ide.mcu.externaltools.gnu-tools-for-stm32.9-2020-q2-update.win32_1.5.0.202011040924/tools/bin/../lib/gcc/arm-none-eabi/9.3.1/../../../../arm-none-eabi/lib/thumb/v7e-m+fp/hard\libc_nano.a(lib_a-wsetup.o)
 .ARM.attributes
                0x0000000000000655       0x34 c:/st/stm32cubeide_1.5.0/stm32cubeide/plugins/com.st.stm32cube.ide.mcu.externaltools.gnu-tools-for-stm32.9-2020-q2-update.win32_1.5.0.202011040924/tools/bin/../lib/gcc/arm-none-eabi/9.3.1/../../../../arm-none-eabi/lib/thumb/v7e-m+fp/hard\libc_nano.a(lib_a-fflush.o)
 .ARM.attributes
                0x0000000000000689       0x34 c:/st/stm32cubeide_1.5.0/stm32cubeide/plugins/com.st.stm32cube.ide.mcu.externaltools.gnu-tools-for-stm32.9-2020-q2-update.win32_1.5.0.202011040924/tools/bin/../lib/gcc/arm-none-eabi/9.3.1/../../../../arm-none-eabi/lib/thumb/v7e-m+fp/hard\libc_nano.a(lib_a-findfp.o)
 .ARM.attributes
                0x00000000000006bd       0x34 c:/st/stm32cubeide_1.5.0/stm32cubeide/plugins/com.st.stm32cube.ide.mcu.externaltools.gnu-tools-for-stm32.9-2020-q2-update.win32_1.5.0.202011040924/tools/bin/../lib/gcc/arm-none-eabi/9.3.1/../../../../arm-none-eabi/lib/thumb/v7e-m+fp/hard\libc_nano.a(lib_a-fwalk.o)
 .ARM.attributes
                0x00000000000006f1       0x34 c:/st/stm32cubeide_1.5.0/stm32cubeide/plugins/com.st.stm32cube.ide.mcu.externaltools.gnu-tools-for-stm32.9-2020-q2-update.win32_1.5.0.202011040924/tools/bin/../lib/gcc/arm-none-eabi/9.3.1/../../../../arm-none-eabi/lib/thumb/v7e-m+fp/hard\libc_nano.a(lib_a-lock.o)
 .ARM.attributes
                0x0000000000000725       0x34 c:/st/stm32cubeide_1.5.0/stm32cubeide/plugins/com.st.stm32cube.ide.mcu.externaltools.gnu-tools-for-stm32.9-2020-q2-update.win32_1.5.0.202011040924/tools/bin/../lib/gcc/arm-none-eabi/9.3.1/../../../../arm-none-eabi/lib/thumb/v7e-m+fp/hard\libc_nano.a(lib_a-makebuf.o)
 .ARM.attributes
                0x0000000000000759       0x34 c:/st/stm32cubeide_1.5.0/stm32cubeide/plugins/com.st.stm32cube.ide.mcu.externaltools.gnu-tools-for-stm32.9-2020-q2-update.win32_1.5.0.202011040924/tools/bin/../lib/gcc/arm-none-eabi/9.3.1/../../../../arm-none-eabi/lib/thumb/v7e-m+fp/hard\libc_nano.a(lib_a-nano-freer.o)
 .ARM.attributes
                0x000000000000078d       0x34 c:/st/stm32cubeide_1.5.0/stm32cubeide/plugins/com.st.stm32cube.ide.mcu.externaltools.gnu-tools-for-stm32.9-2020-q2-update.win32_1.5.0.202011040924/tools/bin/../lib/gcc/arm-none-eabi/9.3.1/../../../../arm-none-eabi/lib/thumb/v7e-m+fp/hard\libc_nano.a(lib_a-nano-mallocr.o)
 .ARM.attributes
                0x00000000000007c1       0x34 c:/st/stm32cubeide_1.5.0/stm32cubeide/plugins/com.st.stm32cube.ide.mcu.externaltools.gnu-tools-for-stm32.9-2020-q2-update.win32_1.5.0.202011040924/tools/bin/../lib/gcc/arm-none-eabi/9.3.1/../../../../arm-none-eabi/lib/thumb/v7e-m+fp/hard\libc_nano.a(lib_a-nano-vfprintf.o)
 .ARM.attributes
                0x00000000000007f5       0x34 c:/st/stm32cubeide_1.5.0/stm32cubeide/plugins/com.st.stm32cube.ide.mcu.externaltools.gnu-tools-for-stm32.9-2020-q2-update.win32_1.5.0.202011040924/tools/bin/../lib/gcc/arm-none-eabi/9.3.1/../../../../arm-none-eabi/lib/thumb/v7e-m+fp/hard\libc_nano.a(lib_a-nano-vfprintf_i.o)
 .ARM.attributes
                0x0000000000000829       0x34 c:/st/stm32cubeide_1.5.0/stm32cubeide/plugins/com.st.stm32cube.ide.mcu.externaltools.gnu-tools-for-stm32.9-2020-q2-update.win32_1.5.0.202011040924/tools/bin/../lib/gcc/arm-none-eabi/9.3.1/../../../../arm-none-eabi/lib/thumb/v7e-m+fp/hard\libc_nano.a(lib_a-sbrkr.o)
 .ARM.attributes
                0x000000000000085d       0x34 c:/st/stm32cubeide_1.5.0/stm32cubeide/plugins/com.st.stm32cube.ide.mcu.externaltools.gnu-tools-for-stm32.9-2020-q2-update.win32_1.5.0.202011040924/tools/bin/../lib/gcc/arm-none-eabi/9.3.1/../../../../arm-none-eabi/lib/thumb/v7e-m+fp/hard\libc_nano.a(lib_a-stdio.o)
 .ARM.attributes
                0x0000000000000891       0x34 c:/st/stm32cubeide_1.5.0/stm32cubeide/plugins/com.st.stm32cube.ide.mcu.externaltools.gnu-tools-for-stm32.9-2020-q2-update.win32_1.5.0.202011040924/tools/bin/../lib/gcc/arm-none-eabi/9.3.1/../../../../arm-none-eabi/lib/thumb/v7e-m+fp/hard\libc_nano.a(lib_a-writer.o)
 .ARM.attributes
                0x00000000000008c5       0x34 c:/st/stm32cubeide_1.5.0/stm32cubeide/plugins/com.st.stm32cube.ide.mcu.externaltools.gnu-tools-for-stm32.9-2020-q2-update.win32_1.5.0.202011040924/tools/bin/../lib/gcc/arm-none-eabi/9.3.1/../../../../arm-none-eabi/lib/thumb/v7e-m+fp/hard\libc_nano.a(lib_a-closer.o)
 .ARM.attributes
                0x00000000000008f9       0x34 c:/st/stm32cubeide_1.5.0/stm32cubeide/plugins/com.st.stm32cube.ide.mcu.externaltools.gnu-tools-for-stm32.9-2020-q2-update.win32_1.5.0.202011040924/tools/bin/../lib/gcc/arm-none-eabi/9.3.1/../../../../arm-none-eabi/lib/thumb/v7e-m+fp/hard\libc_nano.a(lib_a-fstatr.o)
 .ARM.attributes
                0x000000000000092d       0x34 c:/st/stm32cubeide_1.5.0/stm32cubeide/plugins/com.st.stm32cube.ide.mcu.externaltools.gnu-tools-for-stm32.9-2020-q2-update.win32_1.5.0.202011040924/tools/bin/../lib/gcc/arm-none-eabi/9.3.1/../../../../arm-none-eabi/lib/thumb/v7e-m+fp/hard\libc_nano.a(lib_a-isattyr.o)
 .ARM.attributes
                0x0000000000000961       0x34 c:/st/stm32cubeide_1.5.0/stm32cubeide/plugins/com.st.stm32cube.ide.mcu.externaltools.gnu-tools-for-stm32.9-2020-q2-update.win32_1.5.0.202011040924/tools/bin/../lib/gcc/arm-none-eabi/9.3.1/../../../../arm-none-eabi/lib/thumb/v7e-m+fp/hard\libc_nano.a(lib_a-lseekr.o)
 .ARM.attributes
                0x0000000000000995       0x1c c:/st/stm32cubeide_1.5.0/stm32cubeide/plugins/com.st.stm32cube.ide.mcu.externaltools.gnu-tools-for-stm32.9-2020-q2-update.win32_1.5.0.202011040924/tools/bin/../lib/gcc/arm-none-eabi/9.3.1/../../../../arm-none-eabi/lib/thumb/v7e-m+fp/hard\libc_nano.a(lib_a-memchr.o)
 .ARM.attributes
                0x00000000000009b1       0x34 c:/st/stm32cubeide_1.5.0/stm32cubeide/plugins/com.st.stm32cube.ide.mcu.externaltools.gnu-tools-for-stm32.9-2020-q2-update.win32_1.5.0.202011040924/tools/bin/../lib/gcc/arm-none-eabi/9.3.1/../../../../arm-none-eabi/lib/thumb/v7e-m+fp/hard\libc_nano.a(lib_a-mlock.o)
 .ARM.attributes
                0x00000000000009e5       0x34 c:/st/stm32cubeide_1.5.0/stm32cubeide/plugins/com.st.stm32cube.ide.mcu.externaltools.gnu-tools-for-stm32.9-2020-q2-update.win32_1.5.0.202011040924/tools/bin/../lib/gcc/arm-none-eabi/9.3.1/../../../../arm-none-eabi/lib/thumb/v7e-m+fp/hard\libc_nano.a(lib_a-readr.o)
 .ARM.attributes
                0x0000000000000a19       0x34 c:/st/stm32cubeide_1.5.0/stm32cubeide/plugins/com.st.stm32cube.ide.mcu.externaltools.gnu-tools-for-stm32.9-2020-q2-update.win32_1.5.0.202011040924/tools/bin/../lib/gcc/arm-none-eabi/9.3.1/../../../../arm-none-eabi/lib/thumb/v7e-m+fp/hard\libc_nano.a(lib_a-reent.o)
 .ARM.attributes
                0x0000000000000a4d       0x1e c:/st/stm32cubeide_1.5.0/stm32cubeide/plugins/com.st.stm32cube.ide.mcu.externaltools.gnu-tools-for-stm32.9-2020-q2-update.win32_1.5.0.202011040924/tools/bin/../lib/gcc/arm-none-eabi/9.3.1/thumb/v7e-m+fp/hard\libgcc.a(_aeabi_uldivmod.o)
 .ARM.attributes
                0x0000000000000a6b       0x34 c:/st/stm32cubeide_1.5.0/stm32cubeide/plugins/com.st.stm32cube.ide.mcu.externaltools.gnu-tools-for-stm32.9-2020-q2-update.win32_1.5.0.202011040924/tools/bin/../lib/gcc/arm-none-eabi/9.3.1/thumb/v7e-m+fp/hard\libgcc.a(_udivmoddi4.o)
 .ARM.attributes
                0x0000000000000a9f       0x1e c:/st/stm32cubeide_1.5.0/stm32cubeide/plugins/com.st.stm32cube.ide.mcu.externaltools.gnu-tools-for-stm32.9-2020-q2-update.win32_1.5.0.202011040924/tools/bin/../lib/gcc/arm-none-eabi/9.3.1/thumb/v7e-m+fp/hard\libgcc.a(_dvmd_tls.o)
 .ARM.attributes
                0x0000000000000abd       0x1e c:/st/stm32cubeide_1.5.0/stm32cubeide/plugins/com.st.stm32cube.ide.mcu.externaltools.gnu-tools-for-stm32.9-2020-q2-update.win32_1.5.0.202011040924/tools/bin/../lib/gcc/arm-none-eabi/9.3.1/thumb/v7e-m+fp/hard/crtn.o
OUTPUT(f429.elf elf32-littlearm)
LOAD linker stubs
LOAD c:/st/stm32cubeide_1.5.0/stm32cubeide/plugins/com.st.stm32cube.ide.mcu.externaltools.gnu-tools-for-stm32.9-2020-q2-update.win32_1.5.0.202011040924/tools/bin/../lib/gcc/arm-none-eabi/9.3.1/../../../../arm-none-eabi/lib/thumb/v7e-m+fp/hard\libc.a
LOAD c:/st/stm32cubeide_1.5.0/stm32cubeide/plugins/com.st.stm32cube.ide.mcu.externaltools.gnu-tools-for-stm32.9-2020-q2-update.win32_1.5.0.202011040924/tools/bin/../lib/gcc/arm-none-eabi/9.3.1/../../../../arm-none-eabi/lib/thumb/v7e-m+fp/hard\libm.a
LOAD c:/st/stm32cubeide_1.5.0/stm32cubeide/plugins/com.st.stm32cube.ide.mcu.externaltools.gnu-tools-for-stm32.9-2020-q2-update.win32_1.5.0.202011040924/tools/bin/../lib/gcc/arm-none-eabi/9.3.1/thumb/v7e-m+fp/hard\libgcc.a

.debug_info     0x0000000000000000     0xf2ca
 .debug_info    0x0000000000000000      0x60b Core/Src/dma.o
 .debug_info    0x000000000000060b      0x585 Core/Src/gpio.o
 .debug_info    0x0000000000000b90      0xd03 Core/Src/loopback.o
 .debug_info    0x0000000000001893     0x1c47 Core/Src/main.o
 .debug_info    0x00000000000034da      0x869 Core/Src/socket.o
 .debug_info    0x0000000000003d43      0xd0f Core/Src/spi.o
 .debug_info    0x0000000000004a52      0x3b0 Core/Src/stm32f4xx_hal_msp.o
 .debug_info    0x0000000000004e02      0x54f Core/Src/stm32f4xx_it.o
 .debug_info    0x0000000000005351      0xfa8 Core/Src/syscalls.o
 .debug_info    0x00000000000062f9      0xa25 Core/Src/sysmem.o
 .debug_info    0x0000000000006d1e      0x5c0 Core/Src/system_stm32f4xx.o
 .debug_info    0x00000000000072de      0xa20 Core/Src/usart.o
 .debug_info    0x0000000000007cfe      0x585 Core/Src/w5500.o
 .debug_info    0x0000000000008283      0xccc Core/Src/wizchip_conf.o
 .debug_info    0x0000000000008f4f       0x22 Core/Startup/startup_stm32f429zgtx.o
 .debug_info    0x0000000000008f71      0xa2a Drivers/STM32F4xx_HAL_Driver/stm32f4xx_hal.o
 .debug_info    0x000000000000999b      0xf0d Drivers/STM32F4xx_HAL_Driver/stm32f4xx_hal_cortex.o
 .debug_info    0x000000000000a8a8      0x9f1 Drivers/STM32F4xx_HAL_Driver/stm32f4xx_hal_dma.o
 .debug_info    0x000000000000b299      0x85a Drivers/STM32F4xx_HAL_Driver/stm32f4xx_hal_gpio.o
 .debug_info    0x000000000000baf3      0x9b2 Drivers/STM32F4xx_HAL_Driver/stm32f4xx_hal_rcc.o
 .debug_info    0x000000000000c4a5     0x17c0 Drivers/STM32F4xx_HAL_Driver/stm32f4xx_hal_spi.o
 .debug_info    0x000000000000dc65     0x1665 Drivers/STM32F4xx_HAL_Driver/stm32f4xx_hal_uart.o

.debug_abbrev   0x0000000000000000     0x2c20
 .debug_abbrev  0x0000000000000000      0x126 Core/Src/dma.o
 .debug_abbrev  0x0000000000000126      0x14e Core/Src/gpio.o
 .debug_abbrev  0x0000000000000274      0x22e Core/Src/loopback.o
 .debug_abbrev  0x00000000000004a2      0x36a Core/Src/main.o
 .debug_abbrev  0x000000000000080c      0x247 Core/Src/socket.o
 .debug_abbrev  0x0000000000000a53      0x20c Core/Src/spi.o
 .debug_abbrev  0x0000000000000c5f      0x11d Core/Src/stm32f4xx_hal_msp.o
 .debug_abbrev  0x0000000000000d7c      0x17d Core/Src/stm32f4xx_it.o
 .debug_abbrev  0x0000000000000ef9      0x286 Core/Src/syscalls.o
 .debug_abbrev  0x000000000000117f      0x1bf Core/Src/sysmem.o
 .debug_abbrev  0x000000000000133e      0x145 Core/Src/system_stm32f4xx.o
 .debug_abbrev  0x0000000000001483      0x1bb Core/Src/usart.o
 .debug_abbrev  0x000000000000163e      0x211 Core/Src/w5500.o
 .debug_abbrev  0x000000000000184f      0x2de Core/Src/wizchip_conf.o
 .debug_abbrev  0x0000000000001b2d       0x12 Core/Startup/startup_stm32f429zgtx.o
 .debug_abbrev  0x0000000000001b3f      0x1ed Drivers/STM32F4xx_HAL_Driver/stm32f4xx_hal.o
 .debug_abbrev  0x0000000000001d2c      0x33c Drivers/STM32F4xx_HAL_Driver/stm32f4xx_hal_cortex.o
 .debug_abbrev  0x0000000000002068      0x259 Drivers/STM32F4xx_HAL_Driver/stm32f4xx_hal_dma.o
 .debug_abbrev  0x00000000000022c1      0x1f1 Drivers/STM32F4xx_HAL_Driver/stm32f4xx_hal_gpio.o
 .debug_abbrev  0x00000000000024b2      0x275 Drivers/STM32F4xx_HAL_Driver/stm32f4xx_hal_rcc.o
 .debug_abbrev  0x0000000000002727      0x26e Drivers/STM32F4xx_HAL_Driver/stm32f4xx_hal_spi.o
 .debug_abbrev  0x0000000000002995      0x28b Drivers/STM32F4xx_HAL_Driver/stm32f4xx_hal_uart.o

.debug_aranges  0x0000000000000000      0xca8
 .debug_aranges
                0x0000000000000000       0x20 Core/Src/dma.o
 .debug_aranges
                0x0000000000000020       0x20 Core/Src/gpio.o
 .debug_aranges
                0x0000000000000040       0x30 Core/Src/loopback.o
 .debug_aranges
                0x0000000000000070       0x80 Core/Src/main.o
 .debug_aranges
                0x00000000000000f0       0x78 Core/Src/socket.o
 .debug_aranges
                0x0000000000000168       0x58 Core/Src/spi.o
 .debug_aranges
                0x00000000000001c0       0x20 Core/Src/stm32f4xx_hal_msp.o
 .debug_aranges
                0x00000000000001e0       0x90 Core/Src/stm32f4xx_it.o
 .debug_aranges
                0x0000000000000270       0xa8 Core/Src/syscalls.o
 .debug_aranges
                0x0000000000000318       0x20 Core/Src/sysmem.o
 .debug_aranges
                0x0000000000000338       0x28 Core/Src/system_stm32f4xx.o
 .debug_aranges
                0x0000000000000360       0x30 Core/Src/usart.o
 .debug_aranges
                0x0000000000000390       0x60 Core/Src/w5500.o
 .debug_aranges
                0x00000000000003f0      0x138 Core/Src/wizchip_conf.o
 .debug_aranges
                0x0000000000000528       0x28 Core/Startup/startup_stm32f429zgtx.o
 .debug_aranges
                0x0000000000000550      0x100 Drivers/STM32F4xx_HAL_Driver/stm32f4xx_hal.o
 .debug_aranges
                0x0000000000000650      0x118 Drivers/STM32F4xx_HAL_Driver/stm32f4xx_hal_cortex.o
 .debug_aranges
                0x0000000000000768       0x90 Drivers/STM32F4xx_HAL_Driver/stm32f4xx_hal_dma.o
 .debug_aranges
                0x00000000000007f8       0x58 Drivers/STM32F4xx_HAL_Driver/stm32f4xx_hal_gpio.o
 .debug_aranges
                0x0000000000000850       0x88 Drivers/STM32F4xx_HAL_Driver/stm32f4xx_hal_rcc.o
 .debug_aranges
                0x00000000000008d8      0x1d0 Drivers/STM32F4xx_HAL_Driver/stm32f4xx_hal_spi.o
 .debug_aranges
                0x0000000000000aa8      0x200 Drivers/STM32F4xx_HAL_Driver/stm32f4xx_hal_uart.o

.debug_ranges   0x0000000000000000      0xb80
 .debug_ranges  0x0000000000000000       0x10 Core/Src/dma.o
 .debug_ranges  0x0000000000000010       0x10 Core/Src/gpio.o
 .debug_ranges  0x0000000000000020       0x20 Core/Src/loopback.o
 .debug_ranges  0x0000000000000040       0x70 Core/Src/main.o
 .debug_ranges  0x00000000000000b0       0x68 Core/Src/socket.o
 .debug_ranges  0x0000000000000118       0x48 Core/Src/spi.o
 .debug_ranges  0x0000000000000160       0x10 Core/Src/stm32f4xx_hal_msp.o
 .debug_ranges  0x0000000000000170       0x80 Core/Src/stm32f4xx_it.o
 .debug_ranges  0x00000000000001f0       0x98 Core/Src/syscalls.o
 .debug_ranges  0x0000000000000288       0x10 Core/Src/sysmem.o
 .debug_ranges  0x0000000000000298       0x18 Core/Src/system_stm32f4xx.o
 .debug_ranges  0x00000000000002b0       0x20 Core/Src/usart.o
 .debug_ranges  0x00000000000002d0       0x50 Core/Src/w5500.o
 .debug_ranges  0x0000000000000320      0x128 Core/Src/wizchip_conf.o
 .debug_ranges  0x0000000000000448       0x20 Core/Startup/startup_stm32f429zgtx.o
 .debug_ranges  0x0000000000000468       0xf0 Drivers/STM32F4xx_HAL_Driver/stm32f4xx_hal.o
 .debug_ranges  0x0000000000000558      0x108 Drivers/STM32F4xx_HAL_Driver/stm32f4xx_hal_cortex.o
 .debug_ranges  0x0000000000000660       0x80 Drivers/STM32F4xx_HAL_Driver/stm32f4xx_hal_dma.o
 .debug_ranges  0x00000000000006e0       0x48 Drivers/STM32F4xx_HAL_Driver/stm32f4xx_hal_gpio.o
 .debug_ranges  0x0000000000000728       0x78 Drivers/STM32F4xx_HAL_Driver/stm32f4xx_hal_rcc.o
 .debug_ranges  0x00000000000007a0      0x1c0 Drivers/STM32F4xx_HAL_Driver/stm32f4xx_hal_spi.o
 .debug_ranges  0x0000000000000960      0x220 Drivers/STM32F4xx_HAL_Driver/stm32f4xx_hal_uart.o

.debug_macro    0x0000000000000000    0x247e9
 .debug_macro   0x0000000000000000      0x1d8 Core/Src/dma.o
 .debug_macro   0x00000000000001d8      0x29b Core/Src/dma.o
 .debug_macro   0x0000000000000473       0x2e Core/Src/dma.o
 .debug_macro   0x00000000000004a1       0x28 Core/Src/dma.o
 .debug_macro   0x00000000000004c9       0x22 Core/Src/dma.o
 .debug_macro   0x00000000000004eb       0x8e Core/Src/dma.o
 .debug_macro   0x0000000000000579       0x51 Core/Src/dma.o
 .debug_macro   0x00000000000005ca      0x103 Core/Src/dma.o
 .debug_macro   0x00000000000006cd       0x6a Core/Src/dma.o
 .debug_macro   0x0000000000000737      0x1df Core/Src/dma.o
 .debug_macro   0x0000000000000916       0x1c Core/Src/dma.o
 .debug_macro   0x0000000000000932       0x22 Core/Src/dma.o
 .debug_macro   0x0000000000000954       0xdf Core/Src/dma.o
 .debug_macro   0x0000000000000a33     0x102d Core/Src/dma.o
 .debug_macro   0x0000000000001a60      0x11f Core/Src/dma.o
 .debug_macro   0x0000000000001b7f    0x17f6a Core/Src/dma.o
 .debug_macro   0x0000000000019ae9       0x43 Core/Src/dma.o
 .debug_macro   0x0000000000019b2c     0x36c9 Core/Src/dma.o
 .debug_macro   0x000000000001d1f5      0x174 Core/Src/dma.o
 .debug_macro   0x000000000001d369       0x5c Core/Src/dma.o
 .debug_macro   0x000000000001d3c5      0xca5 Core/Src/dma.o
 .debug_macro   0x000000000001e06a      0x9fe Core/Src/dma.o
 .debug_macro   0x000000000001ea68      0x117 Core/Src/dma.o
 .debug_macro   0x000000000001eb7f      0x157 Core/Src/dma.o
 .debug_macro   0x000000000001ecd6       0x82 Core/Src/dma.o
 .debug_macro   0x000000000001ed58      0x182 Core/Src/dma.o
 .debug_macro   0x000000000001eeda      0x287 Core/Src/dma.o
 .debug_macro   0x000000000001f161       0x5f Core/Src/dma.o
 .debug_macro   0x000000000001f1c0      0x236 Core/Src/dma.o
 .debug_macro   0x000000000001f3f6      0x132 Core/Src/dma.o
 .debug_macro   0x000000000001f528      0x41d Core/Src/dma.o
 .debug_macro   0x000000000001f945       0x2e Core/Src/dma.o
 .debug_macro   0x000000000001f973      0x11a Core/Src/dma.o
 .debug_macro   0x000000000001fa8d       0xe2 Core/Src/dma.o
 .debug_macro   0x000000000001fb6f       0x89 Core/Src/dma.o
 .debug_macro   0x000000000001fbf8      0x225 Core/Src/dma.o
 .debug_macro   0x000000000001fe1d      0x295 Core/Src/dma.o
 .debug_macro   0x00000000000200b2      0x134 Core/Src/dma.o
 .debug_macro   0x00000000000201e6      0x1d8 Core/Src/gpio.o
 .debug_macro   0x00000000000203be      0x205 Core/Src/loopback.o
 .debug_macro   0x00000000000205c3       0x4c Core/Src/loopback.o
 .debug_macro   0x000000000002060f       0x18 Core/Src/loopback.o
 .debug_macro   0x0000000000020627       0x94 Core/Src/loopback.o
 .debug_macro   0x00000000000206bb       0x3c Core/Src/loopback.o
 .debug_macro   0x00000000000206f7       0x34 Core/Src/loopback.o
 .debug_macro   0x000000000002072b       0x16 Core/Src/loopback.o
 .debug_macro   0x0000000000020741       0x57 Core/Src/loopback.o
 .debug_macro   0x0000000000020798       0x97 Core/Src/loopback.o
 .debug_macro   0x000000000002082f      0x339 Core/Src/loopback.o
 .debug_macro   0x0000000000020b68       0xfd Core/Src/loopback.o
 .debug_macro   0x0000000000020c65       0x10 Core/Src/loopback.o
 .debug_macro   0x0000000000020c75       0x16 Core/Src/loopback.o
 .debug_macro   0x0000000000020c8b       0x43 Core/Src/loopback.o
 .debug_macro   0x0000000000020cce       0x34 Core/Src/loopback.o
 .debug_macro   0x0000000000020d02       0x10 Core/Src/loopback.o
 .debug_macro   0x0000000000020d12       0x58 Core/Src/loopback.o
 .debug_macro   0x0000000000020d6a       0x71 Core/Src/loopback.o
 .debug_macro   0x0000000000020ddb       0x1c Core/Src/loopback.o
 .debug_macro   0x0000000000020df7      0x12a Core/Src/loopback.o
 .debug_macro   0x0000000000020f21       0x10 Core/Src/loopback.o
 .debug_macro   0x0000000000020f31       0x1c Core/Src/loopback.o
 .debug_macro   0x0000000000020f4d       0x52 Core/Src/loopback.o
 .debug_macro   0x0000000000020f9f       0x22 Core/Src/loopback.o
 .debug_macro   0x0000000000020fc1       0x10 Core/Src/loopback.o
 .debug_macro   0x0000000000020fd1       0x40 Core/Src/loopback.o
 .debug_macro   0x0000000000021011       0xd5 Core/Src/loopback.o
 .debug_macro   0x00000000000210e6       0x1c Core/Src/loopback.o
 .debug_macro   0x0000000000021102       0x3d Core/Src/loopback.o
 .debug_macro   0x000000000002113f       0x16 Core/Src/loopback.o
 .debug_macro   0x0000000000021155      0x145 Core/Src/loopback.o
 .debug_macro   0x000000000002129a       0x1c Core/Src/loopback.o
 .debug_macro   0x00000000000212b6       0x6c Core/Src/loopback.o