Component: ARM Compiler 5.06 update 6 (build 750) Tool: armlink [4d35ed]

==============================================================================

Section Cross References

    startup_stm32f429xx.o(RESET) refers to startup_stm32f429xx.o(STACK) for __initial_sp
    startup_stm32f429xx.o(RESET) refers to startup_stm32f429xx.o(.text) for Reset_Handler
    startup_stm32f429xx.o(RESET) refers to stm32f4xx_it.o(i.NMI_Handler) for NMI_Handler
    startup_stm32f429xx.o(RESET) refers to stm32f4xx_it.o(i.HardFault_Handler) for HardFault_Handler
    startup_stm32f429xx.o(RESET) refers to stm32f4xx_it.o(i.MemManage_Handler) for MemManage_Handler
    startup_stm32f429xx.o(RESET) refers to stm32f4xx_it.o(i.BusFault_Handler) for BusFault_Handler
    startup_stm32f429xx.o(RESET) refers to stm32f4xx_it.o(i.UsageFault_Handler) for UsageFault_Handler
    startup_stm32f429xx.o(RESET) refers to stm32f4xx_it.o(i.SVC_Handler) for SVC_Handler
    startup_stm32f429xx.o(RESET) refers to stm32f4xx_it.o(i.DebugMon_Handler) for DebugMon_Handler
    startup_stm32f429xx.o(RESET) refers to stm32f4xx_it.o(i.PendSV_Handler) for PendSV_Handler
    startup_stm32f429xx.o(RESET) refers to stm32f4xx_it.o(i.SysTick_Handler) for SysTick_Handler
    startup_stm32f429xx.o(RESET) refers to stm32f4xx_it.o(i.DMA1_Stream0_IRQHandler) for DMA1_Stream0_IRQHandler
    startup_stm32f429xx.o(RESET) refers to stm32f4xx_it.o(i.DMA2_Stream0_IRQHandler) for DMA2_Stream0_IRQHandler
    startup_stm32f429xx.o(RESET) refers to stm32f4xx_it.o(i.DMA2_Stream3_IRQHandler) for DMA2_Stream3_IRQHandler
    startup_stm32f429xx.o(RESET) refers to stm32f4xx_it.o(i.DMA2_Stream5_IRQHandler) for DMA2_Stream5_IRQHandler
    startup_stm32f429xx.o(RESET) refers to stm32f4xx_it.o(i.DMA2_Stream6_IRQHandler) for DMA2_Stream6_IRQHandler
    startup_stm32f429xx.o(.text) refers to system_stm32f4xx.o(i.SystemInit) for SystemInit
    startup_stm32f429xx.o(.text) refers to entry.o(.ARM.Collect$$$$00000000) for __main
    socket_1.o(i.close) refers to w5500_1.o(i.WIZCHIP_WRITE) for WIZCHIP_WRITE
    socket_1.o(i.close) refers to w5500_1.o(i.WIZCHIP_READ) for WIZCHIP_READ
    socket_1.o(i.close) refers to socket_1.o(.data) for .data
    socket_1.o(i.close) refers to socket_1.o(.bss) for .bss
    socket_1.o(i.connect) refers to w5500_1.o(i.WIZCHIP_READ) for WIZCHIP_READ
    socket_1.o(i.connect) refers to w5500_1.o(i.WIZCHIP_WRITE_BUF) for WIZCHIP_WRITE_BUF
    socket_1.o(i.connect) refers to w5500_1.o(i.WIZCHIP_WRITE) for WIZCHIP_WRITE
    socket_1.o(i.connect) refers to socket_1.o(.data) for .data
    socket_1.o(i.ctlsocket) refers to w5500_1.o(i.WIZCHIP_READ) for WIZCHIP_READ
    socket_1.o(i.ctlsocket) refers to w5500_1.o(i.WIZCHIP_WRITE) for WIZCHIP_WRITE
    socket_1.o(i.ctlsocket) refers to socket_1.o(.data) for .data
    socket_1.o(i.disconnect) refers to w5500_1.o(i.WIZCHIP_READ) for WIZCHIP_READ
    socket_1.o(i.disconnect) refers to w5500_1.o(i.WIZCHIP_WRITE) for WIZCHIP_WRITE
    socket_1.o(i.disconnect) refers to socket_1.o(i.close) for close
    socket_1.o(i.disconnect) refers to socket_1.o(.data) for .data
    socket_1.o(i.getsockopt) refers to w5500_1.o(i.WIZCHIP_READ) for WIZCHIP_READ
    socket_1.o(i.getsockopt) refers to w5500_1.o(i.WIZCHIP_READ_BUF) for WIZCHIP_READ_BUF
    socket_1.o(i.getsockopt) refers to w5500_1.o(i.getSn_TX_FSR) for getSn_TX_FSR
    socket_1.o(i.getsockopt) refers to w5500_1.o(i.getSn_RX_RSR) for getSn_RX_RSR
    socket_1.o(i.getsockopt) refers to socket_1.o(.bss) for .bss
    socket_1.o(i.getsockopt) refers to socket_1.o(.data) for .data
    socket_1.o(i.listen) refers to w5500_1.o(i.WIZCHIP_READ) for WIZCHIP_READ
    socket_1.o(i.listen) refers to w5500_1.o(i.WIZCHIP_WRITE) for WIZCHIP_WRITE
    socket_1.o(i.listen) refers to socket_1.o(i.close) for close
    socket_1.o(i.recv) refers to w5500_1.o(i.WIZCHIP_READ) for WIZCHIP_READ
    socket_1.o(i.recv) refers to w5500_1.o(i.getSn_RX_RSR) for getSn_RX_RSR
    socket_1.o(i.recv) refers to w5500_1.o(i.getSn_TX_FSR) for getSn_TX_FSR
    socket_1.o(i.recv) refers to socket_1.o(i.close) for close
    socket_1.o(i.recv) refers to w5500_1.o(i.wiz_recv_data) for wiz_recv_data
    socket_1.o(i.recv) refers to w5500_1.o(i.WIZCHIP_WRITE) for WIZCHIP_WRITE
    socket_1.o(i.recv) refers to socket_1.o(.data) for .data
    socket_1.o(i.recvfrom) refers to w5500_1.o(i.WIZCHIP_READ) for WIZCHIP_READ
    socket_1.o(i.recvfrom) refers to w5500_1.o(i.getSn_RX_RSR) for getSn_RX_RSR
    socket_1.o(i.recvfrom) refers to w5500_1.o(i.wiz_recv_ignore) for wiz_recv_ignore
    socket_1.o(i.recvfrom) refers to w5500_1.o(i.WIZCHIP_WRITE) for WIZCHIP_WRITE
    socket_1.o(i.recvfrom) refers to w5500_1.o(i.wiz_recv_data) for wiz_recv_data
    socket_1.o(i.recvfrom) refers to socket_1.o(i.close) for close
    socket_1.o(i.recvfrom) refers to socket_1.o(.bss) for .bss
    socket_1.o(i.recvfrom) refers to socket_1.o(.data) for .data
    socket_1.o(i.send) refers to w5500_1.o(i.WIZCHIP_READ) for WIZCHIP_READ
[...]
    Removing stm32f4xx_hal_cortex.o(i.HAL_MPU_ConfigRegion), (84 bytes).
    Removing stm32f4xx_hal_cortex.o(i.HAL_MPU_Disable), (28 bytes).
    Removing stm32f4xx_hal_cortex.o(i.HAL_MPU_Enable), (36 bytes).
    Removing stm32f4xx_hal_cortex.o(i.HAL_NVIC_ClearPendingIRQ), (26 bytes).
    Removing stm32f4xx_hal_cortex.o(i.HAL_NVIC_DisableIRQ), (34 bytes).
    Removing stm32f4xx_hal_cortex.o(i.HAL_NVIC_GetActive), (36 bytes).
    Removing stm32f4xx_hal_cortex.o(i.HAL_NVIC_GetPendingIRQ), (36 bytes).
    Removing stm32f4xx_hal_cortex.o(i.HAL_NVIC_GetPriority), (82 bytes).
    Removing stm32f4xx_hal_cortex.o(i.HAL_NVIC_GetPriorityGrouping), (16 bytes).
    Removing stm32f4xx_hal_cortex.o(i.HAL_NVIC_SetPendingIRQ), (26 bytes).
    Removing stm32f4xx_hal_cortex.o(i.HAL_NVIC_SystemReset), (36 bytes).
    Removing stm32f4xx_hal_cortex.o(i.HAL_SYSTICK_CLKSourceConfig), (24 bytes).
    Removing stm32f4xx_hal_cortex.o(i.HAL_SYSTICK_Callback), (2 bytes).
    Removing stm32f4xx_hal_cortex.o(i.HAL_SYSTICK_IRQHandler), (8 bytes).
    Removing stm32f4xx_hal.o(.rev16_text), (4 bytes).
    Removing stm32f4xx_hal.o(.revsh_text), (4 bytes).
    Removing stm32f4xx_hal.o(.rrx_text), (6 bytes).
    Removing stm32f4xx_hal.o(i.HAL_DBGMCU_DisableDBGSleepMode), (16 bytes).
    Removing stm32f4xx_hal.o(i.HAL_DBGMCU_DisableDBGStandbyMode), (16 bytes).
    Removing stm32f4xx_hal.o(i.HAL_DBGMCU_DisableDBGStopMode), (16 bytes).
    Removing stm32f4xx_hal.o(i.HAL_DBGMCU_EnableDBGSleepMode), (16 bytes).
    Removing stm32f4xx_hal.o(i.HAL_DBGMCU_EnableDBGStandbyMode), (16 bytes).
    Removing stm32f4xx_hal.o(i.HAL_DBGMCU_EnableDBGStopMode), (16 bytes).
    Removing stm32f4xx_hal.o(i.HAL_DeInit), (52 bytes).
    Removing stm32f4xx_hal.o(i.HAL_DisableCompensationCell), (12 bytes).
    Removing stm32f4xx_hal.o(i.HAL_DisableMemorySwappingBank), (12 bytes).
    Removing stm32f4xx_hal.o(i.HAL_EnableCompensationCell), (12 bytes).
    Removing stm32f4xx_hal.o(i.HAL_EnableMemorySwappingBank), (12 bytes).
    Removing stm32f4xx_hal.o(i.HAL_GetDEVID), (16 bytes).
    Removing stm32f4xx_hal.o(i.HAL_GetHalVersion), (8 bytes).
    Removing stm32f4xx_hal.o(i.HAL_GetREVID), (12 bytes).
    Removing stm32f4xx_hal.o(i.HAL_GetTickFreq), (12 bytes).
    Removing stm32f4xx_hal.o(i.HAL_GetTickPrio), (12 bytes).
    Removing stm32f4xx_hal.o(i.HAL_GetUIDw0), (12 bytes).
    Removing stm32f4xx_hal.o(i.HAL_GetUIDw1), (12 bytes).
    Removing stm32f4xx_hal.o(i.HAL_GetUIDw2), (12 bytes).
    Removing stm32f4xx_hal.o(i.HAL_MspDeInit), (2 bytes).
    Removing stm32f4xx_hal.o(i.HAL_MspInit), (2 bytes).
    Removing stm32f4xx_hal.o(i.HAL_ResumeTick), (14 bytes).
    Removing stm32f4xx_hal.o(i.HAL_SetTickFreq), (36 bytes).
    Removing stm32f4xx_hal.o(i.HAL_SuspendTick), (14 bytes).
    Removing stm32f4xx_hal_exti.o(.rev16_text), (4 bytes).
    Removing stm32f4xx_hal_exti.o(.revsh_text), (4 bytes).
    Removing stm32f4xx_hal_exti.o(.rrx_text), (6 bytes).
    Removing stm32f4xx_hal_exti.o(i.HAL_EXTI_ClearConfigLine), (108 bytes).
    Removing stm32f4xx_hal_exti.o(i.HAL_EXTI_ClearPending), (20 bytes).
    Removing stm32f4xx_hal_exti.o(i.HAL_EXTI_GenerateSWI), (20 bytes).
    Removing stm32f4xx_hal_exti.o(i.HAL_EXTI_GetConfigLine), (156 bytes).
    Removing stm32f4xx_hal_exti.o(i.HAL_EXTI_GetHandle), (12 bytes).
    Removing stm32f4xx_hal_exti.o(i.HAL_EXTI_GetPending), (24 bytes).
    Removing stm32f4xx_hal_exti.o(i.HAL_EXTI_IRQHandler), (36 bytes).
    Removing stm32f4xx_hal_exti.o(i.HAL_EXTI_RegisterCallback), (14 bytes).
    Removing stm32f4xx_hal_exti.o(i.HAL_EXTI_SetConfigLine), (168 bytes).
    Removing stm32f4xx_hal_tim.o(.rev16_text), (4 bytes).
    Removing stm32f4xx_hal_tim.o(.revsh_text), (4 bytes).
    Removing stm32f4xx_hal_tim.o(.rrx_text), (6 bytes).
    Removing stm32f4xx_hal_tim_ex.o(.rev16_text), (4 bytes).
    Removing stm32f4xx_hal_tim_ex.o(.revsh_text), (4 bytes).
    Removing stm32f4xx_hal_tim_ex.o(.rrx_text), (6 bytes).
    Removing stm32f4xx_hal_uart.o(.rev16_text), (4 bytes).
    Removing stm32f4xx_hal_uart.o(.revsh_text), (4 bytes).
    Removing stm32f4xx_hal_uart.o(.rrx_text), (6 bytes).
    Removing stm32f4xx_hal_uart.o(i.HAL_HalfDuplex_EnableReceiver), (50 bytes).
    Removing stm32f4xx_hal_uart.o(i.HAL_HalfDuplex_EnableTransmitter), (50 bytes).
    Removing stm32f4xx_hal_uart.o(i.HAL_HalfDuplex_Init), (108 bytes).
    Removing stm32f4xx_hal_uart.o(i.HAL_LIN_Init), (128 bytes).
    Removing stm32f4xx_hal_uart.o(i.HAL_LIN_SendBreak), (46 bytes).
    Removing stm32f4xx_hal_uart.o(i.HAL_MultiProcessor_EnterMuteMode), (46 bytes).
    Removing stm32f4xx_hal_uart.o(i.HAL_MultiProcessor_ExitMuteMode), (46 bytes).
    Removing stm32f4xx_hal_uart.o(i.HAL_MultiProcessor_Init), (142 bytes).
    Removing stm32f4xx_hal_uart.o(i.HAL_UARTEx_ReceiveToIdle), (254 bytes).
    Removing stm32f4xx_hal_uart.o(i.HAL_UARTEx_ReceiveToIdle_DMA), (74 bytes).
    Removing stm32f4xx_hal_uart.o(i.HAL_UARTEx_ReceiveToIdle_IT), (74 bytes).
    Removing stm32f4xx_hal_uart.o(i.HAL_UARTEx_RxEventCallback), (2 bytes).
    Removing stm32f4xx_hal_uart.o(i.HAL_UART_Abort), (156 bytes).
    Removing stm32f4xx_hal_uart.o(i.HAL_UART_AbortCpltCallback), (2 bytes).
    Removing stm32f4xx_hal_uart.o(i.HAL_UART_AbortReceive), (106 bytes).
    Removing stm32f4xx_hal_uart.o(i.HAL_UART_AbortReceiveCpltCallback), (2 bytes).
    Removing stm32f4xx_hal_uart.o(i.HAL_UART_AbortReceive_IT), (112 bytes).
    Removing stm32f4xx_hal_uart.o(i.HAL_UART_AbortTransmit), (78 bytes).
    Removing stm32f4xx_hal_uart.o(i.HAL_UART_AbortTransmitCpltCallback), (2 bytes).
    Removing stm32f4xx_hal_uart.o(i.HAL_UART_AbortTransmit_IT), (84 bytes).
    Removing stm32f4xx_hal_uart.o(i.HAL_UART_Abort_IT), (188 bytes).
    Removing stm32f4xx_hal_uart.o(i.HAL_UART_DMAPause), (102 bytes).
    Removing stm32f4xx_hal_uart.o(i.HAL_UART_DMAResume), (94 bytes).
    Removing stm32f4xx_hal_uart.o(i.HAL_UART_DMAStop), (88 bytes).
    Removing stm32f4xx_hal_uart.o(i.HAL_UART_DeInit), (52 bytes).
    Removing stm32f4xx_hal_uart.o(i.HAL_UART_ErrorCallback), (2 bytes).
    Removing stm32f4xx_hal_uart.o(i.HAL_UART_GetError), (4 bytes).
    Removing stm32f4xx_hal_uart.o(i.HAL_UART_GetState), (10 bytes).
    Removing stm32f4xx_hal_uart.o(i.HAL_UART_IRQHandler), (528 bytes).
    Removing stm32f4xx_hal_uart.o(i.HAL_UART_MspDeInit), (2 bytes).
    Removing stm32f4xx_hal_uart.o(i.HAL_UART_MspInit), (2 bytes).
    Removing stm32f4xx_hal_uart.o(i.HAL_UART_Receive), (192 bytes).
    Removing stm32f4xx_hal_uart.o(i.HAL_UART_Receive_DMA), (42 bytes).
    Removing stm32f4xx_hal_uart.o(i.HAL_UART_Receive_IT), (42 bytes).
    Removing stm32f4xx_hal_uart.o(i.HAL_UART_RxCpltCallback), (2 bytes).
    Removing stm32f4xx_hal_uart.o(i.HAL_UART_RxHalfCpltCallback), (2 bytes).
    Removing stm32f4xx_hal_uart.o(i.HAL_UART_Transmit_DMA), (128 bytes).
    Removing stm32f4xx_hal_uart.o(i.HAL_UART_Transmit_IT), (62 bytes).
    Removing stm32f4xx_hal_uart.o(i.HAL_UART_TxCpltCallback), (2 bytes).
    Removing stm32f4xx_hal_uart.o(i.HAL_UART_TxHalfCpltCallback), (2 bytes).
    Removing stm32f4xx_hal_uart.o(i.UART_DMAAbortOnError), (16 bytes).
    Removing stm32f4xx_hal_uart.o(i.UART_DMAError), (74 bytes).
    Removing stm32f4xx_hal_uart.o(i.UART_DMAReceiveCplt), (90 bytes).
    Removing stm32f4xx_hal_uart.o(i.UART_DMARxAbortCallback), (44 bytes).
    Removing stm32f4xx_hal_uart.o(i.UART_DMARxHalfCplt), (26 bytes).
    Removing stm32f4xx_hal_uart.o(i.UART_DMARxOnlyAbortCallback), (22 bytes).
    Removing stm32f4xx_hal_uart.o(i.UART_DMATransmitCplt), (46 bytes).
    Removing stm32f4xx_hal_uart.o(i.UART_DMATxAbortCallback), (44 bytes).
    Removing stm32f4xx_hal_uart.o(i.UART_DMATxHalfCplt), (10 bytes).
    Removing stm32f4xx_hal_uart.o(i.UART_DMATxOnlyAbortCallback), (20 bytes).
    Removing stm32f4xx_hal_uart.o(i.UART_EndRxTransfer), (48 bytes).
    Removing stm32f4xx_hal_uart.o(i.UART_EndTxTransfer), (18 bytes).
    Removing stm32f4xx_hal_uart.o(i.UART_Receive_IT), (174 bytes).
    Removing stm32f4xx_hal_uart.o(i.UART_Start_Receive_DMA), (112 bytes).
    Removing stm32f4xx_hal_uart.o(i.UART_Start_Receive_IT), (54 bytes).
    Removing system_stm32f4xx.o(.rev16_text), (4 bytes).
    Removing system_stm32f4xx.o(.revsh_text), (4 bytes).
    Removing system_stm32f4xx.o(.rrx_text), (6 bytes).
    Removing system_stm32f4xx.o(i.SystemCoreClockUpdate), (124 bytes).
    Removing dadd.o(.text), (334 bytes).
    Removing dmul.o(.text), (228 bytes).
    Removing ddiv.o(.text), (222 bytes).
    Removing dfixul.o(.text), (48 bytes).
    Removing cdrcmple.o(.text), (48 bytes).
    Removing depilogue.o(.text), (186 bytes).

370 unused section(s) (total 26032 bytes) removed from the image.

==============================================================================

Image Symbol Table

    Local Symbols

    Symbol Name                              Value     Ov Type        Size  Object(Section)

    ../Core/Src/dma.c                        0x00000000   Number         0  dma.o ABSOLUTE
    ../Core/Src/gpio.c                       0x00000000   Number         0  gpio.o ABSOLUTE
    ../Core/Src/main.c                       0x00000000   Number         0  main.o ABSOLUTE
    ../Core/Src/spi.c                        0x00000000   Number         0  spi.o ABSOLUTE
    ../Core/Src/stm32f4xx_hal_msp.c          0x00000000   Number         0  stm32f4xx_hal_msp.o ABSOLUTE
    ../Core/Src/stm32f4xx_it.c               0x00000000   Number         0  stm32f4xx_it.o ABSOLUTE
    ../Core/Src/system_stm32f4xx.c           0x00000000   Number         0  system_stm32f4xx.o ABSOLUTE
    ../Core/Src/usart.c                      0x00000000   Number         0  usart.o ABSOLUTE
    ../clib/microlib/division.c              0x00000000   Number         0  uidiv.o ABSOLUTE
    ../clib/microlib/division.c              0x00000000   Number         0  uldiv.o ABSOLUTE
    ../clib/microlib/init/entry.s            0x00000000   Number         0  entry11b.o ABSOLUTE
    ../clib/microlib/init/entry.s            0x00000000   Number         0  entry10a.o ABSOLUTE
    ../clib/microlib/init/entry.s            0x00000000   Number         0  entry7b.o ABSOLUTE
    ../clib/microlib/init/entry.s            0x00000000   Number         0  entry9a.o ABSOLUTE
    ../clib/microlib/init/entry.s            0x00000000   Number         0  entry8b.o ABSOLUTE
    ../clib/microlib/init/entry.s            0x00000000   Number         0  entry.o ABSOLUTE
    ../clib/microlib/init/entry.s            0x00000000   Number         0  entry8a.o ABSOLUTE
    ../clib/microlib/init/entry.s            0x00000000   Number         0  entry7a.o ABSOLUTE
    ../clib/microlib/init/entry.s            0x00000000   Number         0  entry5.o ABSOLUTE
    ../clib/microlib/init/entry.s            0x00000000   Number         0  entry9b.o ABSOLUTE
    ../clib/microlib/init/entry.s            0x00000000   Number         0  entry11a.o ABSOLUTE
    ../clib/microlib/init/entry.s            0x00000000   Number         0  entry10b.o ABSOLUTE
    ../clib/microlib/init/entry.s            0x00000000   Number         0  entry2.o ABSOLUTE
    ../clib/microlib/longlong.c              0x00000000   Number         0  llsshr.o ABSOLUTE
    ../clib/microlib/longlong.c              0x00000000   Number         0  llushr.o ABSOLUTE
    ../clib/microlib/longlong.c              0x00000000   Number         0  llshl.o ABSOLUTE
    ../clib/microlib/printf/printf.c         0x00000000   Number         0  printf5.o ABSOLUTE
    ../clib/microlib/printf/printf.c         0x00000000   Number         0  printf4.o ABSOLUTE
    ../clib/microlib/printf/printf.c         0x00000000   Number         0  printf3.o ABSOLUTE
    ../clib/microlib/printf/printf.c         0x00000000   Number         0  printf2.o ABSOLUTE
    ../clib/microlib/printf/printf.c         0x00000000   Number         0  printfb.o ABSOLUTE
    ../clib/microlib/printf/printf.c         0x00000000   Number         0  printf0.o ABSOLUTE
    ../clib/microlib/printf/printf.c         0x00000000   Number         0  printf1.o ABSOLUTE
    ../clib/microlib/printf/printf.c         0x00000000   Number         0  printfa.o ABSOLUTE
    ../clib/microlib/printf/printf.c         0x00000000   Number         0  printf8.o ABSOLUTE
    ../clib/microlib/printf/printf.c         0x00000000   Number         0  printf7.o ABSOLUTE
    ../clib/microlib/printf/printf.c         0x00000000   Number         0  printf6.o ABSOLUTE
    ../clib/microlib/printf/stubs.s          0x00000000   Number         0  stubs.o ABSOLUTE
    ../clib/microlib/stdio/streams.c         0x00000000   Number         0  stdout.o ABSOLUTE
    ../clib/microlib/string/memcmp.c         0x00000000   Number         0  memcmp.o ABSOLUTE
    ../clib/microlib/string/memset.c         0x00000000   Number         0  memseta.o ABSOLUTE
    ../clib/microlib/stubs.s                 0x00000000   Number         0  iusefp.o ABSOLUTE
    ../fplib/microlib/fpadd.c                0x00000000   Number         0  dadd.o ABSOLUTE
    ../fplib/microlib/fpdiv.c                0x00000000   Number         0  ddiv.o ABSOLUTE
    ../fplib/microlib/fpepilogue.c           0x00000000   Number         0  depilogue.o ABSOLUTE
    ../fplib/microlib/fpfix.c                0x00000000   Number         0  dfixul.o ABSOLUTE
    ../fplib/microlib/fpmul.c                0x00000000   Number         0  dmul.o ABSOLUTE
    ..\Core\Src\dma.c                        0x00000000   Number         0  dma.o ABSOLUTE
    ..\Core\Src\gpio.c                       0x00000000   Number         0  gpio.o ABSOLUTE
    ..\Core\Src\main.c                       0x00000000   Number         0  main.o ABSOLUTE
    ..\Core\Src\spi.c                        0x00000000   Number         0  spi.o ABSOLUTE
    ..\Core\Src\stm32f4xx_hal_msp.c          0x00000000   Number         0  stm32f4xx_hal_msp.o ABSOLUTE
    ..\Core\Src\stm32f4xx_it.c               0x00000000   Number         0  stm32f4xx_it.o ABSOLUTE
    ..\Core\Src\system_stm32f4xx.c           0x00000000   Number         0  system_stm32f4xx.o ABSOLUTE
    ..\Core\Src\usart.c                      0x00000000   Number         0  usart.o ABSOLUTE
    ..\Core\ioLibrary_Driver\Application\loopback\loopback.c 0x00000000   Number         0  loopback_1.o ABSOLUTE
    ..\Core\ioLibrary_Driver\Ethernet\W5500\w5500.c 0x00000000   Number         0  w5500_1.o ABSOLUTE
    ..\Core\ioLibrary_Driver\Ethernet\socket.c 0x00000000   Number         0  socket_1.o ABSOLUTE
    ..\Core\ioLibrary_Driver\Ethernet\wizchip_conf.c 0x00000000   Number         0  wizchip_conf_1.o ABSOLUTE
    ..\Core\ioLibrary_Driver\Internet\DHCP\dhcp.c 0x00000000   Number         0  dhcp.o ABSOLUTE
    C:/Users/Administrator/STM32Cube/Repository/STM32Cube_FW_F4_V1.26.1/Drivers/STM32F4xx_HAL_Driver/Src/stm32f4xx_hal.c 0x00000000   Number         0  stm32f4xx_hal.o ABSOLUTE
    C:/Users/Administrator/STM32Cube/Repository/STM32Cube_FW_F4_V1.26.1/Drivers/STM32F4xx_HAL_Driver/Src/stm32f4xx_hal_cortex.c 0x00000000   Number         0  stm32f4xx_hal_cortex.o ABSOLUTE
    C:/Users/Administrator/STM32Cube/Repository/STM32Cube_FW_F4_V1.26.1/Drivers/STM32F4xx_HAL_Driver/Src/stm32f4xx_hal_dma.c 0x00000000   Number         0  stm32f4xx_hal_dma.o ABSOLUTE
    C:/Users/Administrator/STM32Cube/Repository/STM32Cube_FW_F4_V1.26.1/Drivers/STM32F4xx_HAL_Driver/Src/stm32f4xx_hal_dma_ex.c 0x00000000   Number         0  stm32f4xx_hal_dma_ex.o ABSOLUTE
    C:/Users/Administrator/STM32Cube/Repository/STM32Cube_FW_F4_V1.26.1/Drivers/STM32F4xx_HAL_Driver/Src/stm32f4xx_hal_exti.c 0x00000000   Number         0  stm32f4xx_hal_exti.o ABSOLUTE
    C:/Users/Administrator/STM32Cube/Repository/STM32Cube_FW_F4_V1.26.1/Drivers/STM32F4xx_HAL_Driver/Src/stm32f4xx_hal_flash.c 0x00000000   Number         0  stm32f4xx_hal_flash.o ABSOLUTE
    C:/Users/Administrator/STM32Cube/Repository/STM32Cube_FW_F4_V1.26.1/Drivers/STM32F4xx_HAL_Driver/Src/stm32f4xx_hal_flash_ex.c 0x00000000   Number         0  stm32f4xx_hal_flash_ex.o ABSOLUTE
    C:/Users/Administrator/STM32Cube/Repository/STM32Cube_FW_F4_V1.26.1/Drivers/STM32F4xx_HAL_Driver/Src/stm32f4xx_hal_flash_ramfunc.c 0x00000000   Number         0  stm32f4xx_hal_flash_ramfunc.o ABSOLUTE
    C:/Users/Administrator/STM32Cube/Repository/STM32Cube_FW_F4_V1.26.1/Drivers/STM32F4xx_HAL_Driver/Src/stm32f4xx_hal_gpio.c 0x00000000   Number         0  stm32f4xx_hal_gpio.o ABSOLUTE
    C:/Users/Administrator/STM32Cube/Repository/STM32Cube_FW_F4_V1.26.1/Drivers/STM32F4xx_HAL_Driver/Src/stm32f4xx_hal_pwr.c 0x00000000   Number         0  stm32f4xx_hal_pwr.o ABSOLUTE
    C:/Users/Administrator/STM32Cube/Repository/STM32Cube_FW_F4_V1.26.1/Drivers/STM32F4xx_HAL_Driver/Src/stm32f4xx_hal_pwr_ex.c 0x00000000   Number         0  stm32f4xx_hal_pwr_ex.o ABSOLUTE
    C:/Users/Administrator/STM32Cube/Repository/STM32Cube_FW_F4_V1.26.1/Drivers/STM32F4xx_HAL_Driver/Src/stm32f4xx_hal_rcc.c 0x00000000   Number         0  stm32f4xx_hal_rcc.o ABSOLUTE
    C:/Users/Administrator/STM32Cube/Repository/STM32Cube_FW_F4_V1.26.1/Drivers/STM32F4xx_HAL_Driver/Src/stm32f4xx_hal_rcc_ex.c 0x00000000   Number         0  stm32f4xx_hal_rcc_ex.o ABSOLUTE
    C:/Users/Administrator/STM32Cube/Repository/STM32Cube_FW_F4_V1.26.1/Drivers/STM32F4xx_HAL_Driver/Src/stm32f4xx_hal_spi.c 0x00000000   Number         0  stm32f4xx_hal_spi.o ABSOLUTE
    C:/Users/Administrator/STM32Cube/Repository/STM32Cube_FW_F4_V1.26.1/Drivers/STM32F4xx_HAL_Driver/Src/stm32f4xx_hal_tim.c 0x00000000   Number         0  stm32f4xx_hal_tim.o ABSOLUTE
    C:/Users/Administrator/STM32Cube/Repository/STM32Cube_FW_F4_V1.26.1/Drivers/STM32F4xx_HAL_Driver/Src/stm32f4xx_hal_tim_ex.c 0x00000000   Number         0  stm32f4xx_hal_tim_ex.o ABSOLUTE
    C:/Users/Administrator/STM32Cube/Repository/STM32Cube_FW_F4_V1.26.1/Drivers/STM32F4xx_HAL_Driver/Src/stm32f4xx_hal_uart.c 0x00000000   Number         0  stm32f4xx_hal_uart.o ABSOLUTE
    C:\Users\Administrator\STM32Cube\Repository\STM32Cube_FW_F4_V1.26.1\Drivers\STM32F4xx_HAL_Driver\Src\stm32f4xx_hal.c 0x00000000   Number         0  stm32f4xx_hal.o ABSOLUTE
    C:\Users\Administrator\STM32Cube\Repository\STM32Cube_FW_F4_V1.26.1\Drivers\STM32F4xx_HAL_Driver\Src\stm32f4xx_hal_cortex.c 0x00000000   Number         0  stm32f4xx_hal_cortex.o ABSOLUTE
    C:\Users\Administrator\STM32Cube\Repository\STM32Cube_FW_F4_V1.26.1\Drivers\STM32F4xx_HAL_Driver\Src\stm32f4xx_hal_dma.c 0x00000000   Number         0  stm32f4xx_hal_dma.o ABSOLUTE
    C:\Users\Administrator\STM32Cube\Repository\STM32Cube_FW_F4_V1.26.1\Drivers\STM32F4xx_HAL_Driver\Src\stm32f4xx_hal_dma_ex.c 0x00000000   Number         0  stm32f4xx_hal_dma_ex.o ABSOLUTE
    C:\Users\Administrator\STM32Cube\Repository\STM32Cube_FW_F4_V1.26.1\Drivers\STM32F4xx_HAL_Driver\Src\stm32f4xx_hal_exti.c 0x00000000   Number         0  stm32f4xx_hal_exti.o ABSOLUTE
    C:\Users\Administrator\STM32Cube\Repository\STM32Cube_FW_F4_V1.26.1\Drivers\STM32F4xx_HAL_Driver\Src\stm32f4xx_hal_flash.c 0x00000000   Number         0  stm32f4xx_hal_flash.o ABSOLUTE
    C:\Users\Administrator\STM32Cube\Repository\STM32Cube_FW_F4_V1.26.1\Drivers\STM32F4xx_HAL_Driver\Src\stm32f4xx_hal_flash_ex.c 0x00000000   Number         0  stm32f4xx_hal_flash_ex.o ABSOLUTE
    C:\Users\Administrator\STM32Cube\Repository\STM32Cube_FW_F4_V1.26.1\Drivers\STM32F4xx_HAL_Driver\Src\stm32f4xx_hal_flash_ramfunc.c 0x00000000   Number         0  stm32f4xx_hal_flash_ramfunc.o ABSOLUTE
    C:\Users\Administrator\STM32Cube\Repository\STM32Cube_FW_F4_V1.26.1\Drivers\STM32F4xx_HAL_Driver\Src\stm32f4xx_hal_gpio.c 0x00000000   Number         0  stm32f4xx_hal_gpio.o ABSOLUTE
    C:\Users\Administrator\STM32Cube\Repository\STM32Cube_FW_F4_V1.26.1\Drivers\STM32F4xx_HAL_Driver\Src\stm32f4xx_hal_pwr.c 0x00000000   Number         0  stm32f4xx_hal_pwr.o ABSOLUTE
    C:\Users\Administrator\STM32Cube\Repository\STM32Cube_FW_F4_V1.26.1\Drivers\STM32F4xx_HAL_Driver\Src\stm32f4xx_hal_pwr_ex.c 0x00000000   Number         0  stm32f4xx_hal_pwr_ex.o ABSOLUTE
    C:\Users\Administrator\STM32Cube\Repository\STM32Cube_FW_F4_V1.26.1\Drivers\STM32F4xx_HAL_Driver\Src\stm32f4xx_hal_rcc.c 0x00000000   Number         0  stm32f4xx_hal_rcc.o ABSOLUTE
    C:\Users\Administrator\STM32Cube\Repository\STM32Cube_FW_F4_V1.26.1\Drivers\STM32F4xx_HAL_Driver\Src\stm32f4xx_hal_rcc_ex.c 0x00000000   Number         0  stm32f4xx_hal_rcc_ex.o ABSOLUTE
    C:\Users\Administrator\STM32Cube\Repository\STM32Cube_FW_F4_V1.26.1\Drivers\STM32F4xx_HAL_Driver\Src\stm32f4xx_hal_spi.c 0x00000000   Number         0  stm32f4xx_hal_spi.o ABSOLUTE
    C:\Users\Administrator\STM32Cube\Repository\STM32Cube_FW_F4_V1.26.1\Drivers\STM32F4xx_HAL_Driver\Src\stm32f4xx_hal_tim.c 0x00000000   Number         0  stm32f4xx_hal_tim.o ABSOLUTE
    C:\Users\Administrator\STM32Cube\Repository\STM32Cube_FW_F4_V1.26.1\Drivers\STM32F4xx_HAL_Driver\Src\stm32f4xx_hal_tim_ex.c 0x00000000   Number         0  stm32f4xx_hal_tim_ex.o ABSOLUTE
    C:\Users\Administrator\STM32Cube\Repository\STM32Cube_FW_F4_V1.26.1\Drivers\STM32F4xx_HAL_Driver\Src\stm32f4xx_hal_uart.c 0x00000000   Number         0  stm32f4xx_hal_uart.o ABSOLUTE
    cdrcmple.s                               0x00000000   Number         0  cdrcmple.o ABSOLUTE
    dc.s                                     0x00000000   Number         0  dc.o ABSOLUTE
    handlers.s                               0x00000000   Number         0  handlers.o ABSOLUTE
    init.s                                   0x00000000   Number         0  init.o ABSOLUTE
    startup_stm32f429xx.s                    0x00000000   Number         0  startup_stm32f429xx.o ABSOLUTE
    RESET                                    0x08000000   Section      428  startup_stm32f429xx.o(RESET)
    .ARM.Collect$$$$00000000                 0x080001ac   Section        0  entry.o(.ARM.Collect$$$$00000000)
    .ARM.Collect$$$$00000001                 0x080001ac   Section        4  entry2.o(.ARM.Collect$$$$00000001)
    .ARM.Collect$$$$00000004                 0x080001b0   Section        4  entry5.o(.ARM.Collect$$$$00000004)
    .ARM.Collect$$$$00000008                 0x080001b4   Section        0  entry7b.o(.ARM.Collect$$$$00000008)
    .ARM.Collect$$$$0000000A                 0x080001b4   Section        0  entry8b.o(.ARM.Collect$$$$0000000A)
    .ARM.Collect$$$$0000000B                 0x080001b4   Section        8  entry9a.o(.ARM.Collect$$$$0000000B)
    .ARM.Collect$$$$0000000D                 0x080001bc   Section        0  entry10a.o(.ARM.Collect$$$$0000000D)
    .ARM.Collect$$$$0000000F                 0x080001bc   Section        0  entry11a.o(.ARM.Collect$$$$0000000F)
    .ARM.Collect$$$$00002712                 0x080001bc   Section        4  entry2.o(.ARM.Collect$$$$00002712)
    __lit__00000000                          0x080001bc   Data           4  entry2.o(.ARM.Collect$$$$00002712)
    .text                                    0x080001c0   Section       36  startup_stm32f429xx.o(.text)
    $v0                                      0x080001c0   Number         0  startup_stm32f429xx.o(.text)
    .text                                    0x080001e4   Section        0  uldiv.o(.text)
    .text                                    0x08000246   Section        0  memseta.o(.text)
    .text                                    0x0800026a   Section        0  memcmp.o(.text)
    .text                                    0x08000284   Section        0  llshl.o(.text)
    .text                                    0x080002a2   Section        0  llushr.o(.text)
    .text                                    0x080002c4   Section       36  init.o(.text)
    i.BusFault_Handler                       0x080002e8   Section        0  stm32f4xx_it.o(i.BusFault_Handler)
    i.DMA1_Stream0_IRQHandler                0x080002ec   Section        0  stm32f4xx_it.o(i.DMA1_Stream0_IRQHandler)
    i.DMA2_Stream0_IRQHandler                0x080002f8   Section        0  stm32f4xx_it.o(i.DMA2_Stream0_IRQHandler)
    i.DMA2_Stream3_IRQHandler                0x08000304   Section        0  stm32f4xx_it.o(i.DMA2_Stream3_IRQHandler)
    i.DMA2_Stream5_IRQHandler                0x08000310   Section        0  stm32f4xx_it.o(i.DMA2_Stream5_IRQHandler)
    i.DMA2_Stream6_IRQHandler                0x0800031c   Section        0  stm32f4xx_it.o(i.DMA2_Stream6_IRQHandler)
    i.DMA_CalcBaseAndBitshift                0x08000328   Section        0  stm32f4xx_hal_dma.o(i.DMA_CalcBaseAndBitshift)
    DMA_CalcBaseAndBitshift                  0x08000329   Thumb Code    34  stm32f4xx_hal_dma.o(i.DMA_CalcBaseAndBitshift)
    i.DMA_CheckFifoParam                     0x08000350   Section        0  stm32f4xx_hal_dma.o(i.DMA_CheckFifoParam)
    DMA_CheckFifoParam                       0x08000351   Thumb Code    84  stm32f4xx_hal_dma.o(i.DMA_CheckFifoParam)
    i.DebugMon_Handler                       0x080003a4   Section        0  stm32f4xx_it.o(i.DebugMon_Handler)
    i.Error_Handler                          0x080003a6   Section        0  main.o(i.Error_Handler)
    i.HAL_DMA_IRQHandler                     0x080003ac   Section        0  stm32f4xx_hal_dma.o(i.HAL_DMA_IRQHandler)
    i.HAL_DMA_Init                           0x0800054c   Section        0  stm32f4xx_hal_dma.o(i.HAL_DMA_Init)
    i.HAL_Delay                              0x08000620   Section        0  stm32f4xx_hal.o(i.HAL_Delay)
    i.HAL_GPIO_Init                          0x08000644   Section        0  stm32f4xx_hal_gpio.o(i.HAL_GPIO_Init)
    i.HAL_GPIO_WritePin                      0x08000874   Section        0  stm32f4xx_hal_gpio.o(i.HAL_GPIO_WritePin)
    i.HAL_GetTick                            0x08000880   Section        0  stm32f4xx_hal.o(i.HAL_GetTick)
    i.HAL_IncTick                            0x0800088c   Section        0  stm32f4xx_hal.o(i.HAL_IncTick)
    i.HAL_Init                               0x0800089c   Section        0  stm32f4xx_hal.o(i.HAL_Init)
    i.HAL_InitTick                           0x080008d0   Section        0  stm32f4xx_hal.o(i.HAL_InitTick)
    i.HAL_MspInit                            0x08000910   Section        0  stm32f4xx_hal_msp.o(i.HAL_MspInit)
    i.HAL_NVIC_EnableIRQ                     0x08000940   Section        0  stm32f4xx_hal_cortex.o(i.HAL_NVIC_EnableIRQ)
    i.HAL_NVIC_SetPriority                   0x0800095c   Section        0  stm32f4xx_hal_cortex.o(i.HAL_NVIC_SetPriority)
    i.HAL_NVIC_SetPriorityGrouping           0x0800099c   Section        0  stm32f4xx_hal_cortex.o(i.HAL_NVIC_SetPriorityGrouping)
    i.HAL_RCC_ClockConfig                    0x080009c0   Section        0  stm32f4xx_hal_rcc.o(i.HAL_RCC_ClockConfig)
    i.HAL_RCC_GetPCLK1Freq                   0x08000af4   Section        0  stm32f4xx_hal_rcc.o(i.HAL_RCC_GetPCLK1Freq)
    i.HAL_RCC_GetPCLK2Freq                   0x08000b14   Section        0  stm32f4xx_hal_rcc.o(i.HAL_RCC_GetPCLK2Freq)
    i.HAL_RCC_GetSysClockFreq                0x08000b34   Section        0  stm32f4xx_hal_rcc.o(i.HAL_RCC_GetSysClockFreq)
    i.HAL_RCC_OscConfig                      0x08000b98   Section        0  stm32f4xx_hal_rcc.o(i.HAL_RCC_OscConfig)
    i.HAL_SPI_Init                           0x08000f04   Section        0  stm32f4xx_hal_spi.o(i.HAL_SPI_Init)
    i.HAL_SPI_MspInit                        0x08000fc0   Section        0  spi.o(i.HAL_SPI_MspInit)
    i.HAL_SPI_Receive                        0x0800128c   Section        0  stm32f4xx_hal_spi.o(i.HAL_SPI_Receive)
    i.HAL_SPI_Transmit                       0x080013e6   Section        0  stm32f4xx_hal_spi.o(i.HAL_SPI_Transmit)
    i.HAL_SPI_TransmitReceive                0x0800154c   Section        0  stm32f4xx_hal_spi.o(i.HAL_SPI_TransmitReceive)
    i.HAL_SYSTICK_Config                     0x0800172e   Section        0  stm32f4xx_hal_cortex.o(i.HAL_SYSTICK_Config)
    i.HAL_UART_Init                          0x08001756   Section        0  stm32f4xx_hal_uart.o(i.HAL_UART_Init)
    i.HAL_UART_MspInit                       0x080017b8   Section        0  usart.o(i.HAL_UART_MspInit)
    i.HAL_UART_Transmit                      0x08001820   Section        0  stm32f4xx_hal_uart.o(i.HAL_UART_Transmit)
    i.HardFault_Handler                      0x080018d2   Section        0  stm32f4xx_it.o(i.HardFault_Handler)
    i.MX_DMA_Init                            0x080018d4   Section        0  dma.o(i.MX_DMA_Init)
    i.MX_GPIO_Init                           0x08001950   Section        0  gpio.o(i.MX_GPIO_Init)
    i.MX_SPI1_Init                           0x08001a20   Section        0  spi.o(i.MX_SPI1_Init)
    i.MX_SPI2_Init                           0x08001a60   Section        0  spi.o(i.MX_SPI2_Init)
    i.MX_SPI3_Init                           0x08001aa4   Section        0  spi.o(i.MX_SPI3_Init)
    i.MX_SPI4_Init                           0x08001ae4   Section        0  spi.o(i.MX_SPI4_Init)
    i.MX_SPI5_Init                           0x08001b24   Section        0  spi.o(i.MX_SPI5_Init)
    i.MX_SPI6_Init                           0x08001b64   Section        0  spi.o(i.MX_SPI6_Init)
    i.MX_UART4_Init                          0x08001ba4   Section        0  usart.o(i.MX_UART4_Init)
    i.MemManage_Handler                      0x08001bdc   Section        0  stm32f4xx_it.o(i.MemManage_Handler)
    i.NMI_Handler                            0x08001bde   Section        0  stm32f4xx_it.o(i.NMI_Handler)
    i.PendSV_Handler                         0x08001be0   Section        0  stm32f4xx_it.o(i.PendSV_Handler)
    i.SPI_EndRxTransaction                   0x08001be2   Section        0  stm32f4xx_hal_spi.o(i.SPI_EndRxTransaction)
    SPI_EndRxTransaction                     0x08001be3   Thumb Code    92  stm32f4xx_hal_spi.o(i.SPI_EndRxTransaction)
    i.SPI_EndRxTxTransaction                 0x08001c40   Section        0  stm32f4xx_hal_spi.o(i.SPI_EndRxTxTransaction)
    SPI_EndRxTxTransaction                   0x08001c41   Thumb Code    80  stm32f4xx_hal_spi.o(i.SPI_EndRxTxTransaction)
    i.SPI_WaitFlagStateUntilTimeout          0x08001c98   Section        0  stm32f4xx_hal_spi.o(i.SPI_WaitFlagStateUntilTimeout)
    SPI_WaitFlagStateUntilTimeout            0x08001c99   Thumb Code   180  stm32f4xx_hal_spi.o(i.SPI_WaitFlagStateUntilTimeout)
    i.SVC_Handler                            0x08001d50   Section        0  stm32f4xx_it.o(i.SVC_Handler)
    i.SysTick_Handler                        0x08001d52   Section        0  stm32f4xx_it.o(i.SysTick_Handler)
    i.SystemClock_Config                     0x08001d58   Section        0  main.o(i.SystemClock_Config)
    i.SystemInit                             0x08001dec   Section        0  system_stm32f4xx.o(i.SystemInit)
    i.UART_SetConfig                         0x08001dfc   Section        0  stm32f4xx_hal_uart.o(i.UART_SetConfig)
    UART_SetConfig                           0x08001dfd   Thumb Code   258  stm32f4xx_hal_uart.o(i.UART_SetConfig)
    i.UART_WaitOnFlagUntilTimeout            0x08001f08   Section        0  stm32f4xx_hal_uart.o(i.UART_WaitOnFlagUntilTimeout)
    UART_WaitOnFlagUntilTimeout              0x08001f09   Thumb Code   100  stm32f4xx_hal_uart.o(i.UART_WaitOnFlagUntilTimeout)
    i.UsageFault_Handler                     0x08001f6c   Section        0  stm32f4xx_it.o(i.UsageFault_Handler)
    i.W5500_ReadBuff                         0x08001f70   Section        0  main.o(i.W5500_ReadBuff)
    i.W5500_ReadByte                         0x08001f84   Section        0  main.o(i.W5500_ReadByte)
    i.W5500_Restart                          0x08001f94   Section        0  main.o(i.W5500_Restart)
    i.W5500_Select                           0x08001fc4   Section        0  main.o(i.W5500_Select)
    i.W5500_Unselect                         0x08001fd4   Section        0  main.o(i.W5500_Unselect)
    i.W5500_WriteBuff                        0x08001fe4   Section        0  main.o(i.W5500_WriteBuff)
    i.W5500_WriteByte                        0x08001ff8   Section        0  main.o(i.W5500_WriteByte)
    i.WIZCHIP_READ                           0x08002004   Section        0  w5500_1.o(i.WIZCHIP_READ)
    i.WIZCHIP_READ_BUF                       0x0800205c   Section        0  w5500_1.o(i.WIZCHIP_READ_BUF)
    i.WIZCHIP_WRITE                          0x080020d0   Section        0  w5500_1.o(i.WIZCHIP_WRITE)
    i.WIZCHIP_WRITE_BUF                      0x08002130   Section        0  w5500_1.o(i.WIZCHIP_WRITE_BUF)
    i.__0printf$8                            0x080021a0   Section        0  printf8.o(i.__0printf$8)
    i.__NVIC_SetPriority                     0x080021c0   Section        0  stm32f4xx_hal_cortex.o(i.__NVIC_SetPriority)
    __NVIC_SetPriority                       0x080021c1   Thumb Code    32  stm32f4xx_hal_cortex.o(i.__NVIC_SetPriority)
    i.__scatterload_copy                     0x080021e0   Section       14  handlers.o(i.__scatterload_copy)
    i.__scatterload_null                     0x080021ee   Section        2  handlers.o(i.__scatterload_null)
    i.__scatterload_zeroinit                 0x080021f0   Section       14  handlers.o(i.__scatterload_zeroinit)
    i._printf_core                           0x08002200   Section        0  printf8.o(i._printf_core)
    _printf_core                             0x08002201   Thumb Code   996  printf8.o(i._printf_core)
    i._printf_post_padding                   0x08002610   Section        0  printf8.o(i._printf_post_padding)
    _printf_post_padding                     0x08002611   Thumb Code    36  printf8.o(i._printf_post_padding)
    i._printf_pre_padding                    0x08002634   Section        0  printf8.o(i._printf_pre_padding)
    _printf_pre_padding                      0x08002635   Thumb Code    46  printf8.o(i._printf_pre_padding)
    i.close                                  0x08002664   Section        0  socket_1.o(i.close)
    i.ctlnetwork                             0x080026d8   Section        0  wizchip_conf_1.o(i.ctlnetwork)
    i.ctlwizchip                             0x08002724   Section        0  wizchip_conf_1.o(i.ctlwizchip)
    i.disconnect                             0x0800280c   Section        0  socket_1.o(i.disconnect)
    i.fputc                                  0x08002898   Section        0  main.o(i.fputc)
    i.getSn_RX_RSR                           0x080028b0   Section        0  w5500_1.o(i.getSn_RX_RSR)
    i.getSn_TX_FSR                           0x080028fc   Section        0  w5500_1.o(i.getSn_TX_FSR)
    i.listen                                 0x08002948   Section        0  socket_1.o(i.listen)
    i.loopback_tcps                          0x080029c4   Section        0  loopback_1.o(i.loopback_tcps)
    i.main                                   0x08002b48   Section        0  main.o(i.main)
    i.recv                                   0x08002dcc   Section        0  socket_1.o(i.recv)
    i.reg_wizchip_cs_cbfunc                  0x08002eb0   Section        0  wizchip_conf_1.o(i.reg_wizchip_cs_cbfunc)
    i.reg_wizchip_spi_cbfunc                 0x08002ed4   Section        0  wizchip_conf_1.o(i.reg_wizchip_spi_cbfunc)
    i.send                                   0x08002f00   Section        0  socket_1.o(i.send)
    i.socket                                 0x0800301c   Section        0  socket_1.o(i.socket)
    i.validSetNetInfoResult                  0x08003134   Section        0  main.o(i.validSetNetInfoResult)
    i.wiz_recv_data                          0x08003146   Section        0  w5500_1.o(i.wiz_recv_data)
    i.wiz_send_data                          0x080031a6   Section        0  w5500_1.o(i.wiz_send_data)
    i.wizchip_bus_readdata                   0x08003206   Section        0  wizchip_conf_1.o(i.wizchip_bus_readdata)
    i.wizchip_bus_writedata                  0x0800320a   Section        0  wizchip_conf_1.o(i.wizchip_bus_writedata)
    i.wizchip_clrinterrupt                   0x0800320e   Section        0  wizchip_conf_1.o(i.wizchip_clrinterrupt)
    i.wizchip_cris_enter                     0x0800322c   Section        0  wizchip_conf_1.o(i.wizchip_cris_enter)
    i.wizchip_cris_exit                      0x0800322e   Section        0  wizchip_conf_1.o(i.wizchip_cris_exit)
    i.wizchip_cs_deselect                    0x08003230   Section        0  wizchip_conf_1.o(i.wizchip_cs_deselect)
    i.wizchip_cs_select                      0x08003232   Section        0  wizchip_conf_1.o(i.wizchip_cs_select)
    i.wizchip_getinterrupt                   0x08003234   Section        0  wizchip_conf_1.o(i.wizchip_getinterrupt)
    i.wizchip_getinterruptmask               0x08003252   Section        0  wizchip_conf_1.o(i.wizchip_getinterruptmask)
    i.wizchip_getnetinfo                     0x08003270   Section        0  wizchip_conf_1.o(i.wizchip_getnetinfo)
    i.wizchip_getnetmode                     0x080032c8   Section        0  wizchip_conf_1.o(i.wizchip_getnetmode)
    i.wizchip_gettimeout                     0x080032ce   Section        0  wizchip_conf_1.o(i.wizchip_gettimeout)
    i.wizchip_init                           0x080032f6   Section        0  wizchip_conf_1.o(i.wizchip_init)
    i.wizchip_setinterruptmask               0x08003370   Section        0  wizchip_conf_1.o(i.wizchip_setinterruptmask)
    i.wizchip_setnetinfo                     0x0800338c   Section        0  wizchip_conf_1.o(i.wizchip_setnetinfo)
    i.wizchip_setnetmode                     0x080033e4   Section        0  wizchip_conf_1.o(i.wizchip_setnetmode)
    i.wizchip_settimeout                     0x08003408   Section        0  wizchip_conf_1.o(i.wizchip_settimeout)
    i.wizchip_spi_readbyte                   0x08003430   Section        0  wizchip_conf_1.o(i.wizchip_spi_readbyte)
    i.wizchip_spi_writebyte                  0x08003434   Section        0  wizchip_conf_1.o(i.wizchip_spi_writebyte)
    i.wizchip_sw_reset                       0x08003436   Section        0  wizchip_conf_1.o(i.wizchip_sw_reset)
    i.wizphy_getphyconf                      0x080034aa   Section        0  wizchip_conf_1.o(i.wizphy_getphyconf)
    i.wizphy_getphylink                      0x080034f8   Section        0  wizchip_conf_1.o(i.wizphy_getphylink)
    i.wizphy_getphypmode                     0x0800350a   Section        0  wizchip_conf_1.o(i.wizphy_getphypmode)
    i.wizphy_reset                           0x08003522   Section        0  wizchip_conf_1.o(i.wizphy_reset)
    i.wizphy_setphyconf                      0x0800354c   Section        0  wizchip_conf_1.o(i.wizphy_setphyconf)
    i.wizphy_setphypmode                     0x08003596   Section        0  wizchip_conf_1.o(i.wizphy_setphypmode)
    .constdata                               0x080035e6   Section        8  stm32f4xx_hal_dma.o(.constdata)
    flagBitshiftOffset                       0x080035e6   Data           8  stm32f4xx_hal_dma.o(.constdata)
    .constdata                               0x080035ee   Section       16  system_stm32f4xx.o(.constdata)
    .constdata                               0x080035fe   Section        8  system_stm32f4xx.o(.constdata)
    .data                                    0x20000000   Section       14  socket_1.o(.data)
    sock_any_port                            0x20000000   Data           2  socket_1.o(.data)
    sock_io_mode                             0x20000002   Data           2  socket_1.o(.data)
    sock_is_sending                          0x20000004   Data           2  socket_1.o(.data)
    .data                                    0x20000010   Section       48  wizchip_conf_1.o(.data)
    _DHCP_                                   0x20000010   Data           1  wizchip_conf_1.o(.data)
    _DNS_                                    0x20000011   Data           4  wizchip_conf_1.o(.data)
    .data                                    0x20000040   Section       23  main.o(.data)
    .data                                    0x20000058   Section       12  stm32f4xx_hal.o(.data)
    .data                                    0x20000064   Section        4  system_stm32f4xx.o(.data)
    .data                                    0x20000068   Section        4  stdout.o(.data)
    .bss                                     0x2000006c   Section       16  socket_1.o(.bss)
    sock_remained_size                       0x2000006c   Data          16  socket_1.o(.bss)
    .bss                                     0x2000007c   Section     2071  main.o(.bss)
    .bss                                     0x20000894   Section     1008  spi.o(.bss)
    .bss                                     0x20000c84   Section       68  usart.o(.bss)
    STACK                                    0x20000cc8   Section     1024  startup_stm32f429xx.o(STACK)

    Global Symbols

    Symbol Name                              Value     Ov Type        Size  Object(Section)

    BuildAttributes$$THM_ISAv4$E$P$D$K$B$S$7EM$VFPi3$EXTD16$VFPS$VFMA$PE$A:L22UL41UL21$X:L11$S22US41US21$IEEE1$IW$USESV6$~STKCKD$USESV7$~SHL$OSPACE$ROPI$EBA8$MICROLIB$REQ8$PRES8$EABIv2 0x00000000   Number         0  anon$$obj.o ABSOLUTE
    __ARM_use_no_argv                        0x00000000   Number         0  main.o ABSOLUTE
    _printf_a                                0x00000000   Number         0  stubs.o ABSOLUTE
    _printf_c                                0x00000000   Number         0  stubs.o ABSOLUTE
    _printf_charcount                        0x00000000   Number         0  stubs.o ABSOLUTE
    _printf_d                                0x00000000   Number         0  stubs.o ABSOLUTE
    _printf_e                                0x00000000   Number         0  stubs.o ABSOLUTE
    _printf_f                                0x00000000   Number         0  stubs.o ABSOLUTE
    _printf_flags                            0x00000000   Number         0  stubs.o ABSOLUTE
    _printf_fp_dec                           0x00000000   Number         0  stubs.o ABSOLUTE
    _printf_fp_hex                           0x00000000   Number         0  stubs.o ABSOLUTE
    _printf_g                                0x00000000   Number         0  stubs.o ABSOLUTE
    _printf_i                                0x00000000   Number         0  stubs.o ABSOLUTE
    _printf_int_dec                          0x00000000   Number         0  stubs.o ABSOLUTE
    _printf_l                                0x00000000   Number         0  stubs.o ABSOLUTE
    _printf_lc                               0x00000000   Number         0  stubs.o ABSOLUTE
    _printf_ll                               0x00000000   Number         0  stubs.o ABSOLUTE
    _printf_lld                              0x00000000   Number         0  stubs.o ABSOLUTE
    _printf_lli                              0x00000000   Number         0  stubs.o ABSOLUTE
    _printf_llo                              0x00000000   Number         0  stubs.o ABSOLUTE
    _printf_llu                              0x00000000   Number         0  stubs.o ABSOLUTE
    _printf_llx                              0x00000000   Number         0  stubs.o ABSOLUTE
    _printf_longlong_dec                     0x00000000   Number         0  stubs.o ABSOLUTE
    _printf_longlong_hex                     0x00000000   Number         0  stubs.o ABSOLUTE
    _printf_longlong_oct                     0x00000000   Number         0  stubs.o ABSOLUTE
    _printf_ls                               0x00000000   Number         0  stubs.o ABSOLUTE
    _printf_mbtowc                           0x00000000   Number         0  stubs.o ABSOLUTE
    _printf_n                                0x00000000   Number         0  stubs.o ABSOLUTE
    _printf_o                                0x00000000   Number         0  stubs.o ABSOLUTE
    _printf_p                                0x00000000   Number         0  stubs.o ABSOLUTE
    _printf_percent                          0x00000000   Number         0  stubs.o ABSOLUTE
    _printf_pre_padding                      0x00000000   Number         0  stubs.o ABSOLUTE
    _printf_return_value                     0x00000000   Number         0  stubs.o ABSOLUTE
    _printf_s                                0x00000000   Number         0  stubs.o ABSOLUTE
    _printf_sizespec                         0x00000000   Number         0  stubs.o ABSOLUTE
    _printf_str                              0x00000000   Number         0  stubs.o ABSOLUTE
    _printf_truncate_signed                  0x00000000   Number         0  stubs.o ABSOLUTE
    _printf_truncate_unsigned                0x00000000   Number         0  stubs.o ABSOLUTE
    _printf_u                                0x00000000   Number         0  stubs.o ABSOLUTE
    _printf_wc                               0x00000000   Number         0  stubs.o ABSOLUTE
    _printf_wctomb                           0x00000000   Number         0  stubs.o ABSOLUTE
    _printf_widthprec                        0x00000000   Number         0  stubs.o ABSOLUTE
    _printf_x                                0x00000000   Number         0  stubs.o ABSOLUTE
    __cpp_initialize__aeabi_                  - Undefined Weak Reference
    __cxa_finalize                            - Undefined Weak Reference
    __decompress                              - Undefined Weak Reference
    _clock_init                               - Undefined Weak Reference
    _microlib_exit                            - Undefined Weak Reference
    __Vectors_Size                           0x000001ac   Number         0  startup_stm32f429xx.o ABSOLUTE
    __Vectors                                0x08000000   Data           4  startup_stm32f429xx.o(RESET)
    __Vectors_End                            0x080001ac   Data           0  startup_stm32f429xx.o(RESET)
    __main                                   0x080001ad   Thumb Code     0  entry.o(.ARM.Collect$$$$00000000)
    _main_stk                                0x080001ad   Thumb Code     0  entry2.o(.ARM.Collect$$$$00000001)
    _main_scatterload                        0x080001b1   Thumb Code     0  entry5.o(.ARM.Collect$$$$00000004)
    __main_after_scatterload                 0x080001b5   Thumb Code     0  entry5.o(.ARM.Collect$$$$00000004)
    _main_clock                              0x080001b5   Thumb Code     0  entry7b.o(.ARM.Collect$$$$00000008)
    _main_cpp_init                           0x080001b5   Thumb Code     0  entry8b.o(.ARM.Collect$$$$0000000A)
    _main_init                               0x080001b5   Thumb Code     0  entry9a.o(.ARM.Collect$$$$0000000B)
    __rt_final_cpp                           0x080001bd   Thumb Code     0  entry10a.o(.ARM.Collect$$$$0000000D)
    __rt_final_exit                          0x080001bd   Thumb Code     0  entry11a.o(.ARM.Collect$$$$0000000F)
    Reset_Handler                            0x080001c1   Thumb Code     8  startup_stm32f429xx.o(.text)
    ADC_IRQHandler                           0x080001db   Thumb Code     0  startup_stm32f429xx.o(.text)
    CAN1_RX0_IRQHandler                      0x080001db   Thumb Code     0  startup_stm32f429xx.o(.text)
    CAN1_RX1_IRQHandler                      0x080001db   Thumb Code     0  startup_stm32f429xx.o(.text)
    CAN1_SCE_IRQHandler                      0x080001db   Thumb Code     0  startup_stm32f429xx.o(.text)
    CAN1_TX_IRQHandler                       0x080001db   Thumb Code     0  startup_stm32f429xx.o(.text)
    CAN2_RX0_IRQHandler                      0x080001db   Thumb Code     0  startup_stm32f429xx.o(.text)
    CAN2_RX1_IRQHandler                      0x080001db   Thumb Code     0  startup_stm32f429xx.o(.text)
    CAN2_SCE_IRQHandler                      0x080001db   Thumb Code     0  startup_stm32f429xx.o(.text)
    CAN2_TX_IRQHandler                       0x080001db   Thumb Code     0  startup_stm32f429xx.o(.text)
    DCMI_IRQHandler                          0x080001db   Thumb Code     0  startup_stm32f429xx.o(.text)
    DMA1_Stream1_IRQHandler                  0x080001db   Thumb Code     0  startup_stm32f429xx.o(.text)
    DMA1_Stream2_IRQHandler                  0x080001db   Thumb Code     0  startup_stm32f429xx.o(.text)
    DMA1_Stream3_IRQHandler                  0x080001db   Thumb Code     0  startup_stm32f429xx.o(.text)
    DMA1_Stream4_IRQHandler                  0x080001db   Thumb Code     0  startup_stm32f429xx.o(.text)
    DMA1_Stream5_IRQHandler                  0x080001db   Thumb Code     0  startup_stm32f429xx.o(.text)
    DMA1_Stream6_IRQHandler                  0x080001db   Thumb Code     0  startup_stm32f429xx.o(.text)
    DMA1_Stream7_IRQHandler                  0x080001db   Thumb Code     0  startup_stm32f429xx.o(.text)
    DMA2D_IRQHandler                         0x080001db   Thumb Code     0  startup_stm32f429xx.o(.text)
    DMA2_Stream1_IRQHandler                  0x080001db   Thumb Code     0  startup_stm32f429xx.o(.text)
    DMA2_Stream2_IRQHandler                  0x080001db   Thumb Code     0  startup_stm32f429xx.o(.text)
    DMA2_Stream4_IRQHandler                  0x080001db   Thumb Code     0  startup_stm32f429xx.o(.text)
    DMA2_Stream7_IRQHandler                  0x080001db   Thumb Code     0  startup_stm32f429xx.o(.text)
    ETH_IRQHandler                           0x080001db   Thumb Code     0  startup_stm32f429xx.o(.text)
    ETH_WKUP_IRQHandler                      0x080001db   Thumb Code     0  startup_stm32f429xx.o(.text)
    EXTI0_IRQHandler                         0x080001db   Thumb Code     0  startup_stm32f429xx.o(.text)
    EXTI15_10_IRQHandler                     0x080001db   Thumb Code     0  startup_stm32f429xx.o(.text)
    EXTI1_IRQHandler                         0x080001db   Thumb Code     0  startup_stm32f429xx.o(.text)
    EXTI2_IRQHandler                         0x080001db   Thumb Code     0  startup_stm32f429xx.o(.text)
    EXTI3_IRQHandler                         0x080001db   Thumb Code     0  startup_stm32f429xx.o(.text)
    EXTI4_IRQHandler                         0x080001db   Thumb Code     0  startup_stm32f429xx.o(.text)
    EXTI9_5_IRQHandler                       0x080001db   Thumb Code     0  startup_stm32f429xx.o(.text)
    FLASH_IRQHandler                         0x080001db   Thumb Code     0  startup_stm32f429xx.o(.text)
    FMC_IRQHandler                           0x080001db   Thumb Code     0  startup_stm32f429xx.o(.text)
    FPU_IRQHandler                           0x080001db   Thumb Code     0  startup_stm32f429xx.o(.text)
    HASH_RNG_IRQHandler                      0x080001db   Thumb Code     0  startup_stm32f429xx.o(.text)
    I2C1_ER_IRQHandler                       0x080001db   Thumb Code     0  startup_stm32f429xx.o(.text)
    I2C1_EV_IRQHandler                       0x080001db   Thumb Code     0  startup_stm32f429xx.o(.text)
    I2C2_ER_IRQHandler                       0x080001db   Thumb Code     0  startup_stm32f429xx.o(.text)
    I2C2_EV_IRQHandler                       0x080001db   Thumb Code     0  startup_stm32f429xx.o(.text)
    I2C3_ER_IRQHandler                       0x080001db   Thumb Code     0  startup_stm32f429xx.o(.text)
    I2C3_EV_IRQHandler                       0x080001db   Thumb Code     0  startup_stm32f429xx.o(.text)
    LTDC_ER_IRQHandler                       0x080001db   Thumb Code     0  startup_stm32f429xx.o(.text)
    LTDC_IRQHandler                          0x080001db   Thumb Code     0  startup_stm32f429xx.o(.text)
    OTG_FS_IRQHandler                        0x080001db   Thumb Code     0  startup_stm32f429xx.o(.text)
    OTG_FS_WKUP_IRQHandler                   0x080001db   Thumb Code     0  startup_stm32f429xx.o(.text)
    OTG_HS_EP1_IN_IRQHandler                 0x080001db   Thumb Code     0  startup_stm32f429xx.o(.text)
    OTG_HS_EP1_OUT_IRQHandler                0x080001db   Thumb Code     0  startup_stm32f429xx.o(.text)
    OTG_HS_IRQHandler                        0x080001db   Thumb Code     0  startup_stm32f429xx.o(.text)
    OTG_HS_WKUP_IRQHandler                   0x080001db   Thumb Code     0  startup_stm32f429xx.o(.text)
    PVD_IRQHandler                           0x080001db   Thumb Code     0  startup_stm32f429xx.o(.text)
    RCC_IRQHandler                           0x080001db   Thumb Code     0  startup_stm32f429xx.o(.text)
    RTC_Alarm_IRQHandler                     0x080001db   Thumb Code     0  startup_stm32f429xx.o(.text)
    RTC_WKUP_IRQHandler                      0x080001db   Thumb Code     0  startup_stm32f429xx.o(.text)
    SAI1_IRQHandler                          0x080001db   Thumb Code     0  startup_stm32f429xx.o(.text)
    SDIO_IRQHandler                          0x080001db   Thumb Code     0  startup_stm32f429xx.o(.text)
    SPI1_IRQHandler                          0x080001db   Thumb Code     0  startup_stm32f429xx.o(.text)
    SPI2_IRQHandler                          0x080001db   Thumb Code     0  startup_stm32f429xx.o(.text)
    SPI3_IRQHandler                          0x080001db   Thumb Code     0  startup_stm32f429xx.o(.text)
    SPI4_IRQHandler                          0x080001db   Thumb Code     0  startup_stm32f429xx.o(.text)
    SPI5_IRQHandler                          0x080001db   Thumb Code     0  startup_stm32f429xx.o(.text)
    SPI6_IRQHandler                          0x080001db   Thumb Code     0  startup_stm32f429xx.o(.text)
    TAMP_STAMP_IRQHandler                    0x080001db   Thumb Code     0  startup_stm32f429xx.o(.text)
    TIM1_BRK_TIM9_IRQHandler                 0x080001db   Thumb Code     0  startup_stm32f429xx.o(.text)
    TIM1_CC_IRQHandler                       0x080001db   Thumb Code     0  startup_stm32f429xx.o(.text)
    TIM1_TRG_COM_TIM11_IRQHandler            0x080001db   Thumb Code     0  startup_stm32f429xx.o(.text)
    TIM1_UP_TIM10_IRQHandler                 0x080001db   Thumb Code     0  startup_stm32f429xx.o(.text)
    TIM2_IRQHandler                          0x080001db   Thumb Code     0  startup_stm32f429xx.o(.text)
    TIM3_IRQHandler                          0x080001db   Thumb Code     0  startup_stm32f429xx.o(.text)
    TIM4_IRQHandler                          0x080001db   Thumb Code     0  startup_stm32f429xx.o(.text)
    TIM5_IRQHandler                          0x080001db   Thumb Code     0  startup_stm32f429xx.o(.text)
    TIM6_DAC_IRQHandler                      0x080001db   Thumb Code     0  startup_stm32f429xx.o(.text)
    TIM7_IRQHandler                          0x080001db   Thumb Code     0  startup_stm32f429xx.o(.text)
    TIM8_BRK_TIM12_IRQHandler                0x080001db   Thumb Code     0  startup_stm32f429xx.o(.text)
    TIM8_CC_IRQHandler                       0x080001db   Thumb Code     0  startup_stm32f429xx.o(.text)
    TIM8_TRG_COM_TIM14_IRQHandler            0x080001db   Thumb Code     0  startup_stm32f429xx.o(.text)
    TIM8_UP_TIM13_IRQHandler                 0x080001db   Thumb Code     0  startup_stm32f429xx.o(.text)
    UART4_IRQHandler                         0x080001db   Thumb Code     0  startup_stm32f429xx.o(.text)
    UART5_IRQHandler                         0x080001db   Thumb Code     0  startup_stm32f429xx.o(.text)
    UART7_IRQHandler                         0x080001db   Thumb Code     0  startup_stm32f429xx.o(.text)
    UART8_IRQHandler                         0x080001db   Thumb Code     0  startup_stm32f429xx.o(.text)
    USART1_IRQHandler                        0x080001db   Thumb Code     0  startup_stm32f429xx.o(.text)
    USART2_IRQHandler                        0x080001db   Thumb Code     0  startup_stm32f429xx.o(.text)
    USART3_IRQHandler                        0x080001db   Thumb Code     0  startup_stm32f429xx.o(.text)
    USART6_IRQHandler                        0x080001db   Thumb Code     0  startup_stm32f429xx.o(.text)
    WWDG_IRQHandler                          0x080001db   Thumb Code     0  startup_stm32f429xx.o(.text)
    __aeabi_uldivmod                         0x080001e5   Thumb Code    98  uldiv.o(.text)
    __aeabi_memset                           0x08000247   Thumb Code    14  memseta.o(.text)
    __aeabi_memset4                          0x08000247   Thumb Code     0  memseta.o(.text)
    __aeabi_memset8                          0x08000247   Thumb Code     0  memseta.o(.text)
    __aeabi_memclr                           0x08000255   Thumb Code     4  memseta.o(.text)
    __aeabi_memclr4                          0x08000255   Thumb Code     0  memseta.o(.text)
    __aeabi_memclr8                          0x08000255   Thumb Code     0  memseta.o(.text)
    _memset$wrapper                          0x08000259   Thumb Code    18  memseta.o(.text)
    memcmp                                   0x0800026b   Thumb Code    26  memcmp.o(.text)
    __aeabi_llsl                             0x08000285   Thumb Code    30  llshl.o(.text)
    _ll_shift_l                              0x08000285   Thumb Code     0  llshl.o(.text)
    __aeabi_llsr                             0x080002a3   Thumb Code    32  llushr.o(.text)
    _ll_ushift_r                             0x080002a3   Thumb Code     0  llushr.o(.text)
    __scatterload                            0x080002c5   Thumb Code    28  init.o(.text)
    __scatterload_rt2                        0x080002c5   Thumb Code     0  init.o(.text)
    BusFault_Handler                         0x080002e9   Thumb Code     2  stm32f4xx_it.o(i.BusFault_Handler)
    DMA1_Stream0_IRQHandler                  0x080002ed   Thumb Code     6  stm32f4xx_it.o(i.DMA1_Stream0_IRQHandler)
    DMA2_Stream0_IRQHandler                  0x080002f9   Thumb Code     6  stm32f4xx_it.o(i.DMA2_Stream0_IRQHandler)
    DMA2_Stream3_IRQHandler                  0x08000305   Thumb Code     6  stm32f4xx_it.o(i.DMA2_Stream3_IRQHandler)
    DMA2_Stream5_IRQHandler                  0x08000311   Thumb Code     6  stm32f4xx_it.o(i.DMA2_Stream5_IRQHandler)
    DMA2_Stream6_IRQHandler                  0x0800031d   Thumb Code     6  stm32f4xx_it.o(i.DMA2_Stream6_IRQHandler)
    DebugMon_Handler                         0x080003a5   Thumb Code     2  stm32f4xx_it.o(i.DebugMon_Handler)
    Error_Handler                            0x080003a7   Thumb Code     4  main.o(i.Error_Handler)
    HAL_DMA_IRQHandler                       0x080003ad   Thumb Code   412  stm32f4xx_hal_dma.o(i.HAL_DMA_IRQHandler)
    HAL_DMA_Init                             0x0800054d   Thumb Code   206  stm32f4xx_hal_dma.o(i.HAL_DMA_Init)
    HAL_Delay                                0x08000621   Thumb Code    32  stm32f4xx_hal.o(i.HAL_Delay)
    HAL_GPIO_Init                            0x08000645   Thumb Code   508  stm32f4xx_hal_gpio.o(i.HAL_GPIO_Init)
    HAL_GPIO_WritePin                        0x08000875   Thumb Code    10  stm32f4xx_hal_gpio.o(i.HAL_GPIO_WritePin)
    HAL_GetTick                              0x08000881   Thumb Code     6  stm32f4xx_hal.o(i.HAL_GetTick)
    HAL_IncTick                              0x0800088d   Thumb Code    12  stm32f4xx_hal.o(i.HAL_IncTick)
    HAL_Init                                 0x0800089d   Thumb Code    48  stm32f4xx_hal.o(i.HAL_Init)
    HAL_InitTick                             0x080008d1   Thumb Code    54  stm32f4xx_hal.o(i.HAL_InitTick)
    HAL_MspInit                              0x08000911   Thumb Code    42  stm32f4xx_hal_msp.o(i.HAL_MspInit)
    HAL_NVIC_EnableIRQ                       0x08000941   Thumb Code    26  stm32f4xx_hal_cortex.o(i.HAL_NVIC_EnableIRQ)
    HAL_NVIC_SetPriority                     0x0800095d   Thumb Code    60  stm32f4xx_hal_cortex.o(i.HAL_NVIC_SetPriority)
    HAL_NVIC_SetPriorityGrouping             0x0800099d   Thumb Code    26  stm32f4xx_hal_cortex.o(i.HAL_NVIC_SetPriorityGrouping)
    HAL_RCC_ClockConfig                      0x080009c1   Thumb Code   288  stm32f4xx_hal_rcc.o(i.HAL_RCC_ClockConfig)
    HAL_RCC_GetPCLK1Freq                     0x08000af5   Thumb Code    20  stm32f4xx_hal_rcc.o(i.HAL_RCC_GetPCLK1Freq)
    HAL_RCC_GetPCLK2Freq                     0x08000b15   Thumb Code    20  stm32f4xx_hal_rcc.o(i.HAL_RCC_GetPCLK2Freq)
    HAL_RCC_GetSysClockFreq                  0x08000b35   Thumb Code    88  stm32f4xx_hal_rcc.o(i.HAL_RCC_GetSysClockFreq)
    HAL_RCC_OscConfig                        0x08000b99   Thumb Code   856  stm32f4xx_hal_rcc.o(i.HAL_RCC_OscConfig)
    HAL_SPI_Init                             0x08000f05   Thumb Code   188  stm32f4xx_hal_spi.o(i.HAL_SPI_Init)
    HAL_SPI_MspInit                          0x08000fc1   Thumb Code   648  spi.o(i.HAL_SPI_MspInit)
    HAL_SPI_Receive                          0x0800128d   Thumb Code   346  stm32f4xx_hal_spi.o(i.HAL_SPI_Receive)
    HAL_SPI_Transmit                         0x080013e7   Thumb Code   358  stm32f4xx_hal_spi.o(i.HAL_SPI_Transmit)
    HAL_SPI_TransmitReceive                  0x0800154d   Thumb Code   482  stm32f4xx_hal_spi.o(i.HAL_SPI_TransmitReceive)
    HAL_SYSTICK_Config                       0x0800172f   Thumb Code    40  stm32f4xx_hal_cortex.o(i.HAL_SYSTICK_Config)
    HAL_UART_Init                            0x08001757   Thumb Code    98  stm32f4xx_hal_uart.o(i.HAL_UART_Init)
    HAL_UART_MspInit                         0x080017b9   Thumb Code    90  usart.o(i.HAL_UART_MspInit)
    HAL_UART_Transmit                        0x08001821   Thumb Code   178  stm32f4xx_hal_uart.o(i.HAL_UART_Transmit)
    HardFault_Handler                        0x080018d3   Thumb Code     2  stm32f4xx_it.o(i.HardFault_Handler)
    MX_DMA_Init                              0x080018d5   Thumb Code   120  dma.o(i.MX_DMA_Init)
    MX_GPIO_Init                             0x08001951   Thumb Code   194  gpio.o(i.MX_GPIO_Init)
    MX_SPI1_Init                             0x08001a21   Thumb Code    54  spi.o(i.MX_SPI1_Init)
    MX_SPI2_Init                             0x08001a61   Thumb Code    60  spi.o(i.MX_SPI2_Init)
    MX_SPI3_Init                             0x08001aa5   Thumb Code    54  spi.o(i.MX_SPI3_Init)
    MX_SPI4_Init                             0x08001ae5   Thumb Code    54  spi.o(i.MX_SPI4_Init)
    MX_SPI5_Init                             0x08001b25   Thumb Code    54  spi.o(i.MX_SPI5_Init)
    MX_SPI6_Init                             0x08001b65   Thumb Code    54  spi.o(i.MX_SPI6_Init)
    MX_UART4_Init                            0x08001ba5   Thumb Code    48  usart.o(i.MX_UART4_Init)
    MemManage_Handler                        0x08001bdd   Thumb Code     2  stm32f4xx_it.o(i.MemManage_Handler)
    NMI_Handler                              0x08001bdf   Thumb Code     2  stm32f4xx_it.o(i.NMI_Handler)
    PendSV_Handler                           0x08001be1   Thumb Code     2  stm32f4xx_it.o(i.PendSV_Handler)
    SVC_Handler                              0x08001d51   Thumb Code     2  stm32f4xx_it.o(i.SVC_Handler)
    SysTick_Handler                          0x08001d53   Thumb Code     4  stm32f4xx_it.o(i.SysTick_Handler)
    SystemClock_Config                       0x08001d59   Thumb Code   138  main.o(i.SystemClock_Config)
    SystemInit                               0x08001ded   Thumb Code    12  system_stm32f4xx.o(i.SystemInit)
    UsageFault_Handler                       0x08001f6d   Thumb Code     2  stm32f4xx_it.o(i.UsageFault_Handler)
    W5500_ReadBuff                           0x08001f71   Thumb Code    14  main.o(i.W5500_ReadBuff)
    W5500_ReadByte                           0x08001f85   Thumb Code    16  main.o(i.W5500_ReadByte)
    W5500_Restart                            0x08001f95   Thumb Code    42  main.o(i.W5500_Restart)
    W5500_Select                             0x08001fc5   Thumb Code    12  main.o(i.W5500_Select)
    W5500_Unselect                           0x08001fd5   Thumb Code    10  main.o(i.W5500_Unselect)
    W5500_WriteBuff                          0x08001fe5   Thumb Code    14  main.o(i.W5500_WriteBuff)
    W5500_WriteByte                          0x08001ff9   Thumb Code    12  main.o(i.W5500_WriteByte)
    WIZCHIP_READ                             0x08002005   Thumb Code    84  w5500_1.o(i.WIZCHIP_READ)
    WIZCHIP_READ_BUF                         0x0800205d   Thumb Code   112  w5500_1.o(i.WIZCHIP_READ_BUF)
    WIZCHIP_WRITE                            0x080020d1   Thumb Code    90  w5500_1.o(i.WIZCHIP_WRITE)
    WIZCHIP_WRITE_BUF                        0x08002131   Thumb Code   108  w5500_1.o(i.WIZCHIP_WRITE_BUF)
    __0printf$8                              0x080021a1   Thumb Code    22  printf8.o(i.__0printf$8)
    __1printf$8                              0x080021a1   Thumb Code     0  printf8.o(i.__0printf$8)
    __2printf                                0x080021a1   Thumb Code     0  printf8.o(i.__0printf$8)
    __scatterload_copy                       0x080021e1   Thumb Code    14  handlers.o(i.__scatterload_copy)
    __scatterload_null                       0x080021ef   Thumb Code     2  handlers.o(i.__scatterload_null)
    __scatterload_zeroinit                   0x080021f1   Thumb Code    14  handlers.o(i.__scatterload_zeroinit)
    close                                    0x08002665   Thumb Code   108  socket_1.o(i.close)
    ctlnetwork                               0x080026d9   Thumb Code    76  wizchip_conf_1.o(i.ctlnetwork)
    ctlwizchip                               0x08002725   Thumb Code   226  wizchip_conf_1.o(i.ctlwizchip)
    disconnect                               0x0800280d   Thumb Code   134  socket_1.o(i.disconnect)
    fputc                                    0x08002899   Thumb Code    20  main.o(i.fputc)
    getSn_RX_RSR                             0x080028b1   Thumb Code    76  w5500_1.o(i.getSn_RX_RSR)
    getSn_TX_FSR                             0x080028fd   Thumb Code    76  w5500_1.o(i.getSn_TX_FSR)
    listen                                   0x08002949   Thumb Code   122  socket_1.o(i.listen)
    loopback_tcps                            0x080029c5   Thumb Code   288  loopback_1.o(i.loopback_tcps)
    main                                     0x08002b49   Thumb Code   302  main.o(i.main)
    recv                                     0x08002dcd   Thumb Code   224  socket_1.o(i.recv)
    reg_wizchip_cs_cbfunc                    0x08002eb1   Thumb Code    22  wizchip_conf_1.o(i.reg_wizchip_cs_cbfunc)
    reg_wizchip_spi_cbfunc                   0x08002ed5   Thumb Code    30  wizchip_conf_1.o(i.reg_wizchip_spi_cbfunc)
    send                                     0x08002f01   Thumb Code   278  socket_1.o(i.send)
    socket                                   0x0800301d   Thumb Code   272  socket_1.o(i.socket)
    validSetNetInfoResult                    0x08003135   Thumb Code    18  main.o(i.validSetNetInfoResult)
    wiz_recv_data                            0x08003147   Thumb Code    96  w5500_1.o(i.wiz_recv_data)
    wiz_send_data                            0x080031a7   Thumb Code    96  w5500_1.o(i.wiz_send_data)
    wizchip_bus_readdata                     0x08003207   Thumb Code     4  wizchip_conf_1.o(i.wizchip_bus_readdata)
    wizchip_bus_writedata                    0x0800320b   Thumb Code     4  wizchip_conf_1.o(i.wizchip_bus_writedata)
    wizchip_clrinterrupt                     0x0800320f   Thumb Code    30  wizchip_conf_1.o(i.wizchip_clrinterrupt)
    wizchip_cris_enter                       0x0800322d   Thumb Code     2  wizchip_conf_1.o(i.wizchip_cris_enter)
    wizchip_cris_exit                        0x0800322f   Thumb Code     2  wizchip_conf_1.o(i.wizchip_cris_exit)
    wizchip_cs_deselect                      0x08003231   Thumb Code     2  wizchip_conf_1.o(i.wizchip_cs_deselect)
    wizchip_cs_select                        0x08003233   Thumb Code     2  wizchip_conf_1.o(i.wizchip_cs_select)
    wizchip_getinterrupt                     0x08003235   Thumb Code    30  wizchip_conf_1.o(i.wizchip_getinterrupt)
    wizchip_getinterruptmask                 0x08003253   Thumb Code    28  wizchip_conf_1.o(i.wizchip_getinterruptmask)
    wizchip_getnetinfo                       0x08003271   Thumb Code    82  wizchip_conf_1.o(i.wizchip_getnetinfo)
    wizchip_getnetmode                       0x080032c9   Thumb Code     6  wizchip_conf_1.o(i.wizchip_getnetmode)
    wizchip_gettimeout                       0x080032cf   Thumb Code    40  wizchip_conf_1.o(i.wizchip_gettimeout)
    wizchip_init                             0x080032f7   Thumb Code   122  wizchip_conf_1.o(i.wizchip_init)
    wizchip_setinterruptmask                 0x08003371   Thumb Code    28  wizchip_conf_1.o(i.wizchip_setinterruptmask)
    wizchip_setnetinfo                       0x0800338d   Thumb Code    82  wizchip_conf_1.o(i.wizchip_setnetinfo)
    wizchip_setnetmode                       0x080033e5   Thumb Code    36  wizchip_conf_1.o(i.wizchip_setnetmode)
    wizchip_settimeout                       0x08003409   Thumb Code    40  wizchip_conf_1.o(i.wizchip_settimeout)
    wizchip_spi_readbyte                     0x08003431   Thumb Code     4  wizchip_conf_1.o(i.wizchip_spi_readbyte)
    wizchip_spi_writebyte                    0x08003435   Thumb Code     2  wizchip_conf_1.o(i.wizchip_spi_writebyte)
    wizchip_sw_reset                         0x08003437   Thumb Code   116  wizchip_conf_1.o(i.wizchip_sw_reset)
    wizphy_getphyconf                        0x080034ab   Thumb Code    78  wizchip_conf_1.o(i.wizphy_getphyconf)
    wizphy_getphylink                        0x080034f9   Thumb Code    18  wizchip_conf_1.o(i.wizphy_getphylink)
    wizphy_getphypmode                       0x0800350b   Thumb Code    24  wizchip_conf_1.o(i.wizphy_getphypmode)
    wizphy_reset                             0x08003523   Thumb Code    42  wizchip_conf_1.o(i.wizphy_reset)
    wizphy_setphyconf                        0x0800354d   Thumb Code    74  wizchip_conf_1.o(i.wizphy_setphyconf)
    wizphy_setphypmode                       0x08003597   Thumb Code    80  wizchip_conf_1.o(i.wizphy_setphypmode)
    AHBPrescTable                            0x080035ee   Data          16  system_stm32f4xx.o(.constdata)
    APBPrescTable                            0x080035fe   Data           8  system_stm32f4xx.o(.constdata)
    Region$$Table$$Base                      0x08003608   Number         0  anon$$obj.o(Region$$Table)
    Region$$Table$$Limit                     0x08003628   Number         0  anon$$obj.o(Region$$Table)
    sock_pack_info                           0x20000006   Data           8  socket_1.o(.data)
    WIZCHIP                                  0x20000018   Data          40  wizchip_conf_1.o(.data)
    gSetNetInfo                              0x20000040   Data          23  main.o(.data)
    uwTickFreq                               0x20000058   Data           1  stm32f4xx_hal.o(.data)
    uwTickPrio                               0x2000005c   Data           4  stm32f4xx_hal.o(.data)
    uwTick                                   0x20000060   Data           4  stm32f4xx_hal.o(.data)
    SystemCoreClock                          0x20000064   Data           4  system_stm32f4xx.o(.data)
    __stdout                                 0x20000068   Data           4  stdout.o(.data)
    gDATABUF                                 0x2000007c   Data        2048  main.o(.bss)
    gGetNetInfo                              0x2000087c   Data          23  main.o(.bss)
    hspi1                                    0x20000894   Data          88  spi.o(.bss)
    hspi2                                    0x200008ec   Data          88  spi.o(.bss)
    hspi3                                    0x20000944   Data          88  spi.o(.bss)
    hspi4                                    0x2000099c   Data          88  spi.o(.bss)
    hspi5                                    0x200009f4   Data          88  spi.o(.bss)
    hspi6                                    0x20000a4c   Data          88  spi.o(.bss)
    hdma_spi1_rx                             0x20000aa4   Data          96  spi.o(.bss)
    hdma_spi3_rx                             0x20000b04   Data          96  spi.o(.bss)
    hdma_spi4_rx                             0x20000b64   Data          96  spi.o(.bss)
    hdma_spi5_rx                             0x20000bc4   Data          96  spi.o(.bss)
    hdma_spi6_rx                             0x20000c24   Data          96  spi.o(.bss)
    huart4                                   0x20000c84   Data          68  usart.o(.bss)
    __initial_sp                             0x200010c8   Data           0  startup_stm32f429xx.o(STACK)



==============================================================================

Memory Map of the image

  Image Entry point : 0x080001ad

  Load Region LR_IROM1 (Base: 0x08000000, Size: 0x00003694, Max: 0x00100000, ABSOLUTE)

    Execution Region ER_IROM1 (Exec base: 0x08000000, Load base: 0x08000000, Size: 0x00003628, Max: 0x00100000, ABSOLUTE)

    Exec Addr    Load Addr    Size         Type   Attr      Idx    E Section Name        Object

    0x08000000   0x08000000   0x000001ac   Data   RO            3    RESET               startup_stm32f429xx.o
    0x080001ac   0x080001ac   0x00000000   Code   RO         3020  * .ARM.Collect$$$$00000000  mc_w.l(entry.o)
    0x080001ac   0x080001ac   0x00000004   Code   RO         3290    .ARM.Collect$$$$00000001  mc_w.l(entry2.o)
    0x080001b0   0x080001b0   0x00000004   Code   RO         3293    .ARM.Collect$$$$00000004  mc_w.l(entry5.o)
    0x080001b4   0x080001b4   0x00000000   Code   RO         3295    .ARM.Collect$$$$00000008  mc_w.l(entry7b.o)
    0x080001b4   0x080001b4   0x00000000   Code   RO         3297    .ARM.Collect$$$$0000000A  mc_w.l(entry8b.o)
    0x080001b4   0x080001b4   0x00000008   Code   RO         3298    .ARM.Collect$$$$0000000B  mc_w.l(entry9a.o)
    0x080001bc   0x080001bc   0x00000000   Code   RO         3300    .ARM.Collect$$$$0000000D  mc_w.l(entry10a.o)
    0x080001bc   0x080001bc   0x00000000   Code   RO         3302    .ARM.Collect$$$$0000000F  mc_w.l(entry11a.o)
    0x080001bc   0x080001bc   0x00000004   Code   RO         3291    .ARM.Collect$$$$00002712  mc_w.l(entry2.o)
    0x080001c0   0x080001c0   0x00000024   Code   RO            4    .text               startup_stm32f429xx.o
    0x080001e4   0x080001e4   0x00000062   Code   RO         3023    .text               mc_w.l(uldiv.o)
    0x08000246   0x08000246   0x00000024   Code   RO         3025    .text               mc_w.l(memseta.o)
    0x0800026a   0x0800026a   0x0000001a   Code   RO         3027    .text               mc_w.l(memcmp.o)
    0x08000284   0x08000284   0x0000001e   Code   RO         3307    .text               mc_w.l(llshl.o)
    0x080002a2   0x080002a2   0x00000020   Code   RO         3309    .text               mc_w.l(llushr.o)
    0x080002c2   0x080002c2   0x00000002   PAD
    0x080002c4   0x080002c4   0x00000024   Code   RO         3322    .text               mc_w.l(init.o)
    0x080002e8   0x080002e8   0x00000002   Code   RO          926    i.BusFault_Handler  stm32f4xx_it.o
    0x080002ea   0x080002ea   0x00000002   PAD
    0x080002ec   0x080002ec   0x0000000c   Code   RO          927    i.DMA1_Stream0_IRQHandler  stm32f4xx_it.o
    0x080002f8   0x080002f8   0x0000000c   Code   RO          928    i.DMA2_Stream0_IRQHandler  stm32f4xx_it.o
    0x08000304   0x08000304   0x0000000c   Code   RO          929    i.DMA2_Stream3_IRQHandler  stm32f4xx_it.o
    0x08000310   0x08000310   0x0000000c   Code   RO          930    i.DMA2_Stream5_IRQHandler  stm32f4xx_it.o
    0x0800031c   0x0800031c   0x0000000c   Code   RO          931    i.DMA2_Stream6_IRQHandler  stm32f4xx_it.o
    0x08000328   0x08000328   0x00000028   Code   RO         1889    i.DMA_CalcBaseAndBitshift  stm32f4xx_hal_dma.o
    0x08000350   0x08000350   0x00000054   Code   RO         1890    i.DMA_CheckFifoParam  stm32f4xx_hal_dma.o
    0x080003a4   0x080003a4   0x00000002   Code   RO          932    i.DebugMon_Handler  stm32f4xx_it.o
    0x080003a6   0x080003a6   0x00000004   Code   RO          562    i.Error_Handler     main.o
    0x080003aa   0x080003aa   0x00000002   PAD
    0x080003ac   0x080003ac   0x000001a0   Code   RO         1897    i.HAL_DMA_IRQHandler  stm32f4xx_hal_dma.o
    0x0800054c   0x0800054c   0x000000d4   Code   RO         1898    i.HAL_DMA_Init      stm32f4xx_hal_dma.o
    0x08000620   0x08000620   0x00000024   Code   RO         2329    i.HAL_Delay         stm32f4xx_hal.o
    0x08000644   0x08000644   0x00000230   Code   RO         1785    i.HAL_GPIO_Init     stm32f4xx_hal_gpio.o
    0x08000874   0x08000874   0x0000000a   Code   RO         1789    i.HAL_GPIO_WritePin  stm32f4xx_hal_gpio.o
    0x0800087e   0x0800087e   0x00000002   PAD
    0x08000880   0x08000880   0x0000000c   Code   RO         2337    i.HAL_GetTick       stm32f4xx_hal.o
    0x0800088c   0x0800088c   0x00000010   Code   RO         2343    i.HAL_IncTick       stm32f4xx_hal.o
    0x0800089c   0x0800089c   0x00000034   Code   RO         2344    i.HAL_Init          stm32f4xx_hal.o
    0x080008d0   0x080008d0   0x00000040   Code   RO         2345    i.HAL_InitTick      stm32f4xx_hal.o
    0x08000910   0x08000910   0x00000030   Code   RO         1032    i.HAL_MspInit       stm32f4xx_hal_msp.o
    0x08000940   0x08000940   0x0000001a   Code   RO         2192    i.HAL_NVIC_EnableIRQ  stm32f4xx_hal_cortex.o
    0x0800095a   0x0800095a   0x00000002   PAD
    0x0800095c   0x0800095c   0x00000040   Code   RO         2198    i.HAL_NVIC_SetPriority  stm32f4xx_hal_cortex.o
    0x0800099c   0x0800099c   0x00000024   Code   RO         2199    i.HAL_NVIC_SetPriorityGrouping  stm32f4xx_hal_cortex.o
    0x080009c0   0x080009c0   0x00000134   Code   RO         1379    i.HAL_RCC_ClockConfig  stm32f4xx_hal_rcc.o
    0x08000af4   0x08000af4   0x00000020   Code   RO         1386    i.HAL_RCC_GetPCLK1Freq  stm32f4xx_hal_rcc.o
    0x08000b14   0x08000b14   0x00000020   Code   RO         1387    i.HAL_RCC_GetPCLK2Freq  stm32f4xx_hal_rcc.o
    0x08000b34   0x08000b34   0x00000064   Code   RO         1388    i.HAL_RCC_GetSysClockFreq  stm32f4xx_hal_rcc.o
    0x08000b98   0x08000b98   0x0000036c   Code   RO         1391    i.HAL_RCC_OscConfig  stm32f4xx_hal_rcc.o
    0x08000f04   0x08000f04   0x000000bc   Code   RO         1067    i.HAL_SPI_Init      stm32f4xx_hal_spi.o
    0x08000fc0   0x08000fc0   0x000002cc   Code   RO          813    i.HAL_SPI_MspInit   spi.o
    0x0800128c   0x0800128c   0x0000015a   Code   RO         1070    i.HAL_SPI_Receive   stm32f4xx_hal_spi.o
    0x080013e6   0x080013e6   0x00000166   Code   RO         1075    i.HAL_SPI_Transmit  stm32f4xx_hal_spi.o
    0x0800154c   0x0800154c   0x000001e2   Code   RO         1076    i.HAL_SPI_TransmitReceive  stm32f4xx_hal_spi.o
    0x0800172e   0x0800172e   0x00000028   Code   RO         2203    i.HAL_SYSTICK_Config  stm32f4xx_hal_cortex.o
    0x08001756   0x08001756   0x00000062   Code   RO         2657    i.HAL_UART_Init     stm32f4xx_hal_uart.o
    0x080017b8   0x080017b8   0x00000068   Code   RO          885    i.HAL_UART_MspInit  usart.o
    0x08001820   0x08001820   0x000000b2   Code   RO         2665    i.HAL_UART_Transmit  stm32f4xx_hal_uart.o
    0x080018d2   0x080018d2   0x00000002   Code   RO          933    i.HardFault_Handler  stm32f4xx_it.o
    0x080018d4   0x080018d4   0x0000007c   Code   RO          788    i.MX_DMA_Init       dma.o
    0x08001950   0x08001950   0x000000d0   Code   RO          764    i.MX_GPIO_Init      gpio.o
    0x08001a20   0x08001a20   0x00000040   Code   RO          814    i.MX_SPI1_Init      spi.o
    0x08001a60   0x08001a60   0x00000044   Code   RO          815    i.MX_SPI2_Init      spi.o
    0x08001aa4   0x08001aa4   0x00000040   Code   RO          816    i.MX_SPI3_Init      spi.o
    0x08001ae4   0x08001ae4   0x00000040   Code   RO          817    i.MX_SPI4_Init      spi.o
    0x08001b24   0x08001b24   0x00000040   Code   RO          818    i.MX_SPI5_Init      spi.o
    0x08001b64   0x08001b64   0x00000040   Code   RO          819    i.MX_SPI6_Init      spi.o
    0x08001ba4   0x08001ba4   0x00000038   Code   RO          886    i.MX_UART4_Init     usart.o
    0x08001bdc   0x08001bdc   0x00000002   Code   RO          934    i.MemManage_Handler  stm32f4xx_it.o
    0x08001bde   0x08001bde   0x00000002   Code   RO          935    i.NMI_Handler       stm32f4xx_it.o
    0x08001be0   0x08001be0   0x00000002   Code   RO          936    i.PendSV_Handler    stm32f4xx_it.o
    0x08001be2   0x08001be2   0x0000005c   Code   RO         1104    i.SPI_EndRxTransaction  stm32f4xx_hal_spi.o
    0x08001c3e   0x08001c3e   0x00000002   PAD
    0x08001c40   0x08001c40   0x00000058   Code   RO         1105    i.SPI_EndRxTxTransaction  stm32f4xx_hal_spi.o
    0x08001c98   0x08001c98   0x000000b8   Code   RO         1110    i.SPI_WaitFlagStateUntilTimeout  stm32f4xx_hal_spi.o
    0x08001d50   0x08001d50   0x00000002   Code   RO          937    i.SVC_Handler       stm32f4xx_it.o
    0x08001d52   0x08001d52   0x00000004   Code   RO          938    i.SysTick_Handler   stm32f4xx_it.o
    0x08001d56   0x08001d56   0x00000002   PAD
    0x08001d58   0x08001d58   0x00000094   Code   RO          563    i.SystemClock_Config  main.o
    0x08001dec   0x08001dec   0x00000010   Code   RO         2986    i.SystemInit        system_stm32f4xx.o
    0x08001dfc   0x08001dfc   0x0000010c   Code   RO         2683    i.UART_SetConfig    stm32f4xx_hal_uart.o
    0x08001f08   0x08001f08   0x00000064   Code   RO         2686    i.UART_WaitOnFlagUntilTimeout  stm32f4xx_hal_uart.o
    0x08001f6c   0x08001f6c   0x00000002   Code   RO          939    i.UsageFault_Handler  stm32f4xx_it.o
    0x08001f6e   0x08001f6e   0x00000002   PAD
    0x08001f70   0x08001f70   0x00000014   Code   RO          564    i.W5500_ReadBuff    main.o
    0x08001f84   0x08001f84   0x00000010   Code   RO          565    i.W5500_ReadByte    main.o
    0x08001f94   0x08001f94   0x00000030   Code   RO          566    i.W5500_Restart     main.o
    0x08001fc4   0x08001fc4   0x00000010   Code   RO          567    i.W5500_Select      main.o
    0x08001fd4   0x08001fd4   0x00000010   Code   RO          568    i.W5500_Unselect    main.o
    0x08001fe4   0x08001fe4   0x00000014   Code   RO          569    i.W5500_WriteBuff   main.o
    0x08001ff8   0x08001ff8   0x0000000c   Code   RO          570    i.W5500_WriteByte   main.o
    0x08002004   0x08002004   0x00000058   Code   RO          327    i.WIZCHIP_READ      w5500_1.o
    0x0800205c   0x0800205c   0x00000074   Code   RO          328    i.WIZCHIP_READ_BUF  w5500_1.o
    0x080020d0   0x080020d0   0x00000060   Code   RO          329    i.WIZCHIP_WRITE     w5500_1.o
    0x08002130   0x08002130   0x00000070   Code   RO          330    i.WIZCHIP_WRITE_BUF  w5500_1.o
    0x080021a0   0x080021a0   0x00000020   Code   RO         3236    i.__0printf$8       mc_w.l(printf8.o)
    0x080021c0   0x080021c0   0x00000020   Code   RO         2205    i.__NVIC_SetPriority  stm32f4xx_hal_cortex.o
    0x080021e0   0x080021e0   0x0000000e   Code   RO         3330    i.__scatterload_copy  mc_w.l(handlers.o)
    0x080021ee   0x080021ee   0x00000002   Code   RO         3331    i.__scatterload_null  mc_w.l(handlers.o)
    0x080021f0   0x080021f0   0x0000000e   Code   RO         3332    i.__scatterload_zeroinit  mc_w.l(handlers.o)
    0x080021fe   0x080021fe   0x00000002   PAD
    0x08002200   0x08002200   0x00000410   Code   RO         3243    i._printf_core      mc_w.l(printf8.o)
    0x08002610   0x08002610   0x00000024   Code   RO         3244    i._printf_post_padding  mc_w.l(printf8.o)
    0x08002634   0x08002634   0x0000002e   Code   RO         3245    i._printf_pre_padding  mc_w.l(printf8.o)
    0x08002662   0x08002662   0x00000002   PAD
    0x08002664   0x08002664   0x00000074   Code   RO           10    i.close             socket_1.o
    0x080026d8   0x080026d8   0x0000004c   Code   RO          106    i.ctlnetwork        wizchip_conf_1.o
    0x08002724   0x08002724   0x000000e8   Code   RO          107    i.ctlwizchip        wizchip_conf_1.o
    0x0800280c   0x0800280c   0x0000008c   Code   RO           13    i.disconnect        socket_1.o
    0x08002898   0x08002898   0x00000018   Code   RO          571    i.fputc             main.o
    0x080028b0   0x080028b0   0x0000004c   Code   RO          331    i.getSn_RX_RSR      w5500_1.o
    0x080028fc   0x080028fc   0x0000004c   Code   RO          332    i.getSn_TX_FSR      w5500_1.o
    0x08002948   0x08002948   0x0000007a   Code   RO           15    i.listen            socket_1.o
    0x080029c2   0x080029c2   0x00000002   PAD
    0x080029c4   0x080029c4   0x00000184   Code   RO          391    i.loopback_tcps     loopback_1.o
    0x08002b48   0x08002b48   0x00000284   Code   RO          572    i.main              main.o
    0x08002dcc   0x08002dcc   0x000000e4   Code   RO           16    i.recv              socket_1.o
    0x08002eb0   0x08002eb0   0x00000024   Code   RO          110    i.reg_wizchip_cs_cbfunc  wizchip_conf_1.o
    0x08002ed4   0x08002ed4   0x0000002c   Code   RO          111    i.reg_wizchip_spi_cbfunc  wizchip_conf_1.o
    0x08002f00   0x08002f00   0x0000011c   Code   RO           18    i.send              socket_1.o
    0x0800301c   0x0800301c   0x00000118   Code   RO           21    i.socket            socket_1.o
    0x08003134   0x08003134   0x00000012   Code   RO          573    i.validSetNetInfoResult  main.o
    0x08003146   0x08003146   0x00000060   Code   RO          333    i.wiz_recv_data     w5500_1.o
    0x080031a6   0x080031a6   0x00000060   Code   RO          335    i.wiz_send_data     w5500_1.o
    0x08003206   0x08003206   0x00000004   Code   RO          113    i.wizchip_bus_readdata  wizchip_conf_1.o
    0x0800320a   0x0800320a   0x00000004   Code   RO          114    i.wizchip_bus_writedata  wizchip_conf_1.o
    0x0800320e   0x0800320e   0x0000001e   Code   RO          115    i.wizchip_clrinterrupt  wizchip_conf_1.o
    0x0800322c   0x0800322c   0x00000002   Code   RO          116    i.wizchip_cris_enter  wizchip_conf_1.o
    0x0800322e   0x0800322e   0x00000002   Code   RO          117    i.wizchip_cris_exit  wizchip_conf_1.o
    0x08003230   0x08003230   0x00000002   Code   RO          118    i.wizchip_cs_deselect  wizchip_conf_1.o
    0x08003232   0x08003232   0x00000002   Code   RO          119    i.wizchip_cs_select  wizchip_conf_1.o
    0x08003234   0x08003234   0x0000001e   Code   RO          120    i.wizchip_getinterrupt  wizchip_conf_1.o
    0x08003252   0x08003252   0x0000001c   Code   RO          121    i.wizchip_getinterruptmask  wizchip_conf_1.o
    0x0800326e   0x0800326e   0x00000002   PAD
    0x08003270   0x08003270   0x00000058   Code   RO          122    i.wizchip_getnetinfo  wizchip_conf_1.o
    0x080032c8   0x080032c8   0x00000006   Code   RO          123    i.wizchip_getnetmode  wizchip_conf_1.o
    0x080032ce   0x080032ce   0x00000028   Code   RO          124    i.wizchip_gettimeout  wizchip_conf_1.o
    0x080032f6   0x080032f6   0x0000007a   Code   RO          125    i.wizchip_init      wizchip_conf_1.o
    0x08003370   0x08003370   0x0000001c   Code   RO          126    i.wizchip_setinterruptmask  wizchip_conf_1.o
    0x0800338c   0x0800338c   0x00000058   Code   RO          127    i.wizchip_setnetinfo  wizchip_conf_1.o
    0x080033e4   0x080033e4   0x00000024   Code   RO          128    i.wizchip_setnetmode  wizchip_conf_1.o
    0x08003408   0x08003408   0x00000028   Code   RO          129    i.wizchip_settimeout  wizchip_conf_1.o
    0x08003430   0x08003430   0x00000004   Code   RO          131    i.wizchip_spi_readbyte  wizchip_conf_1.o
    0x08003434   0x08003434   0x00000002   Code   RO          133    i.wizchip_spi_writebyte  wizchip_conf_1.o
    0x08003436   0x08003436   0x00000074   Code   RO          134    i.wizchip_sw_reset  wizchip_conf_1.o
    0x080034aa   0x080034aa   0x0000004e   Code   RO          135    i.wizphy_getphyconf  wizchip_conf_1.o
    0x080034f8   0x080034f8   0x00000012   Code   RO          136    i.wizphy_getphylink  wizchip_conf_1.o
    0x0800350a   0x0800350a   0x00000018   Code   RO          137    i.wizphy_getphypmode  wizchip_conf_1.o
    0x08003522   0x08003522   0x0000002a   Code   RO          139    i.wizphy_reset      wizchip_conf_1.o
    0x0800354c   0x0800354c   0x0000004a   Code   RO          140    i.wizphy_setphyconf  wizchip_conf_1.o
    0x08003596   0x08003596   0x00000050   Code   RO          141    i.wizphy_setphypmode  wizchip_conf_1.o
    0x080035e6   0x080035e6   0x00000008   Data   RO         1904    .constdata          stm32f4xx_hal_dma.o
    0x080035ee   0x080035ee   0x00000010   Data   RO         2987    .constdata          system_stm32f4xx.o
    0x080035fe   0x080035fe   0x00000008   Data   RO         2988    .constdata          system_stm32f4xx.o
    0x08003606   0x08003606   0x00000002   PAD
    0x08003608   0x08003608   0x00000020   Data   RO         3328    Region$$Table       anon$$obj.o


    Execution Region RW_IRAM2 (Exec base: 0x10000000, Load base: 0x08003694, Size: 0x00000000, Max: 0x00010000, ABSOLUTE)

    **** No section assigned to this execution region ****


    Execution Region RW_IRAM1 (Exec base: 0x20000000, Load base: 0x08003628, Size: 0x000010c8, Max: 0x00030000, ABSOLUTE)

    Exec Addr    Load Addr    Size         Type   Attr      Idx    E Section Name        Object

    0x20000000   0x08003628   0x0000000e   Data   RW           23    .data               socket_1.o
    0x2000000e   0x08003636   0x00000002   PAD
    0x20000010   0x08003638   0x00000030   Data   RW          142    .data               wizchip_conf_1.o
    0x20000040   0x08003668   0x00000017   Data   RW          576    .data               main.o
    0x20000057   0x0800367f   0x00000001   PAD
    0x20000058   0x08003680   0x0000000c   Data   RW         2351    .data               stm32f4xx_hal.o
    0x20000064   0x0800368c   0x00000004   Data   RW         2989    .data               system_stm32f4xx.o
    0x20000068   0x08003690   0x00000004   Data   RW         3304    .data               mc_w.l(stdout.o)
    0x2000006c        -       0x00000010   Zero   RW           22    .bss                socket_1.o
    0x2000007c        -       0x00000817   Zero   RW          574    .bss                main.o
    0x20000893   0x08003694   0x00000001   PAD
    0x20000894        -       0x000003f0   Zero   RW          820    .bss                spi.o
    0x20000c84        -       0x00000044   Zero   RW          887    .bss                usart.o
    0x20000cc8        -       0x00000400   Zero   RW            1    STACK               startup_stm32f429xx.o


==============================================================================

Image component sizes


      Code (inc. data)   RO Data    RW Data    ZI Data      Debug   Object Name

       124          4          0          0          0        866   dma.o
       208         14          0          0          0       1103   gpio.o
       388        100          0          0          0       1568   loopback_1.o
       986        384          0         23       2071     728917   main.o
      1170         32          0         14         16      13732   socket_1.o
      1104        126          0          0       1008       5555   spi.o
        36          8        428          0       1024        848   startup_stm32f429xx.o
       180         28          0         12          0      10233   stm32f4xx_hal.o
       198         14          0          0          0      34715   stm32f4xx_hal_cortex.o
       752         16          8          0          0       4560   stm32f4xx_hal_dma.o
       570         52          0          0          0       2528   stm32f4xx_hal_gpio.o
        48          6          0          0          0        878   stm32f4xx_hal_msp.o
      1348         76          0          0          0       5816   stm32f4xx_hal_rcc.o
      1738         12          0          0          0       9234   stm32f4xx_hal_spi.o
       644         10          0          0          0       4616   stm32f4xx_hal_uart.o
        80         30          0          0          0       6724   stm32f4xx_it.o
        16          4         24          4          0       1227   system_stm32f4xx.o
       160         22          0          0         68       1752   usart.o
       756         18          0          0          0       6596   w5500_1.o
      1378         68          0         48          0      23179   wizchip_conf_1.o

    ----------------------------------------------------------------------
     11902       1024        494        104       4188     864647   Object Totals
         0          0         32          0          0          0   (incl. Generated)
        18          0          2          3          1          0   (incl. Padding)

    ----------------------------------------------------------------------

      Code (inc. data)   RO Data    RW Data    ZI Data      Debug   Library Member Name

         0          0          0          0          0          0   entry.o
         0          0          0          0          0          0   entry10a.o
         0          0          0          0          0          0   entry11a.o
         8          4          0          0          0          0   entry2.o
         4          0          0          0          0          0   entry5.o
         0          0          0          0          0          0   entry7b.o
         0          0          0          0          0          0   entry8b.o
         8          4          0          0          0          0   entry9a.o
        30          0          0          0          0          0   handlers.o
        36          8          0          0          0         68   init.o
        30          0          0          0          0         68   llshl.o
        32          0          0          0          0         68   llushr.o
        26          0          0          0          0         80   memcmp.o
        36          0          0          0          0        108   memseta.o
      1154         54          0          0          0        352   printf8.o
         0          0          0          4          0          0   stdout.o
        98          0          0          0          0         92   uldiv.o

    ----------------------------------------------------------------------
      1468         70          0          4          0        836   Library Totals
         6          0          0          0          0          0   (incl. Padding)

    ----------------------------------------------------------------------

      Code (inc. data)   RO Data    RW Data    ZI Data      Debug   Library Name

      1462         70          0          4          0        836   mc_w.l

    ----------------------------------------------------------------------
      1468         70          0          4          0        836   Library Totals

    ----------------------------------------------------------------------

==============================================================================


      Code (inc. data)   RO Data    RW Data    ZI Data      Debug   

     13370       1094        494        108       4188     854523   Grand Totals
     13370       1094        494        108       4188     854523   ELF Image Totals
     13370       1094        494        108          0          0   ROM Totals

==============================================================================

    Total RO  Size (Code + RO Data)                13864 (  13.54kB)
    Total RW  Size (RW Data + ZI Data)              4296 (   4.20kB)
    Total ROM Size (Code + RO Data + RW Data)      13972 (  13.64kB)

==============================================================================

